     0.0000000000000000      9.4749960422635091     0.0000000000000000E+00
     0.0200000000000000    103.8070737877562806    -0.5182818721277682E-06
     0.0400000000000000    198.8586702059205606    -0.2501062937976251E-05
     0.0600000000000000    257.8959782885876848    -0.4331528231760196E-05
     0.0800000000000000    257.8974314173620428    -0.4030693455780998E-05
     0.1000000000000000    198.8946822904280793    -0.3035761396485981E-05
