


                     eT 1.5 - an electronic structure program

  ------------------------------------------------------------------------
   Author list in alphabetical order:
  ------------------------------------------------------------------------
   J. H. Andersen, A. Balbi, S. Coriani, S. D. Folkestad, T. Giovannini, 
   L. Goletto, T. S. Haugland, A. Hutcheson, I-M. Høyvik, E. F. Kjønstad, 
   H. Koch, T. Moitra, R. H. Myhre, A. C. Paul, S. Roet, M. Scavino, 
   A. Skeidsvoll, Å. H. Tveten
  ------------------------------------------------------------------------
   J. Chem. Phys. 152, 184103 (2020); https://doi.org/10.1063/5.0004713


   This is eT 1.5.0 Furia (development)
  ------------------------------------------------------------
  Configuration date: 2021-10-06 10:20:02 UTC +02:00
  Git branch:         hf-cleanup-oao-stuff
  Git hash:           82fed81e1022a04236e45d2edec97a412b5fa7bd
  Fortran compiler:   GNU 10.3.0
  C compiler:         GNU 10.3.0
  C++ compiler:       GNU 10.3.0
  LAPACK type:        SYSTEM_NATIVE
  BLAS type:          SYSTEM_NATIVE
  64-bit integers:    OFF
  OpenMP:             ON
  PCM:                OFF
  Forced batching:    OFF
  Runtime checks:     OFF
  ------------------------------------------------------------

  Calculation started: 2021-10-06 10:30:49 UTC +02:00


  :: Input file
  ================

     Note: geometry section is excluded from this print

     system
        name: H2O He
        charge: 0
     end system

     do
        excited state
     end do

     memory
        available: 8
     end memory

     method
        hf
        ccsd
     end method

     solver cholesky
        threshold: 1.0d-12
     end solver cholesky

     solver scf
        algorithm:          scf-diis
        energy threshold:   1.0d-11
        gradient threshold: 1.0d-11
     end solver scf

     solver cc gs
        omega threshold:  1.0d-11
        energy threshold: 1.0d-11
     end solver cc gs

     solver cc es
        singlet states:     1
        residual threshold: 1.0d-11
        energy threshold:   1.0d-11
        left eigenvectors
     end solver cc es


  Running on 2 OMP threads
  Memory available for calculation: 8.000000 GB


  :: RHF wavefunction
  ======================

     ==============================================================================
                                     Geometry (angstrom)
     ==============================================================================
        Atom           X                  Y                  Z         # in input
     ==============================================================================
        Basis: cc-pvdz
        1  H     0.866810000000     0.601440000000     5.000000000000        1
        2  H    -0.866810000000     0.601440000000     5.000000000000        2
        3  O     0.000000000000    -0.075790000000     5.000000000000        3
        4 He     0.100000000000    -0.020000000000     7.530000000000        4
     ==============================================================================

     ==============================================================================
                                     Geometry (a.u.)
     ==============================================================================
        Atom           X                  Y                  Z         # in input
     ==============================================================================
        Basis: cc-pvdz
        1  H     1.638033502034     1.136556880358     9.448630622825        1
        2  H    -1.638033502034     1.136556880358     9.448630622825        2
        3  O     0.000000000000    -0.143222342981     9.448630622825        3
        4 He     0.188972612457    -0.037794522491    14.229637717975        4
     ==============================================================================

  - Cholesky decomposition of AO overlap to get linearly independent AOs:

     Linear dependence threshold:             0.10E-05
     Number of atomic orbitals:               29
     Number of orthonormal atomic orbitals:   29

  - Molecular orbital details:

     Number of occupied orbitals:         6
     Number of virtual orbitals:         23
     Number of molecular orbitals:       29


  :: Hartree-Fock engine
  =========================

  Drives the calculation of the Hartree-Fock state.

  This is a RHF ground state calculation.
  The following tasks will be performed:

     1) Generate initial SAD density
     2) Calculation of reference state (SCF-DIIS algorithm)


  1) Generate initial SAD density


  2) Calculation of reference state (SCF-DIIS algorithm)

  - SCF solver settings:

     Maximum iterations:                   100
     Acceleration type:                   diis

  - Convergence thresholds

     Residual threshold:            0.1000E-10
     Energy threshold:              0.1000E-10

  - Setting initial AO density to sad

     Energy of initial guess:               -78.492022836321
     Number of electrons in guess:           12.000000000000

  - Screening and integral thresholds:

     Coulomb screening threshold:    0.1000E-16
     Exchange screening threshold:   0.1000E-14
     ERI cutoff:                     0.1000E-16
     One-electron integral  cutoff:  0.1000E-21
     Cumulative Fock threshold:      0.1000E+01

  - DIIS tool settings:

     DIIS dimension:   8

     Storage (solver scf_errors): memory
     Storage (solver scf_parameters): memory

  Iteration       Energy (a.u.)      Max(grad.)    Delta E (a.u.)
  ---------------------------------------------------------------
     1           -78.796606592585     0.9786E-01     0.7880E+02
     2           -78.828675852654     0.7077E-01     0.3207E-01
     3           -78.843487343819     0.6747E-02     0.1481E-01
     4           -78.843814479549     0.2753E-02     0.3271E-03
     5           -78.843850612079     0.3973E-03     0.3613E-04
     6           -78.843851670925     0.5220E-04     0.1059E-05
     7           -78.843851692779     0.6096E-05     0.2185E-07
     8           -78.843851693528     0.2137E-05     0.7488E-09
     9           -78.843851693630     0.3151E-06     0.1027E-09
    10           -78.843851693631     0.2637E-07     0.5258E-12
    11           -78.843851693631     0.5634E-08     0.4263E-13
    12           -78.843851693631     0.1415E-08     0.5684E-13
    13           -78.843851693631     0.6806E-09     0.0000E+00
    14           -78.843851693631     0.1491E-09     0.1421E-13
    15           -78.843851693631     0.2501E-10     0.5684E-13
    16           -78.843851693631     0.5165E-11     0.4263E-13
  ---------------------------------------------------------------
  Convergence criterion met in 16 iterations!

  - Summary of RHF wavefunction energetics (a.u.):

     HOMO-LUMO gap:                  0.645629080245
     Nuclear repulsion energy:      12.116100574587
     Electronic energy:            -90.959952268218
     Total energy:                 -78.843851693631

  - Timings for the RHF ground state calculation

     Total wall time (sec):              0.98900
     Total cpu time (sec):               1.66515


  :: CCSD wavefunction
  =======================

     Bath orbital(s):         False

   - Number of orbitals:

     Occupied orbitals:    6
     Virtual orbitals:     23
     Molecular orbitals:   29
     Atomic orbitals:      29

   - Number of ground state amplitudes:

     Single excitation amplitudes:  138
     Double excitation amplitudes:  9591


  :: Excited state coupled cluster engine
  ==========================================

  Calculates the coupled cluster excitation vectors and excitation energies

  This is a CCSD excited state calculation.
  The following tasks will be performed:

     1) Cholesky decomposition of the electron repulsion integrals
     2) Preparation of MO basis and integrals
     3) Calculation of the ground state (diis algorithm)
     4) Calculation of the excited state (davidson algorithm)


  1) Cholesky decomposition of the electron repulsion integrals

   - Cholesky decomposition of electronic repulsion integrals solver
  ---------------------------------------------------------------------

  Performs a Cholesky decomposition of the two-electron electronic repulsion 
  integrals in the atomic orbital basis,

  (ab|cd) = sum_J L_ab^J L_cd^J.

  Once the Cholesky basis has been determined, the vectors L^J are constructed 
  and stored to disk. These may either be used directly, or be transformed 
  to the MO basis for use in post-HF calculations. For more information, 
  see S. D. Folkestad, E. F. Kjønstad and H. Koch, JCP, 150(19), (2019)

  - Cholesky decomposition settings:

     Target threshold is:   0.10E-11
     Span factor:           0.10E-01
     Max qual:                  1000

  - Cholesky decomposition ao details:

     Total number of AOs:                    29
     Total number of shell pairs:           120
     Total number of AO pairs:              435

     Significant shell pairs:               118
     Significant AO pairs:                  431

     Construct shell pairs:                 120
     Construct AO pairs:                    435

  Iter.  #Sign. ao pairs / shell pairs   Max diagonal    #Qualified    #Cholesky    Cholesky array size
  -------------------------------------------------------------------------------------------------------
     1               406 /     108       0.47383E+01         147             42             17052
     2               319 /      93       0.47165E-01         234            111             35409
     3               250 /      76       0.46944E-03         178            183             45750
     4               187 /      55       0.38270E-05         145            265             49555
     5                87 /      25       0.38106E-07          78            324             28188
     6                21 /       3       0.37202E-09          43            349              7329
     7                 0 /       0       0.36652E-11           7            354                 0
  -------------------------------------------------------------------------------------------------------

  - Summary of Cholesky decomposition of electronic repulsion integrals:

     Final number of Cholesky vectors: 354

 - Testing the Cholesky decomposition decomposition electronic repulsion integrals:

     Maximal difference between approximate and actual diagonal:              0.7161E-12
     Minimal element of difference between approximate and actual diagonal:  -0.1238E-14

  - Settings for integral handling:

     Cholesky vectors in memory: True
     ERI matrix in memory:       False
     T1 ERI matrix in memory:    True

  - Finished decomposing the ERIs.

     Total wall time (sec):              0.43800
     Total cpu time (sec):               0.66137


  2) Preparation of MO basis and integrals


  3) Calculation of the ground state (diis algorithm)

   - DIIS coupled cluster ground state solver
  ----------------------------------------------

  A DIIS CC ground state amplitude equations solver. It uses an extrapolation 
  of previous quasi-Newton perturbation theory estimates of the next amplitudes. 
  See Helgaker et al., Molecular Electronic Structure Theory, Chapter 
  13.

  - CC ground state solver settings:

  - Convergence thresholds

     Residual threshold:            0.1000E-10
     Energy threshold:              0.1000E-10
     Max number of iterations:      100

  - DIIS tool settings:

     DIIS dimension:   8

     Storage (cc_gs_diis_errors): file
     Storage (cc_gs_diis_parameters): file

  Iteration    Energy (a.u.)        |omega|       Delta E (a.u.)
  ---------------------------------------------------------------
    1           -79.084241931608     0.9391E-01     0.7908E+02
    2           -79.092586666607     0.2720E-01     0.8345E-02
    3           -79.099408028306     0.7507E-02     0.6821E-02
    4           -79.100345871309     0.2095E-02     0.9378E-03
    5           -79.100371860301     0.5154E-03     0.2599E-04
    6           -79.100393801016     0.2313E-03     0.2194E-04
    7           -79.100385611260     0.4933E-04     0.8190E-05
    8           -79.100384217524     0.1180E-04     0.1394E-05
    9           -79.100383621794     0.4135E-05     0.5957E-06
   10           -79.100383427012     0.1779E-05     0.1948E-06
   11           -79.100383466393     0.6705E-06     0.3938E-07
   12           -79.100383474630     0.2989E-06     0.8237E-08
   13           -79.100383487352     0.1028E-06     0.1272E-07
   14           -79.100383481865     0.3056E-07     0.5487E-08
   15           -79.100383481092     0.6508E-08     0.7730E-09
   16           -79.100383481303     0.2112E-08     0.2109E-09
   17           -79.100383481484     0.6588E-09     0.1819E-09
   18           -79.100383481546     0.1594E-09     0.6158E-10
   19           -79.100383481554     0.5326E-10     0.7915E-11
   20           -79.100383481555     0.2008E-10     0.1194E-11
   21           -79.100383481556     0.7516E-11     0.6679E-12
  ---------------------------------------------------------------
  Convergence criterion met in 21 iterations!

  - Ground state summary:

     Final ground state energy (a.u.):   -79.100383481556

     Correlation energy (a.u.):           -0.256531787925

     Largest single amplitudes:
     -----------------------------------
        a       i         t(a,i)
     -----------------------------------
        1      5        0.014740597522
       14      4       -0.009546856220
        7      4        0.008284826483
       15      5       -0.006124828873
        4      5        0.005606072698
        6      2        0.005476844297
        2      4        0.005318591702
       13      5        0.005269818337
        5      6        0.004933006903
       11      6       -0.003454309399
     ------------------------------------

     Largest double amplitudes:
     --------------------------------------------------
        a      i       b      j         t(ai,bj)
     --------------------------------------------------
        2      4       2      4       -0.047351708919
        5      6       5      6       -0.046240574404
        9      3       9      3       -0.041367012249
        3      4       3      4       -0.036659067517
        6      5       6      5       -0.034554012170
        1      5       1      5       -0.034177347751
       16      3      16      3       -0.032108235347
       17      3      17      3       -0.032052553603
       18      3      18      3       -0.031351828684
        2      4       3      4       -0.029701270698
     --------------------------------------------------

  - Finished solving the CCSD ground state equations

     Total wall time (sec):              0.49500
     Total cpu time (sec):               0.92758


  4) Calculation of the excited state (davidson algorithm)
     Calculating left vectors

   - Davidson coupled cluster excited state solver
  ---------------------------------------------------

  A Davidson solver that calculates the lowest eigenvalues and the right 
  or left eigenvectors of the Jacobian matrix, A. The eigenvalue problem 
  is solved in a reduced space, the dimension of which is expanded until 
  the convergence criteria are met.

  A complete description of the algorithm can be found in E. R. Davidson, 
  J. Comput. Phys. 17, 87 (1975).

  - Settings for coupled cluster excited state solver (Davidson):

     Calculation type:    valence
     Excitation vectors:  left

  - Convergence thresholds

     Residual threshold:            0.1000E-10
     Energy threshold:              0.1000E-10

     Number of singlet states:               1
     Max number of iterations:             100

   - Davidson tool settings:

     Number of parameters:                 9729
     Number of requested solutions:           1
     Max reduced space dimension:           100

     Storage (cc_es_davidson_trials): file
     Storage (cc_es_davidson_transforms): file

  Iteration:                  1
  Reduced space dimension:    1

   Root  Eigenvalue (Re)   Eigenvalue (Im)    |residual|   Delta E (Re)
  ------------------------------------------------------------------------
     1   0.378034040947    0.000000000000     0.7654E+00   0.3780E+00
  ------------------------------------------------------------------------

  Iteration:                  2
  Reduced space dimension:    2

   Root  Eigenvalue (Re)   Eigenvalue (Im)    |residual|   Delta E (Re)
  ------------------------------------------------------------------------
     1   0.258163108200    0.000000000000     0.1252E+00   0.1199E+00
  ------------------------------------------------------------------------

  Iteration:                  3
  Reduced space dimension:    3

   Root  Eigenvalue (Re)   Eigenvalue (Im)    |residual|   Delta E (Re)
  ------------------------------------------------------------------------
     1   0.249918047822    0.000000000000     0.3571E-01   0.8245E-02
  ------------------------------------------------------------------------

  Iteration:                  4
  Reduced space dimension:    4

   Root  Eigenvalue (Re)   Eigenvalue (Im)    |residual|   Delta E (Re)
  ------------------------------------------------------------------------
     1   0.247299677870    0.000000000000     0.1504E-01   0.2618E-02
  ------------------------------------------------------------------------

  Iteration:                  5
  Reduced space dimension:    5

   Root  Eigenvalue (Re)   Eigenvalue (Im)    |residual|   Delta E (Re)
  ------------------------------------------------------------------------
     1   0.247178044425    0.000000000000     0.2995E-02   0.1216E-03
  ------------------------------------------------------------------------

  Iteration:                  6
  Reduced space dimension:    6

   Root  Eigenvalue (Re)   Eigenvalue (Im)    |residual|   Delta E (Re)
  ------------------------------------------------------------------------
     1   0.247193412270    0.000000000000     0.8698E-03   0.1537E-04
  ------------------------------------------------------------------------

  Iteration:                  7
  Reduced space dimension:    7

   Root  Eigenvalue (Re)   Eigenvalue (Im)    |residual|   Delta E (Re)
  ------------------------------------------------------------------------
     1   0.247194140956    0.000000000000     0.3427E-03   0.7287E-06
  ------------------------------------------------------------------------

  Iteration:                  8
  Reduced space dimension:    8

   Root  Eigenvalue (Re)   Eigenvalue (Im)    |residual|   Delta E (Re)
  ------------------------------------------------------------------------
     1   0.247193943147    0.000000000000     0.2965E-03   0.1978E-06
  ------------------------------------------------------------------------

  Iteration:                  9
  Reduced space dimension:    9

   Root  Eigenvalue (Re)   Eigenvalue (Im)    |residual|   Delta E (Re)
  ------------------------------------------------------------------------
     1   0.247194507438    0.000000000000     0.1790E-03   0.5643E-06
  ------------------------------------------------------------------------

  Iteration:                 10
  Reduced space dimension:   10

   Root  Eigenvalue (Re)   Eigenvalue (Im)    |residual|   Delta E (Re)
  ------------------------------------------------------------------------
     1   0.247194681399    0.000000000000     0.5539E-04   0.1740E-06
  ------------------------------------------------------------------------

  Iteration:                 11
  Reduced space dimension:   11

   Root  Eigenvalue (Re)   Eigenvalue (Im)    |residual|   Delta E (Re)
  ------------------------------------------------------------------------
     1   0.247194367579    0.000000000000     0.1934E-04   0.3138E-06
  ------------------------------------------------------------------------

  Iteration:                 12
  Reduced space dimension:   12

   Root  Eigenvalue (Re)   Eigenvalue (Im)    |residual|   Delta E (Re)
  ------------------------------------------------------------------------
     1   0.247194183429    0.000000000000     0.1118E-04   0.1842E-06
  ------------------------------------------------------------------------

  Iteration:                 13
  Reduced space dimension:   13

   Root  Eigenvalue (Re)   Eigenvalue (Im)    |residual|   Delta E (Re)
  ------------------------------------------------------------------------
     1   0.247194232699    0.000000000000     0.1245E-04   0.4927E-07
  ------------------------------------------------------------------------

  Iteration:                 14
  Reduced space dimension:   14

   Root  Eigenvalue (Re)   Eigenvalue (Im)    |residual|   Delta E (Re)
  ------------------------------------------------------------------------
     1   0.247194274222    0.000000000000     0.6007E-05   0.4152E-07
  ------------------------------------------------------------------------

  Iteration:                 15
  Reduced space dimension:   15

   Root  Eigenvalue (Re)   Eigenvalue (Im)    |residual|   Delta E (Re)
  ------------------------------------------------------------------------
     1   0.247194254570    0.000000000000     0.1851E-05   0.1965E-07
  ------------------------------------------------------------------------

  Iteration:                 16
  Reduced space dimension:   16

   Root  Eigenvalue (Re)   Eigenvalue (Im)    |residual|   Delta E (Re)
  ------------------------------------------------------------------------
     1   0.247194253835    0.000000000000     0.3983E-06   0.7345E-09
  ------------------------------------------------------------------------

  Iteration:                 17
  Reduced space dimension:   17

   Root  Eigenvalue (Re)   Eigenvalue (Im)    |residual|   Delta E (Re)
  ------------------------------------------------------------------------
     1   0.247194256137    0.000000000000     0.1274E-06   0.2302E-08
  ------------------------------------------------------------------------

  Iteration:                 18
  Reduced space dimension:   18

   Root  Eigenvalue (Re)   Eigenvalue (Im)    |residual|   Delta E (Re)
  ------------------------------------------------------------------------
     1   0.247194256045    0.000000000000     0.5205E-07   0.9274E-10
  ------------------------------------------------------------------------

  Iteration:                 19
  Reduced space dimension:   19

   Root  Eigenvalue (Re)   Eigenvalue (Im)    |residual|   Delta E (Re)
  ------------------------------------------------------------------------
     1   0.247194255734    0.000000000000     0.1980E-07   0.3107E-09
  ------------------------------------------------------------------------

  Iteration:                 20
  Reduced space dimension:   20

   Root  Eigenvalue (Re)   Eigenvalue (Im)    |residual|   Delta E (Re)
  ------------------------------------------------------------------------
     1   0.247194255598    0.000000000000     0.6522E-08   0.1363E-09
  ------------------------------------------------------------------------

  Iteration:                 21
  Reduced space dimension:   21

   Root  Eigenvalue (Re)   Eigenvalue (Im)    |residual|   Delta E (Re)
  ------------------------------------------------------------------------
     1   0.247194255547    0.000000000000     0.2902E-08   0.5081E-10
  ------------------------------------------------------------------------

  Iteration:                 22
  Reduced space dimension:   22

   Root  Eigenvalue (Re)   Eigenvalue (Im)    |residual|   Delta E (Re)
  ------------------------------------------------------------------------
     1   0.247194255555    0.000000000000     0.1168E-08   0.8007E-11
  ------------------------------------------------------------------------

  Iteration:                 23
  Reduced space dimension:   23

   Root  Eigenvalue (Re)   Eigenvalue (Im)    |residual|   Delta E (Re)
  ------------------------------------------------------------------------
     1   0.247194255571    0.000000000000     0.4075E-09   0.1651E-10
  ------------------------------------------------------------------------

  Iteration:                 24
  Reduced space dimension:   24

   Root  Eigenvalue (Re)   Eigenvalue (Im)    |residual|   Delta E (Re)
  ------------------------------------------------------------------------
     1   0.247194255573    0.000000000000     0.1444E-09   0.2023E-11
  ------------------------------------------------------------------------

  Iteration:                 25
  Reduced space dimension:   25

   Root  Eigenvalue (Re)   Eigenvalue (Im)    |residual|   Delta E (Re)
  ------------------------------------------------------------------------
     1   0.247194255573    0.000000000000     0.9054E-10   0.7524E-12
  ------------------------------------------------------------------------

  Iteration:                 26
  Reduced space dimension:   26

   Root  Eigenvalue (Re)   Eigenvalue (Im)    |residual|   Delta E (Re)
  ------------------------------------------------------------------------
     1   0.247194255572    0.000000000000     0.3746E-10   0.4172E-12
  ------------------------------------------------------------------------

  Iteration:                 27
  Reduced space dimension:   27

   Root  Eigenvalue (Re)   Eigenvalue (Im)    |residual|   Delta E (Re)
  ------------------------------------------------------------------------
     1   0.247194255572    0.000000000000     0.9080E-11   0.9104E-14
  ------------------------------------------------------------------------
  Convergence criterion met in 27 iterations!

  - Excitation vector amplitudes:

     Electronic state nr. 1

     Energy (Hartree):                  0.247194255572
     Fraction singles (|L1|/|L|):       0.942536368057

     Largest single amplitudes:
     -----------------------------------
        a       i         L(a,i)
     -----------------------------------
        1      6        0.934321066335
        4      6        0.114002382604
        6      6       -0.032814400825
       13      6       -0.027947643734
        1      3       -0.010930020791
        1      5        0.007879253292
       22      6        0.007408446952
       10      6        0.006944886702
       19      5       -0.006882560536
        9      6       -0.006676723237
     ------------------------------------

     Largest double amplitudes:
     --------------------------------------------------
        a      i       b      j         L(ai,bj)
     --------------------------------------------------
        2      4       1      6       -0.171079645373
        6      5       1      6        0.100212340583
        3      4       1      6       -0.099658455491
        1      5       1      6       -0.089486547887
        4      5       1      6       -0.079266906022
        1      6       5      6       -0.071510175860
        7      4       1      6        0.068318341917
        1      2       1      6       -0.065029437021
        4      4       2      6       -0.055727685952
        3      5       2      6       -0.042559408816
     --------------------------------------------------

     - Electronic excitation energies:

                                      Excitation energy
                          ------------------------------------------
      State                (Hartree)             (eV)
     ---------------------------------------------------------------
        1                  0.247194255572        6.726498310303
     ---------------------------------------------------------------
     eV/Hartree (CODATA 2014): 27.21138602

  - Finished solving the CCSD excited state equations (left)

     Total wall time (sec):              0.74100
     Total cpu time (sec):               0.81788

  - Timings for the CCSD excited state calculation

     Total wall time (sec):              1.67600
     Total cpu time (sec):               2.40831

  ------------------------------------------------------------

  Peak memory usage during the execution of eT: 16.323960 MB

  Total wall time in eT (sec):              2.73000
  Total cpu time in eT (sec):               4.13524

  Calculation ended: 2021-10-06 10:30:52 UTC +02:00

  - Implementation references:

     eT: https://doi.org/10.1063/5.0004713
     Cholesky decomposition of ERIs: https://doi.org/10.1063/1.5083802

  eT terminated successfully!
