


                     eT 1.2 - an electronic structure program

  ------------------------------------------------------------------------
   Author list in alphabetical order:
  ------------------------------------------------------------------------
   J. H. Andersen, A. Balbi, S. Coriani, S. D. Folkestad, T. Giovannini, 
   L. Goletto, T. S. Haugland, A. Hutcheson, I-M. Høyvik, E. F. Kjønstad, 
   H. Koch, T. Moitra, R. H. Myhre, A. C. Paul, S. Roet, M. Scavino, 
   A. Skeidsvoll, Å. H. Tveten
  ------------------------------------------------------------------------
   J. Chem. Phys. 152, 184103 (2020); https://doi.org/10.1063/5.0004713


   This is eT version 1.2.0, Cobra
  ------------------------------------------------------------
  Configuration date: 2021-03-09 17:21:42 UTC +01:00
  Git branch:         generate-cobra-tests
  Git hash:           a115412814e137465efa1a29d7583531bd02b6a8
  Fortran compiler:   GNU 8.4.0
  C compiler:         GNU 8.4.0
  C++ compiler:       GNU 8.4.0
  LAPACK type:        MKL
  BLAS type:          MKL
  64-bit integers:    ON
  OpenMP:             ON
  PCM:                ON
  Forced batching:    OFF
  Runtime checks:     OFF
  ------------------------------------------------------------

  Calculation started: 2021-03-09 17:28:37 UTC +01:00


  :: Input file
  ================

     Note: geometry section is excluded from this print

     system
        name: H2O He
        charge: 0
     end system

     do
        response
     end do

     memory
        available: 8
     end memory

     method
        hf
        cc3
     end method

     cc response
        eom
        dipole length
        transition moments
     end cc response

     solver cholesky
        threshold: 1.0d-12
     end solver cholesky

     solver scf
        algorithm:          scf-diis
        energy threshold:   1.0d-11
        gradient threshold: 1.0d-11
     end solver scf

     solver cc gs
        omega threshold:  1.0d-11
        energy threshold: 1.0d-11
     end solver cc gs

     solver cc multipliers
        threshold: 1.0d-11
        algorithm: diis
     end solver cc multipliers

     solver cc es
        core excitation:    {1}
        algorithm:          diis
        singlet states:     1
        residual threshold: 1.0d-11
        energy threshold:   1.0d-11
     end solver cc es


  Running on 2 OMP threads
  Memory available for calculation: 8.000000 GB


  :: RHF wavefunction
  ======================

     ==============================================================================
                                     Geometry (angstrom)
     ==============================================================================
        Atom           X                  Y                  Z         # in input
     ==============================================================================
        Basis: cc-pvdz
        1  H     0.866810000000     0.601440000000     5.000000000000        1
        2  H    -0.866810000000     0.601440000000     5.000000000000        2
        3  O     0.000000000000    -0.075790000000     5.000000000000        3
        4 He     0.100000000000    -0.020000000000     7.530000000000        4
     ==============================================================================

     ==============================================================================
                                     Geometry (a.u.)
     ==============================================================================
        Atom           X                  Y                  Z         # in input
     ==============================================================================
        Basis: cc-pvdz
        1  H     1.638033502034     1.136556880358     9.448630622825        1
        2  H    -1.638033502034     1.136556880358     9.448630622825        2
        3  O     0.000000000000    -0.143222342981     9.448630622825        3
        4 He     0.188972612457    -0.037794522491    14.229637717975        4
     ==============================================================================

  - Cholesky decomposition of AO overlap to get linearly independent AOs:

     Linear dependence threshold:             0.10E-05
     Number of atomic orbitals:               29
     Number of orthonormal atomic orbitals:   29

  - Molecular orbital details:

     Number of occupied orbitals:         6
     Number of virtual orbitals:         23
     Number of molecular orbitals:       29


  :: Hartree-Fock engine
  =========================

  Drives the calculation of the Hartree-Fock state.

  This is a RHF ground state calculation.
  The following tasks will be performed:

     1) Generate initial SAD density
     2) Calculation of reference state (SCF-DIIS algorithm)


  1) Generate initial SAD density


  2) Calculation of reference state (SCF-DIIS algorithm)

  - SCF solver settings:

     Maximum iterations:                   100
     Acceleration type:                   diis

     Residual threshold:            0.1000E-10
     Energy threshold:              0.1000E-10

  - Setting initial AO density to sad

     Energy of initial guess:               -78.492022836321
     Number of electrons in guess:           12.000000000000

  - Screening and integral thresholds:

     Coulomb screening threshold:   0.1000E-16
     Exchange screening threshold:  0.1000E-14
     Integral cutoff:               0.1000E-16
     Cumulative Fock threshold:     0.1000E+01

  - DIIS tool settings:

     DIIS dimension:   8

     Storage (solver scf_e): memory
     Storage (solver scf_x): memory

  Iteration       Energy (a.u.)      Max(grad.)    Delta E (a.u.)
  ---------------------------------------------------------------
     1           -78.796606592593     0.9053E-01     0.7880E+02
     2           -78.828675852657     0.7128E-01     0.3207E-01
     3           -78.843428154462     0.8290E-02     0.1475E-01
     4           -78.843809541675     0.2414E-02     0.3814E-03
     5           -78.843850846799     0.3301E-03     0.4131E-04
     6           -78.843851669326     0.5527E-04     0.8225E-06
     7           -78.843851692851     0.5865E-05     0.2353E-07
     8           -78.843851693557     0.2356E-05     0.7054E-09
     9           -78.843851693630     0.2071E-06     0.7373E-10
    10           -78.843851693631     0.1594E-07     0.4547E-12
    11           -78.843851693631     0.3322E-08     0.1421E-13
    12           -78.843851693631     0.1197E-08     0.1421E-13
    13           -78.843851693631     0.4264E-09     0.7105E-13
    14           -78.843851693631     0.1280E-09     0.4263E-13
    15           -78.843851693631     0.1479E-10     0.2842E-13
    16           -78.843851693631     0.2906E-11     0.4263E-13
  ---------------------------------------------------------------
  Convergence criterion met in 16 iterations!

  - Summary of RHF wavefunction energetics (a.u.):

     HOMO-LUMO gap:                  0.645629080248
     Nuclear repulsion energy:      12.116100574587
     Electronic energy:            -90.959952268218
     Total energy:                 -78.843851693631

  - Timings for the RHF ground state calculation

     Total wall time (sec):              0.53260
     Total cpu time (sec):               1.01418


  :: CC3 wavefunction
  ======================

     Bath orbital(s):         False
     Core-valence separation: False

   - Number of orbitals:

     Occupied orbitals:    6
     Virtual orbitals:     23
     Molecular orbitals:   29
     Atomic orbitals:      29

   - Number of ground state amplitudes:

     Single excitation amplitudes:  138
     Double excitation amplitudes:  9591


  :: Coupled cluster response engine
  =====================================

  Calculates dipole transition moments and oscillator strengths between 

  the ground state and the excited states.

  This is a CC3 response calculation.
  The following tasks will be performed:

     1) Cholesky decomposition of the electron repulsion integrals
     2) Preparation of MO basis and integrals
     3) Calculation of the ground state (diis algorithm)
     4) Calculation of the multipliers (diis algorithm)
     5) Calculation of the excited state (diis algorithm)
     6) Calculation of the transition moments (EOM)


  1) Cholesky decomposition of the electron repulsion integrals

   - Cholesky decomposition of electronic repulsion integrals solver
  ---------------------------------------------------------------------

  Performs a Cholesky decomposition of the two-electron electronic repulsion 
  integrals in the atomic orbital basis,

  (ab|cd) = sum_J L_ab^J L_cd^J.

  Once the Cholesky basis has been determined, the vectors L^J are constructed 
  and stored to disk. These may either be used directly, or be transformed 
  to the MO basis for use in post-HF calculations. For more information, 
  see S. D. Folkestad, E. F. Kjønstad and H. Koch, JCP, 150(19), (2019)

  - Cholesky decomposition settings:

     Target threshold is:   0.10E-11
     Span factor:           0.10E-01
     Max qual:                  1000

  - Cholesky decomposition ao details:

     Total number of AOs:                    29
     Total number of shell pairs:           120
     Total number of AO pairs:              435

     Significant shell pairs:               118
     Significant AO pairs:                  431

     Construct shell pairs:                 120
     Construct AO pairs:                    435

  Iter.  #Sign. ao pairs / shell pairs   Max diagonal    #Qualified    #Cholesky    Cholesky array size
  -------------------------------------------------------------------------------------------------------
     1               406 /     108       0.47383E+01         147             42             17052
     2               319 /      93       0.47165E-01         234            111             35409
     3               250 /      76       0.46944E-03         178            183             45750
     4               187 /      55       0.38270E-05         145            265             49555
     5                87 /      25       0.38106E-07          78            324             28188
     6                21 /       3       0.37202E-09          43            349              7329
     7                 0 /       0       0.36652E-11           7            354                 0
  -------------------------------------------------------------------------------------------------------

  - Summary of Cholesky decomposition of electronic repulsion integrals:

     Final number of Cholesky vectors: 354

 - Testing the Cholesky decomposition decomposition electronic repulsion integrals:

     Maximal difference between approximate and actual diagonal:              0.7161E-12
     Minimal element of difference between approximate and actual diagonal:  -0.1238E-14

  - Settings for integral handling:

     Cholesky vectors in memory: True
     ERI matrix in memory:       False
     T1 ERI matrix in memory:    True

  - Finished decomposing the ERIs.

     Total wall time (sec):              0.21324
     Total cpu time (sec):               0.42924


  2) Preparation of MO basis and integrals


  3) Calculation of the ground state (diis algorithm)

   - DIIS coupled cluster ground state solver
  ----------------------------------------------

  A DIIS CC ground state amplitude equations solver. It uses an extrapolation 
  of previous quasi-Newton perturbation theory estimates of the next amplitudes. 
  See Helgaker et al., Molecular Electronic Structure Theory, Chapter 
  13.

  - CC ground state solver settings:

     Residual threshold:            0.1000E-10
     Energy threshold:              0.1000E-10
     Max number of iterations:      100

  - DIIS tool settings:

     DIIS dimension:   8

     Storage (cc_gs_diis_e): file
     Storage (cc_gs_diis_x): file

  Iteration    Energy (a.u.)        |omega|       Delta E (a.u.)
  ---------------------------------------------------------------
    1           -79.084241931608     0.9358E-01     0.7908E+02
    2           -79.096425668901     0.2799E-01     0.1218E-01
    3           -79.103829958624     0.6335E-02     0.7404E-02
    4           -79.104336097470     0.1982E-02     0.5061E-03
    5           -79.104390774596     0.5221E-03     0.5468E-04
    6           -79.104398749304     0.1995E-03     0.7975E-05
    7           -79.104389483792     0.4719E-04     0.9266E-05
    8           -79.104389091837     0.1106E-04     0.3920E-06
    9           -79.104388634767     0.4082E-05     0.4571E-06
   10           -79.104388457645     0.1665E-05     0.1771E-06
   11           -79.104388531274     0.6368E-06     0.7363E-07
   12           -79.104388534799     0.2615E-06     0.3526E-08
   13           -79.104388539782     0.9950E-07     0.4982E-08
   14           -79.104388532667     0.3238E-07     0.7114E-08
   15           -79.104388532456     0.8372E-08     0.2118E-09
   16           -79.104388532883     0.2052E-08     0.4269E-09
   17           -79.104388532982     0.6454E-09     0.9983E-10
   18           -79.104388533025     0.1406E-09     0.4209E-10
   19           -79.104388533030     0.4351E-10     0.5272E-11
   20           -79.104388533032     0.1632E-10     0.1918E-11
   21           -79.104388533033     0.5183E-11     0.8100E-12
  ---------------------------------------------------------------
  Convergence criterion met in 21 iterations!

  - Ground state summary:

     Final ground state energy (a.u.):   -79.104388533033

     Correlation energy (a.u.):           -0.260536839402

     Largest single amplitudes:
     -----------------------------------
        a       i         t(a,i)
     -----------------------------------
        1      5        0.015274304437
       14      4       -0.008970023658
        7      4        0.007312583244
        4      5        0.006872684672
        2      4        0.006012921701
       15      5       -0.005704150040
        6      2        0.005025576014
       13      5        0.004933889030
        5      6        0.004366074638
        3      4        0.004126391912
     ------------------------------------

     Largest double amplitudes:
     --------------------------------------------------
        a      i       b      j         t(ai,bj)
     --------------------------------------------------
        2      4       2      4       -0.049931914504
        5      6       5      6       -0.046567925291
        9      3       9      3       -0.041349512984
        3      4       3      4       -0.037778342512
        1      5       1      5       -0.037299297231
        6      5       6      5       -0.034903296771
       16      3      16      3       -0.032107572471
       17      3      17      3       -0.032051843284
        2      4       1      5       -0.031565942819
       18      3      18      3       -0.031349888894
     --------------------------------------------------

  - Finished solving the CC3 ground state equations

     Total wall time (sec):              0.54863
     Total cpu time (sec):               1.09661


  4) Calculation of the multipliers (diis algorithm)

   - DIIS coupled cluster multipliers solver
  ---------------------------------------------

  A DIIS CC multiplier equations solver. It combines a quasi-Newton perturbation 
  theory estimate of the next multipliers, using least square fitting 
  to find an an optimal combination of previous estimates such that the 
  update is minimized.

  See Helgaker et al., Molecular Electronic Structure Theory, Chapter 
  13, for the more details on this algorithm.

  - DIIS CC multipliers solver settings:

     Residual threshold:        0.10E-10
     Max number of iterations:       100

  - DIIS tool settings:

     DIIS dimension:   8

     Storage (cc_multipliers_diis_e): file
     Storage (cc_multipliers_diis_x): file

  Iteration    Norm residual
  ----------------------------
    1          0.1019E+01
    2          0.1293E+00
    3          0.3595E-01
    4          0.8673E-02
    5          0.2246E-02
    6          0.6018E-03
    7          0.2366E-03
    8          0.5671E-04
    9          0.1570E-04
   10          0.5877E-05
   11          0.2035E-05
   12          0.6964E-06
   13          0.3218E-06
   14          0.1228E-06
   15          0.3660E-07
   16          0.1054E-07
   17          0.3012E-08
   18          0.8636E-09
   19          0.2392E-09
   20          0.1006E-09
   21          0.3203E-10
   22          0.9796E-11
  ----------------------------
  Convergence criterion met in 22 iterations!

  - DIIS CC multipliers solver summary:

     Largest single amplitudes:
     -----------------------------------
        a       i         tbar(a,i)
     -----------------------------------
        1      5        0.026185123744
       14      4       -0.016432585609
        7      4        0.014152221527
        4      5        0.012510205870
       15      5       -0.010407401354
        6      2        0.008994661704
       13      5        0.008871947995
        2      4        0.008662299009
        3      4        0.006899274652
       13      2        0.006582317994
     ------------------------------------

     Largest double amplitudes:
     --------------------------------------------------
        a      i       b      j         tbar(ai,bj)
     --------------------------------------------------
        2      4       2      4       -0.097030433486
        5      6       5      6       -0.093198593187
        6      5       5      6        0.090737482994
        2      4       5      6       -0.086644768244
        2      4       1      5       -0.083270501294
        9      3       9      3       -0.082133061366
        2      4       6      5        0.080047684863
        3      4       3      4       -0.073177834460
        7      4       5      6        0.072219485926
        1      5       1      5       -0.071730388538
     --------------------------------------------------

  - Finished solving the cc3 multipliers equations

     Total wall time (sec):              0.82139
     Total cpu time (sec):               1.64137


  5) Calculation of the excited state (diis algorithm)
     Calculating right vectors

   - DIIS coupled cluster excited state solver
  -----------------------------------------------

  A DIIS solver that solves for the lowest eigenvalues and  the right 
  eigenvectors of the Jacobian matrix, A. The eigenvalue  problem is solved 
  by DIIS extrapolation of residuals for each  eigenvector until the convergence 
  criteria are met.

  More on the DIIS algorithm can be found in P. Pulay, Chemical Physics 
  Letters, 73(2), 393-398 (1980).

  - Settings for coupled cluster excited state solver (DIIS):

     Calculation type:    core
     Excitation vectors:  right

     Residual threshold:            0.1000E-10
     Energy threshold:              0.1000E-10

     Number of singlet states:               1
     Max number of iterations:             100

  - DIIS tool settings:

     DIIS dimension:  20

     Storage (diis_cc_es_001_e): file
     Storage (diis_cc_es_001_x): file

  Iteration:                  1

   Root     Eigenvalue (Re)     Residual norm
  -----------------------------------------------
     1     20.324668869394       0.9339E+00
  -----------------------------------------------

  Iteration:                  2

   Root     Eigenvalue (Re)     Residual norm
  -----------------------------------------------
     1     19.750399110734       0.2808E+00
  -----------------------------------------------

  Iteration:                  3

   Root     Eigenvalue (Re)     Residual norm
  -----------------------------------------------
     1     19.686816413839       0.9693E-01
  -----------------------------------------------

  Iteration:                  4

   Root     Eigenvalue (Re)     Residual norm
  -----------------------------------------------
     1     19.694851551007       0.4302E-01
  -----------------------------------------------

  Iteration:                  5

   Root     Eigenvalue (Re)     Residual norm
  -----------------------------------------------
     1     19.694087462899       0.2270E-01
  -----------------------------------------------

  Iteration:                  6

   Root     Eigenvalue (Re)     Residual norm
  -----------------------------------------------
     1     19.694752437186       0.8956E-02
  -----------------------------------------------

  Iteration:                  7

   Root     Eigenvalue (Re)     Residual norm
  -----------------------------------------------
     1     19.695851649149       0.3980E-02
  -----------------------------------------------

  Iteration:                  8

   Root     Eigenvalue (Re)     Residual norm
  -----------------------------------------------
     1     19.695897485791       0.1949E-02
  -----------------------------------------------

  Iteration:                  9

   Root     Eigenvalue (Re)     Residual norm
  -----------------------------------------------
     1     19.695812025560       0.4716E-03
  -----------------------------------------------

  Iteration:                 10

   Root     Eigenvalue (Re)     Residual norm
  -----------------------------------------------
     1     19.695818024341       0.1512E-03
  -----------------------------------------------

  Iteration:                 11

   Root     Eigenvalue (Re)     Residual norm
  -----------------------------------------------
     1     19.695820657186       0.6181E-04
  -----------------------------------------------

  Iteration:                 12

   Root     Eigenvalue (Re)     Residual norm
  -----------------------------------------------
     1     19.695814814465       0.3160E-04
  -----------------------------------------------

  Iteration:                 13

   Root     Eigenvalue (Re)     Residual norm
  -----------------------------------------------
     1     19.695814368744       0.2442E-04
  -----------------------------------------------

  Iteration:                 14

   Root     Eigenvalue (Re)     Residual norm
  -----------------------------------------------
     1     19.695814524259       0.2218E-04
  -----------------------------------------------

  Iteration:                 15

   Root     Eigenvalue (Re)     Residual norm
  -----------------------------------------------
     1     19.695813798861       0.1758E-04
  -----------------------------------------------

  Iteration:                 16

   Root     Eigenvalue (Re)     Residual norm
  -----------------------------------------------
     1     19.695814440591       0.9292E-05
  -----------------------------------------------

  Iteration:                 17

   Root     Eigenvalue (Re)     Residual norm
  -----------------------------------------------
     1     19.695814675622       0.3335E-05
  -----------------------------------------------

  Iteration:                 18

   Root     Eigenvalue (Re)     Residual norm
  -----------------------------------------------
     1     19.695814585993       0.1124E-05
  -----------------------------------------------

  Iteration:                 19

   Root     Eigenvalue (Re)     Residual norm
  -----------------------------------------------
     1     19.695814494346       0.3855E-06
  -----------------------------------------------

  Iteration:                 20

   Root     Eigenvalue (Re)     Residual norm
  -----------------------------------------------
     1     19.695814452783       0.1193E-06
  -----------------------------------------------

  Iteration:                 21

   Root     Eigenvalue (Re)     Residual norm
  -----------------------------------------------
     1     19.695814452644       0.5556E-07
  -----------------------------------------------

  Iteration:                 22

   Root     Eigenvalue (Re)     Residual norm
  -----------------------------------------------
     1     19.695814453796       0.2882E-07
  -----------------------------------------------

  Iteration:                 23

   Root     Eigenvalue (Re)     Residual norm
  -----------------------------------------------
     1     19.695814452988       0.7501E-08
  -----------------------------------------------

  Iteration:                 24

   Root     Eigenvalue (Re)     Residual norm
  -----------------------------------------------
     1     19.695814453353       0.2016E-08
  -----------------------------------------------

  Iteration:                 25

   Root     Eigenvalue (Re)     Residual norm
  -----------------------------------------------
     1     19.695814453437       0.4616E-09
  -----------------------------------------------

  Iteration:                 26

   Root     Eigenvalue (Re)     Residual norm
  -----------------------------------------------
     1     19.695814453428       0.1814E-09
  -----------------------------------------------

  Iteration:                 27

   Root     Eigenvalue (Re)     Residual norm
  -----------------------------------------------
     1     19.695814453424       0.6420E-10
  -----------------------------------------------

  Iteration:                 28

   Root     Eigenvalue (Re)     Residual norm
  -----------------------------------------------
     1     19.695814453424       0.2216E-10
  -----------------------------------------------

  Iteration:                 29

   Root     Eigenvalue (Re)     Residual norm
  -----------------------------------------------
     1     19.695814453423       0.5267E-11
  -----------------------------------------------
  Convergence criterion met in 29 iterations!

  - Resorting roots according to excitation energy.

  - Stored converged states to file.

  - Excitation vector amplitudes:

     Electronic state nr. 1

     Energy (Hartree):                 19.695814453423
     Fraction singles (|R1|/|R|):       0.897028894971

     Largest single amplitudes:
     -----------------------------------
        a       i         R(a,i)
     -----------------------------------
        1      1        0.877524880945
        4      1        0.163615316626
        6      1       -0.070294513140
       13      1       -0.042616691327
       15      1        0.028545597874
        9      1       -0.010920119620
       10      1        0.008789970919
       11      1       -0.006652431709
       22      1        0.003588047853
        8      1       -0.003418115403
     ------------------------------------

     Largest double amplitudes:
     --------------------------------------------------
        a      i       b      j         R(ai,bj)
     --------------------------------------------------
        1      1       2      4       -0.188307761002
        1      1       5      6       -0.171833630913
        1      1       1      5       -0.151788153381
        1      1       6      5        0.149167394368
        1      1       7      4        0.122673692613
        1      1       1      2       -0.107258664656
        1      1       3      4       -0.102703044118
        1      1       4      5       -0.091578681420
        1      1      13      2        0.069695813098
        2      1       1      4       -0.063050428503
     --------------------------------------------------

     - Electronic excitation energies:

                                      Excitation energy
                          ------------------------------------------
      State                (Hartree)             (eV)
     ---------------------------------------------------------------
        1                 19.695814453423      535.950410070393
     ---------------------------------------------------------------
     eV/Hartree (CODATA 2014): 27.21138602

  - Finished solving the CC3 excited state equations (right)

     Total wall time (sec):              0.58748
     Total cpu time (sec):               1.17547


  5) Calculation of the excited state (diis algorithm)
     Calculating left vectors

   - DIIS coupled cluster excited state solver
  -----------------------------------------------

  A DIIS solver that solves for the lowest eigenvalues and  the right 
  eigenvectors of the Jacobian matrix, A. The eigenvalue  problem is solved 
  by DIIS extrapolation of residuals for each  eigenvector until the convergence 
  criteria are met.

  More on the DIIS algorithm can be found in P. Pulay, Chemical Physics 
  Letters, 73(2), 393-398 (1980).

  - Settings for coupled cluster excited state solver (DIIS):

     Calculation type:    core
     Excitation vectors:  left

     Residual threshold:            0.1000E-10
     Energy threshold:              0.1000E-10

     Number of singlet states:               1
     Max number of iterations:             100

  - DIIS tool settings:

     DIIS dimension:  20

     Storage (diis_cc_es_001_e): file
     Storage (diis_cc_es_001_x): file
     Restarting left vector 1 from file r_001.

  Iteration:                  1

   Root     Eigenvalue (Re)     Residual norm
  -----------------------------------------------
     1     19.665824613248       0.1459E+00
  -----------------------------------------------

  Iteration:                  2

   Root     Eigenvalue (Re)     Residual norm
  -----------------------------------------------
     1     19.707651869764       0.5941E-01
  -----------------------------------------------

  Iteration:                  3

   Root     Eigenvalue (Re)     Residual norm
  -----------------------------------------------
     1     19.692352360943       0.1461E-01
  -----------------------------------------------

  Iteration:                  4

   Root     Eigenvalue (Re)     Residual norm
  -----------------------------------------------
     1     19.695546293803       0.5019E-02
  -----------------------------------------------

  Iteration:                  5

   Root     Eigenvalue (Re)     Residual norm
  -----------------------------------------------
     1     19.695523189684       0.2357E-02
  -----------------------------------------------

  Iteration:                  6

   Root     Eigenvalue (Re)     Residual norm
  -----------------------------------------------
     1     19.695689411181       0.8258E-03
  -----------------------------------------------

  Iteration:                  7

   Root     Eigenvalue (Re)     Residual norm
  -----------------------------------------------
     1     19.695813209811       0.3873E-03
  -----------------------------------------------

  Iteration:                  8

   Root     Eigenvalue (Re)     Residual norm
  -----------------------------------------------
     1     19.695803502436       0.1593E-03
  -----------------------------------------------

  Iteration:                  9

   Root     Eigenvalue (Re)     Residual norm
  -----------------------------------------------
     1     19.695815054045       0.6686E-04
  -----------------------------------------------

  Iteration:                 10

   Root     Eigenvalue (Re)     Residual norm
  -----------------------------------------------
     1     19.695816009198       0.2537E-04
  -----------------------------------------------

  Iteration:                 11

   Root     Eigenvalue (Re)     Residual norm
  -----------------------------------------------
     1     19.695814826019       0.7120E-05
  -----------------------------------------------

  Iteration:                 12

   Root     Eigenvalue (Re)     Residual norm
  -----------------------------------------------
     1     19.695814515573       0.2156E-05
  -----------------------------------------------

  Iteration:                 13

   Root     Eigenvalue (Re)     Residual norm
  -----------------------------------------------
     1     19.695814453955       0.7212E-06
  -----------------------------------------------

  Iteration:                 14

   Root     Eigenvalue (Re)     Residual norm
  -----------------------------------------------
     1     19.695814441144       0.2536E-06
  -----------------------------------------------

  Iteration:                 15

   Root     Eigenvalue (Re)     Residual norm
  -----------------------------------------------
     1     19.695814448412       0.1315E-06
  -----------------------------------------------

  Iteration:                 16

   Root     Eigenvalue (Re)     Residual norm
  -----------------------------------------------
     1     19.695814453307       0.9688E-07
  -----------------------------------------------

  Iteration:                 17

   Root     Eigenvalue (Re)     Residual norm
  -----------------------------------------------
     1     19.695814453505       0.8554E-07
  -----------------------------------------------

  Iteration:                 18

   Root     Eigenvalue (Re)     Residual norm
  -----------------------------------------------
     1     19.695814454595       0.6576E-07
  -----------------------------------------------

  Iteration:                 19

   Root     Eigenvalue (Re)     Residual norm
  -----------------------------------------------
     1     19.695814454883       0.3293E-07
  -----------------------------------------------

  Iteration:                 20

   Root     Eigenvalue (Re)     Residual norm
  -----------------------------------------------
     1     19.695814453666       0.1067E-07
  -----------------------------------------------

  Iteration:                 21

   Root     Eigenvalue (Re)     Residual norm
  -----------------------------------------------
     1     19.695814453395       0.4242E-08
  -----------------------------------------------

  Iteration:                 22

   Root     Eigenvalue (Re)     Residual norm
  -----------------------------------------------
     1     19.695814453356       0.2468E-08
  -----------------------------------------------

  Iteration:                 23

   Root     Eigenvalue (Re)     Residual norm
  -----------------------------------------------
     1     19.695814453407       0.1202E-08
  -----------------------------------------------

  Iteration:                 24

   Root     Eigenvalue (Re)     Residual norm
  -----------------------------------------------
     1     19.695814453424       0.3802E-09
  -----------------------------------------------

  Iteration:                 25

   Root     Eigenvalue (Re)     Residual norm
  -----------------------------------------------
     1     19.695814453422       0.1327E-09
  -----------------------------------------------

  Iteration:                 26

   Root     Eigenvalue (Re)     Residual norm
  -----------------------------------------------
     1     19.695814453424       0.4884E-10
  -----------------------------------------------

  Iteration:                 27

   Root     Eigenvalue (Re)     Residual norm
  -----------------------------------------------
     1     19.695814453424       0.1635E-10
  -----------------------------------------------

  Iteration:                 28

   Root     Eigenvalue (Re)     Residual norm
  -----------------------------------------------
     1     19.695814453423       0.4372E-11
  -----------------------------------------------
  Convergence criterion met in 28 iterations!

  - Resorting roots according to excitation energy.

  - Stored converged states to file.

  - Excitation vector amplitudes:

     Electronic state nr. 1

     Energy (Hartree):                 19.695814453423
     Fraction singles (|L1|/|L|):       0.756337451736

     Largest single amplitudes:
     -----------------------------------
        a       i         L(a,i)
     -----------------------------------
        1      1        0.739825028917
        4      1        0.137081241340
        6      1       -0.060846305613
       13      1       -0.037059239104
       15      1        0.025522302606
        9      1       -0.009351942861
       10      1        0.006761553116
       11      1       -0.005686046197
       22      1        0.003216358981
        8      1       -0.002897706548
     ------------------------------------

     Largest double amplitudes:
     --------------------------------------------------
        a      i       b      j         L(ai,bj)
     --------------------------------------------------
        1      1       2      4       -0.286845280961
        1      1       5      6       -0.277311541159
        1      1       6      5        0.240512922066
        1      1       7      4        0.202624663062
        1      1       3      4       -0.159183268107
        1      1       4      5       -0.135090588864
        1      1       1      5       -0.128800346328
        1      1      13      2        0.112544501895
        1      1      14      4       -0.106644758799
        5      1       1      6        0.104463580442
     --------------------------------------------------

     - Electronic excitation energies:

                                      Excitation energy
                          ------------------------------------------
      State                (Hartree)             (eV)
     ---------------------------------------------------------------
        1                 19.695814453423      535.950410070398
     ---------------------------------------------------------------
     eV/Hartree (CODATA 2014): 27.21138602

  - Finished solving the CC3 excited state equations (left)

     Total wall time (sec):              0.58862
     Total cpu time (sec):               1.17663


  6) Calculation of the transition moments (EOM)

  :: EOM properties calculation

  - Summary of EOM properties calculation:

     State 1:
     ----------
     Calculation type:                             EOM
     Excitation energy [E_h]:          19.695814453423
     Excitation energy [eV]:          535.950410070393
     Hartree-to-eV (CODATA 2014):          27.21138602

                   Transition moments [a.u.]         Transition strength [a.u.]
     --------------------------------------------------------------------------
     Comp. q     < n |q| m >       < m |q| n >        < n |q| m > < m |q| n >
     --------------------------------------------------------------------------
     X          -0.0000508934     -0.0001092484            0.0000000056
     Y           0.0272231727      0.0580857060            0.0015812772
     Z          -0.0004504773     -0.0009627021            0.0000004337
     --------------------------------------------------------------------------
     Oscillator strength:      0.020768795667

  - Timings for the CC3 response calculation

     Total wall time (sec):              2.99690
     Total cpu time (sec):               5.99287

     Peak memory usage during the execution of eT: 17.793008 MB

  Calculation ended: 2021-03-09 17:28:40 UTC +01:00

  eT terminated successfully!
