


                     eT 1.7 - an electronic structure program

  ------------------------------------------------------------------------
   Author list in alphabetical order:
  ------------------------------------------------------------------------
   J. H. Andersen, A. Balbi, S. Coriani, S. D. Folkestad, T. Giovannini, 
   L. Goletto, T. S. Haugland, A. Hutcheson, I-M. Høyvik, E. F. Kjønstad, 
   H. Koch, R. Matveeva, T. Moitra, R. H. Myhre, A. C. Paul, S. Roet, 
   E. RoncaM. Scavino, A. K. Schnack-Petersen, A. S. Skeidsvoll, Å. 
   H. Tveten
  ------------------------------------------------------------------------
   J. Chem. Phys. 152, 184103 (2020); https://doi.org/10.1063/5.0004713


   This is eT 1.7.0 Hydra
  ------------------------------------------------------------
  Configuration date: 2022-04-07 12:33:31 UTC -07:00
  Git branch:         release-v1.7.0
  Git hash:           c5c382d7d23365463896a87c37298e4a37e4c962
  Fortran compiler:   GNU 11.2.0
  C compiler:         GNU 11.2.0
  C++ compiler:       GNU 11.2.0
  LAPACK type:        SYSTEM_NATIVE
  BLAS type:          SYSTEM_NATIVE
  64-bit integers:    OFF
  OpenMP:             ON
  PCM:                OFF
  Forced batching:    OFF
  Runtime checks:     OFF
  ------------------------------------------------------------

  Calculation started: 2022-04-07 12:34:54 UTC -07:00


  :: Input file
  ================

     Note: geometry section is excluded from this print

     system
        name: H2O He
        charge: 0
     end system

     do
        excited state
     end do

     memory
        available: 8
     end memory

     solver cholesky
        threshold: 1.0d-12
     end solver cholesky

     solver scf
        algorithm:          scf-diis
        energy threshold:   1.0d-11
        gradient threshold: 1.0d-11
        restart
     end solver scf

     method
        hf
        lowmem-cc2
     end method

     solver cc gs
        omega threshold:  1.0d-11
        energy threshold: 1.0d-11
        restart
     end solver cc gs

     solver cc es
        algorithm:          diis
        singlet states:     1
        residual threshold: 1.0d-11
        energy threshold:   1.0d-11
        restart
     end solver cc es


  Running on 2 OMP threads
  Memory available for calculation: 8.000000 GB


  :: RHF wavefunction
  ======================

     ==============================================================================
                                     Geometry (angstrom)
     ==============================================================================
        Atom           X                  Y                  Z         # in input
     ==============================================================================
        Basis: cc-pvdz
        1  H     0.866810000000     0.601440000000     5.000000000000        1
        2  H    -0.866810000000     0.601440000000     5.000000000000        2
        3  O     0.000000000000    -0.075790000000     5.000000000000        3
        4 He     0.100000000000    -0.020000000000     7.530000000000        4
     ==============================================================================

     ==============================================================================
                                     Geometry (a.u.)
     ==============================================================================
        Atom           X                  Y                  Z         # in input
     ==============================================================================
        Basis: cc-pvdz
        1  H     1.638033502034     1.136556880358     9.448630622825        1
        2  H    -1.638033502034     1.136556880358     9.448630622825        2
        3  O     0.000000000000    -0.143222342981     9.448630622825        3
        4 He     0.188972612457    -0.037794522491    14.229637717975        4
     ==============================================================================

  - Cholesky decomposition of AO overlap to get linearly independent AOs:

     Linear dependence threshold:             0.10E-05
     Number of atomic orbitals:               29
     Number of orthonormal atomic orbitals:   29

  - Molecular orbital details:

     Number of occupied orbitals:         6
     Number of virtual orbitals:         23
     Number of molecular orbitals:       29


  :: Hartree-Fock engine
  =========================

  Drives the calculation of the Hartree-Fock state.

  This is a RHF ground state calculation.
  The following tasks will be performed:

     1) Calculation of reference state (SCF-DIIS algorithm)


  1) Calculation of reference state (SCF-DIIS algorithm)

  - Requested restart. Reading orbitals from file

  - Screening and integral thresholds:

     Coulomb screening threshold:    0.1000E-16
     Exchange screening threshold:   0.1000E-14
     ERI cutoff:                     0.1000E-16
     One-electron integral  cutoff:  0.1000E-21
     Cumulative Fock threshold:      0.1000E+01

  - SCF solver settings:

     Maximum iterations:                   100
     Acceleration type:                   diis

  - Convergence thresholds

     Residual threshold:            0.1000E-10
     Energy threshold:              0.1000E-10

  - DIIS tool settings:

     DIIS dimension:   8

     Storage (solver scf_errors): memory
     Storage (solver scf_parameters): memory

  Iteration       Energy (a.u.)      Max(grad.)    Delta E (a.u.)
  ---------------------------------------------------------------
     1           -78.843851693631     0.5170E-11     0.7884E+02
  ---------------------------------------------------------------
  Convergence criterion met in 1 iterations!

  - Summary of RHF wavefunction energetics (a.u.):

     HOMO-LUMO gap:                  0.645629080245
     Nuclear repulsion energy:      12.116100574587
     Electronic energy:            -90.959952268218
     Total energy:                 -78.843851693631

  - Timings for the RHF ground state calculation

     Total wall time (sec):              0.00800
     Total cpu time (sec):               0.01436


  :: LOW MEMORY CC2 wavefunction
  =================================

     Bath orbital(s):         False

   - Number of orbitals:

     Occupied orbitals:    6
     Virtual orbitals:     23
     Molecular orbitals:   29
     Atomic orbitals:      29

   - Number of ground state amplitudes:

     Single excitation amplitudes:  138


  Cholesky-decomposing electron repulsion integrals
  =================================================

  Cholesky decomposition of electronic repulsion integrals solver
  ---------------------------------------------------------------

  Performs a Cholesky decomposition of the two-electron electronic repulsion 
  integrals in the atomic orbital basis,

  (ab|cd) = sum_J L_ab^J L_cd^J.

  Once the Cholesky basis has been determined, the vectors L^J are constructed 
  and stored to disk. These may either be used directly, or be transformed 
  to the MO basis for use in post-HF calculations. For more information, 
  see S. D. Folkestad, E. F. Kjønstad and H. Koch, JCP, 150(19), (2019)

  - Cholesky decomposition settings:

     Target threshold is:   0.10E-11
     Span factor:           0.10E-01
     Max qual:                  1000

  - Cholesky decomposition ao details:

     Total number of AOs:                    29
     Total number of shell pairs:           120
     Total number of AO pairs:              435

     Significant shell pairs:               118
     Significant AO pairs:                  431

     Construct shell pairs:                 120
     Construct AO pairs:                    435

  Iter.  #Sign. ao pairs / shell pairs   Max diagonal    #Qualified    #Cholesky    Cholesky array size
  -------------------------------------------------------------------------------------------------------
     1               406 /     108       0.47383E+01         147             42             17052
     2               319 /      93       0.47165E-01         234            111             35409
     3               250 /      76       0.46944E-03         178            183             45750
     4               187 /      55       0.38270E-05         145            265             49555
     5                87 /      25       0.38106E-07          78            324             28188
     6                21 /       3       0.37202E-09          43            349              7329
     7                 0 /       0       0.36652E-11           7            354                 0
  -------------------------------------------------------------------------------------------------------

  - Summary of Cholesky decomposition of electronic repulsion integrals:

     Final number of Cholesky vectors: 354

 - Testing the Cholesky decomposition decomposition electronic repulsion integrals:

     Maximal difference between approximate and actual diagonal:              0.7161E-12
     Minimal element of difference between approximate and actual diagonal:  -0.1238E-14

  - Settings for integral handling:

     Cholesky vectors in memory: True
     ERI matrix in memory:       False

  - Finished decomposing the ERIs.

     Total wall time (sec):              0.29900
     Total cpu time (sec):               0.19999


  Determining CC cluster amplitudes
  =================================

   - DIIS coupled cluster ground state solver
  ----------------------------------------------

  A DIIS CC ground state amplitude equations solver. It uses an extrapolation 
  of previous quasi-Newton perturbation theory estimates of the next amplitudes. 
  See Helgaker et al., Molecular Electronic Structure Theory, Chapter 
  13.

  - CC ground state solver settings:

  - Convergence thresholds

     Residual threshold:            0.1000E-10
     Energy threshold:              0.1000E-10
     Max number of iterations:      100

  Requested restart. Reading in solution from file.

  - DIIS tool settings:

     DIIS dimension:   8

     Storage (cc_gs_diis_errors): file
     Storage (cc_gs_diis_parameters): file

  Iteration    Energy (a.u.)        |omega|       Delta E (a.u.)
  ---------------------------------------------------------------
    1           -79.084241931608     0.3734E-01     0.7908E+02
    2           -79.085431671929     0.7567E-02     0.1190E-02
    3           -79.085759807021     0.9940E-03     0.3281E-03
    4           -79.085768585650     0.1833E-03     0.8779E-05
    5           -79.085769937826     0.3615E-04     0.1352E-05
    6           -79.085769725742     0.6004E-05     0.2121E-06
    7           -79.085769729164     0.2063E-05     0.3422E-08
    8           -79.085769729229     0.3646E-06     0.6526E-10
    9           -79.085769729230     0.3393E-07     0.9095E-12
   10           -79.085769729553     0.4633E-08     0.3225E-09
   11           -79.085769729585     0.9303E-09     0.3266E-10
   12           -79.085769729575     0.2416E-09     0.1073E-10
   13           -79.085769729575     0.4926E-10     0.4547E-12
   14           -79.085769729576     0.6371E-11     0.3979E-12
  ---------------------------------------------------------------
  Convergence criterion met in 14 iterations!

  - Ground state summary:

     Final ground state energy (a.u.):   -79.085769729576

     Correlation energy (a.u.):           -0.241918035945

     Largest single amplitudes:
     -----------------------------------
        a       i         t(a,i)
     -----------------------------------
        1      5        0.015071367764
       14      4       -0.009516336778
        7      4        0.008547796584
       15      5       -0.006232215147
        5      6        0.005875107061
        6      2        0.005220429230
       13      5        0.005212699582
        2      4        0.005071084624
       11      6       -0.003616248565
        4      5        0.003233309229
     ------------------------------------

  - Finished solving the LOW MEMORY CC2 ground state equations

     Total wall time (sec):              0.34200
     Total cpu time (sec):               0.11574


  Determining CC excited state amplitudes
  =======================================

   - DIIS coupled cluster excited state solver
  -----------------------------------------------

  A DIIS solver that solves for the lowest eigenvalues and  the right 
  eigenvectors of the Jacobian matrix, A. The eigenvalue  problem is solved 
  by DIIS extrapolation of residuals for each  eigenvector until the convergence 
  criteria are met.

  More on the DIIS algorithm can be found in P. Pulay, Chemical Physics 
  Letters, 73(2), 393-398 (1980).

  - Settings for coupled cluster excited state solver (DIIS):

     Calculation type:    valence
     Excitation vectors:  right

  - Convergence thresholds

     Residual threshold:            0.1000E-10
     Energy threshold:              0.1000E-10

     Number of singlet states:               1
     Max number of iterations:             100

  - DIIS tool settings:

     DIIS dimension:  20

     Storage (diis_cc_es_001_errors): file
     Storage (diis_cc_es_001_parameters): file
     Restarting right vector 1 from file r_001.

  Iteration:                  1

   Root     Eigenvalue (Re)     Residual norm
  -----------------------------------------------
     1      0.247191164778       0.5380E-01
  -----------------------------------------------

  Iteration:                  2

   Root     Eigenvalue (Re)     Residual norm
  -----------------------------------------------
     1      0.246418027184       0.1716E-01
  -----------------------------------------------

  Iteration:                  3

   Root     Eigenvalue (Re)     Residual norm
  -----------------------------------------------
     1      0.245976716005       0.2236E-02
  -----------------------------------------------

  Iteration:                  4

   Root     Eigenvalue (Re)     Residual norm
  -----------------------------------------------
     1      0.245982244883       0.3865E-03
  -----------------------------------------------

  Iteration:                  5

   Root     Eigenvalue (Re)     Residual norm
  -----------------------------------------------
     1      0.245983601326       0.5288E-04
  -----------------------------------------------

  Iteration:                  6

   Root     Eigenvalue (Re)     Residual norm
  -----------------------------------------------
     1      0.245983418519       0.1465E-04
  -----------------------------------------------

  Iteration:                  7

   Root     Eigenvalue (Re)     Residual norm
  -----------------------------------------------
     1      0.245983456101       0.7997E-05
  -----------------------------------------------

  Iteration:                  8

   Root     Eigenvalue (Re)     Residual norm
  -----------------------------------------------
     1      0.245983441853       0.3047E-05
  -----------------------------------------------

  Iteration:                  9

   Root     Eigenvalue (Re)     Residual norm
  -----------------------------------------------
     1      0.245983439642       0.2006E-05
  -----------------------------------------------

  Iteration:                 10

   Root     Eigenvalue (Re)     Residual norm
  -----------------------------------------------
     1      0.245983444282       0.8254E-06
  -----------------------------------------------

  Iteration:                 11

   Root     Eigenvalue (Re)     Residual norm
  -----------------------------------------------
     1      0.245983440407       0.1668E-06
  -----------------------------------------------

  Iteration:                 12

   Root     Eigenvalue (Re)     Residual norm
  -----------------------------------------------
     1      0.245983442046       0.1228E-06
  -----------------------------------------------

  Iteration:                 13

   Root     Eigenvalue (Re)     Residual norm
  -----------------------------------------------
     1      0.245983440977       0.5778E-07
  -----------------------------------------------

  Iteration:                 14

   Root     Eigenvalue (Re)     Residual norm
  -----------------------------------------------
     1      0.245983441408       0.9288E-08
  -----------------------------------------------

  Iteration:                 15

   Root     Eigenvalue (Re)     Residual norm
  -----------------------------------------------
     1      0.245983441336       0.7875E-09
  -----------------------------------------------

  Iteration:                 16

   Root     Eigenvalue (Re)     Residual norm
  -----------------------------------------------
     1      0.245983441337       0.2283E-09
  -----------------------------------------------

  Iteration:                 17

   Root     Eigenvalue (Re)     Residual norm
  -----------------------------------------------
     1      0.245983441338       0.4645E-10
  -----------------------------------------------

  Iteration:                 18

   Root     Eigenvalue (Re)     Residual norm
  -----------------------------------------------
     1      0.245983441338       0.3880E-11
  -----------------------------------------------
  Convergence criterion met in 18 iterations!

  - Resorting roots according to excitation energy.

  - Stored converged states to file.

  - Excitation vector amplitudes:

     Electronic state nr. 1

     Energy (Hartree):                  0.245983441338
     Fraction singles (|R1|/|R|):       1.000000000000

     Largest single amplitudes:
     -----------------------------------
        a       i         R(a,i)
     -----------------------------------
        1      6       -0.992570977340
        4      6       -0.108934949547
        6      6        0.036841280985
       13      6        0.030571764351
        1      3        0.011873170889
       22      6       -0.008128864923
        1      5       -0.008036840195
       19      5        0.007869044457
        9      6        0.007462543552
       20      4        0.007116746219
     ------------------------------------

     - Electronic excitation energies:

                                      Excitation energy
                          ------------------------------------------
      State                (Hartree)             (eV)
     ---------------------------------------------------------------
        1                  0.245983441338        6.693550376781
     ---------------------------------------------------------------
     eV/Hartree (CODATA 2014): 27.21138602

  - Finished solving the LOW MEMORY CC2 excited state equations (right)

     Total wall time (sec):              0.30000
     Total cpu time (sec):               0.20910

  ------------------------------------------------------------

  Peak memory usage during the execution of eT: 10.665728 MB

  Total wall time in eT (sec):              0.97500
  Total cpu time in eT (sec):               0.56131

  Calculation ended: 2022-04-07 12:34:55 UTC -07:00

  - Implementation references:

     eT: https://doi.org/10.1063/5.0004713
     Cholesky decomposition of ERIs: https://doi.org/10.1063/1.5083802

  eT terminated successfully!
