


                     eT 1.1 - an electronic structure program

  ------------------------------------------------------------------------
   Author list in alphabetical order:
  ------------------------------------------------------------------------
   J. H. Andersen, A. Balbi, S. Coriani, S. D. Folkestad, T. Giovannini, 
   L. Goletto, T. S. Haugland, A. Hutcheson, I-M. Høyvik, E. F. Kjønstad, 
   H. Koch, T. Moitra, R. H. Myhre, A. C. Paul, S. Roet, M. Scavino, 
   A. Skeidsvoll, Å. H. Tveten
  ------------------------------------------------------------------------
   J. Chem. Phys. 152, 184103 (2020); https://doi.org/10.1063/5.0004713


   This is eT version 1.1.3, Bastion
  ------------------------------------------------------------
  Configuration date: 2021-03-08 15:01:10 UTC +01:00
  Git branch:         test-generator
  Git hash:           e0949fa7c10242e2d4a56a5f4456aaeb2e2fd3e2
  Fortran compiler:   GNU 8.4.0
  C compiler:         GNU 8.4.0
  C++ compiler:       GNU 8.4.0
  LAPACK type:        MKL
  BLAS type:          MKL
  64-bit integers:    ON
  OpenMP:             ON
  PCM:                ON
  Forced batching:    OFF
  Runtime checks:     OFF
  ------------------------------------------------------------

  Calculation started: 2021-03-08 15:05:18 UTC +01:00


  :: Input file
  ================

     Note: geometry section is excluded from this print

     system
        name: H2O He
        charge: 0
     end system

     do
       response
     end do

     memory
        available: 8
     end memory

     solver cholesky
        threshold: 1.0d-12
     end solver cholesky

     solver scf
        energy threshold:   1.0d-12
        gradient threshold: 1.0d-12
     end solver scf

     method
        hf
        ccs
     end method

     solver cc gs
        omega threshold:  1.0d-11
        energy threshold: 1.0d-11
     end solver cc gs

     solver cc es
        algorithm:          davidson
        singlet states:     3
        residual threshold: 1.0d-11
        energy threshold:   1.0d-11
     end solver cc es

     cc response
        eom
        dipole length
        transition moments
     end cc response


  Running on 2 OMP threads
  Memory available for calculation: 8.000000 GB


  :: Molecular system specifications
  =====================================

     Name:             h2o he
     Charge:           0
     Multiplicity:     1
     Coordinate units: angstrom

     Pure basis functions:         29
     Cartesian basis functions:    30
     Primitive basis functions:    56

     Nuclear repulsion energy (a.u.):             12.116100574587
     Bohr/angstrom value (CODATA 2010):            0.529177210920

     ==============================================================================
                                     Geometry (angstrom)
     ==============================================================================
        Atom           X                  Y                  Z         # in input
     ==============================================================================
        Basis: cc-pvdz
        1 H      0.866810000000     0.601440000000     5.000000000000        1
        2 H     -0.866810000000     0.601440000000     5.000000000000        2
        3 O      0.000000000000    -0.075790000000     5.000000000000        3
        4 He     0.100000000000    -0.020000000000     7.530000000000        4
     ==============================================================================

     ==============================================================================
                                     Geometry (a.u.)
     ==============================================================================
        Atom           X                  Y                  Z         # in input
     ==============================================================================
        Basis: cc-pvdz
        1 H      1.638033502034     1.136556880358     9.448630622825        1
        2 H     -1.638033502034     1.136556880358     9.448630622825        2
        3 O      0.000000000000    -0.143222342981     9.448630622825        3
        4 He     0.188972612457    -0.037794522491    14.229637717975        4
     ==============================================================================


  :: RHF wavefunction
  ======================

  - Cholesky decomposition of AO overlap to get linearly independent orbitals:

  - Orbital details:

     Number of occupied orbitals:         6
     Number of virtual orbitals:         23
     Number of molecular orbitals:       29
     Number of atomic orbitals:          29


  :: Hartree-Fock engine
  =========================

  Drives the calculation of the Hartree-Fock state.

  This is a RHF ground state calculation.
  The following tasks will be performed:

     1) Generate initial SAD density
     2) Calculation of reference state (SCF-DIIS algorithm)


  1) Generate initial SAD density


  2) Calculation of reference state (SCF-DIIS algorithm)

   - Self-consistent field DIIS Hartree-Fock solver
  ----------------------------------------------------

  A DIIS-accelerated Roothan-Hall self-consistent field solver. A least-square 
  DIIS fit is performed on the previous Fock matrices and associated gradients. 
  Following the Roothan-Hall update of the density, the DIIS-fitted Fock 
  matrix is used to get the next orbital coefficients.

  - Hartree-Fock solver settings:

     DIIS dimension:                         8
     Cumulative Fock threshold:       0.10E+01

     Residual threshold:            0.1000E-11
     Energy threshold:              0.1000E-11

     Coulomb screening threshold:   0.1000E-17
     Exchange screening threshold:  0.1000E-15
     Fock precision:                0.1000E-35
     Integral cutoff:               0.1000E-17

  - Setting initial AO density to SAD

     Energy of initial guess:               -78.492022836315
     Number of electrons in guess:           12.000000000000

  Iteration       Energy (a.u.)      Max(grad.)    Delta E (a.u.)
  ---------------------------------------------------------------
     1           -78.796606592587     0.9053E-01     0.7880E+02
     2           -78.828675852655     0.7128E-01     0.3207E-01
     3           -78.843428154462     0.8290E-02     0.1475E-01
     4           -78.843809541675     0.2414E-02     0.3814E-03
     5           -78.843850846799     0.3301E-03     0.4131E-04
     6           -78.843851669326     0.5527E-04     0.8225E-06
     7           -78.843851692851     0.5865E-05     0.2353E-07
     8           -78.843851693557     0.2356E-05     0.7054E-09
     9           -78.843851693630     0.2071E-06     0.7378E-10
    10           -78.843851693631     0.1594E-07     0.3411E-12
    11           -78.843851693631     0.3322E-08     0.2842E-13
    12           -78.843851693631     0.1197E-08     0.0000E+00
    13           -78.843851693631     0.4264E-09     0.5684E-13
    14           -78.843851693631     0.1280E-09     0.1421E-13
    15           -78.843851693631     0.1479E-10     0.1421E-13
    16           -78.843851693631     0.2907E-11     0.5684E-13
    17           -78.843851693631     0.6423E-12     0.8527E-13
  ---------------------------------------------------------------
  Convergence criterion met in 17 iterations!

  - Summary of RHF wavefunction energetics (a.u.):

     HOMO-LUMO gap:                  0.645629080251
     Nuclear repulsion energy:      12.116100574587
     Electronic energy:            -90.959952268218
     Total energy:                 -78.843851693631

  - Timings for the RHF ground state calculation

     Total wall time (sec):              1.17319
     Total cpu time (sec):               2.24843


  :: CCS wavefunction
  ======================

     Bath orbital(s):         False
     Core-valence separation: False

   - Number of orbitals:

     Occupied orbitals:    6
     Virtual orbitals:     23
     Molecular orbitals:   29
     Atomic orbitals:      29

   - Number of ground state amplitudes:

     Single excitation amplitudes:  138


  :: Coupled cluster response engine
  =====================================

  Calculates dipole transition moments and oscillator strengths between 

  the ground state and the excited states.

  This is a CCS response calculation.
  The following tasks will be performed:

     1) Cholesky decomposition of the electron repulsion integrals
     2) Preparation of MO basis and integrals
     3) Calculation of the ground state (diis algorithm)
     4) Calculation of the multipliers (diis algorithm)
     5) Calculation of the excited state (davidson algorithm)
     6) Calculation of the transition moments (EOM)


  1) Cholesky decomposition of the electron repulsion integrals

   - Cholesky decomposition of electronic repulsion integrals solver
  ---------------------------------------------------------------------

  Performs a Cholesky decomposition of the two-electron electronic repulsion 
  integrals in the atomic orbital basis,

  (ab|cd) = sum_J L_ab^J L_cd^J.

  Once the Cholesky basis has been determined, the vectors L^J are constructed 
  and stored to disk. These may either be used directly, or be transformed 
  to the MO basis for use in post-HF calculations. For more information, 
  see S. D. Folkestad, E. F. Kjønstad and H. Koch, JCP, 150(19), (2019)

  - Cholesky decomposition settings:

     Target threshold is:   0.10E-11
     Span factor:           0.10E-01
     Max qual:                  1000

  - Cholesky decomposition system details:

     Total number of AOs:                    29
     Total number of shell pairs:           120
     Total number of AO pairs:              435

     Significant shell pairs:               118
     Significant AO pairs:                  431

     Construct shell pairs:                 120
     Construct AO pairs:                    435

  Iter.  #Sign. ao pairs / shell pairs   Max diagonal    #Qualified    #Cholesky    Cholesky array size
  -------------------------------------------------------------------------------------------------------
     1               406 /     108       0.47383E+01         147             42             17052
     2               319 /      93       0.47165E-01         234            111             35409
     3               250 /      76       0.46944E-03         178            183             45750
     4               187 /      55       0.38270E-05         145            265             49555
     5                87 /      25       0.38106E-07          78            324             28188
     6                21 /       3       0.37202E-09          43            349              7329
     7                 0 /       0       0.36652E-11           7            354                 0
  -------------------------------------------------------------------------------------------------------

  - Summary of Cholesky decomposition of electronic repulsion integrals:

     Final number of Cholesky vectors: 354

 - Testing the Cholesky decomposition decomposition electronic repulsion integrals:

     Maximal difference between approximate and actual diagonal:              0.7161E-12
     Minimal element of difference between approximate and actual diagonal:  -0.1238E-14

  - Settings for integral handling:

     Cholesky vectors in memory: True
     ERI matrix in memory:       False
     T1 ERI matrix in memory:    False

  - Finished decomposing the ERIs.

     Total wall time (sec):              0.38368
     Total cpu time (sec):               0.75646


  2) Preparation of MO basis and integrals


  3) Calculation of the ground state (diis algorithm)

   - DIIS coupled cluster ground state solver
  ----------------------------------------------

  A DIIS CC ground state amplitude equations solver. It uses an extrapolation 
  of previous quasi-Newton perturbation theory estimates of the next amplitudes. 
  See Helgaker et al., Molecular Electronic Structure Theory, Chapter 
  13.

  - DIIS CC ground state solver settings:

     Residual threshold:            0.1000E-10
     Energy threshold:              0.1000E-10

     DIIS dimension:                   8
     Max number of iterations:       100

     Storage: disk

  Iteration    Energy (a.u.)        |omega|       Delta E (a.u.)
  ---------------------------------------------------------------
    1           -78.843851693631     0.1549E-11     0.7884E+02
  ---------------------------------------------------------------
  Convergence criterion met in 1 iterations!

  - Ground state summary:

     Final ground state energy (a.u.):   -78.843851693631

     Correlation energy (a.u.):            0.000000000000

     Largest single amplitudes:
     -----------------------------------
        a       i         t(a,i)
     -----------------------------------
        1      1        0.000000000000
        2      1        0.000000000000
        3      1        0.000000000000
        4      1        0.000000000000
        5      1        0.000000000000
        6      1        0.000000000000
        7      1        0.000000000000
        8      1        0.000000000000
        9      1        0.000000000000
       10      1        0.000000000000
     ------------------------------------

     T1 diagnostic (|T1|/sqrt(N_e)): 0.000000000000

  - Finished solving the CCS ground state equations

     Total wall time (sec):              0.00487
     Total cpu time (sec):               0.00875


  4) Calculation of the multipliers (diis algorithm)

   - DIIS coupled cluster multipliers solver
  ---------------------------------------------

  A DIIS CC multiplier equations solver. It combines a quasi-Newton perturbation 
  theory estimate of the next multipliers, using least square fitting 
  to find an an optimal combination of previous estimates such that the 
  update is minimized.

  See Helgaker et al., Molecular Electronic Structure Theory, Chapter 
  13, for the more details on this algorithm.

  - DIIS CC multipliers solver settings:

     Residual threshold:        0.10E-04

     DIIS dimension:                   8
     Max number of iterations:       100

  Iteration    Norm residual
  ----------------------------
    1          0.3103E-11
  ----------------------------
  Convergence criterion met in 1 iterations!

  - DIIS CC multipliers solver summary:

     Largest single amplitudes:
     -----------------------------------
        a       i         tbar(a,i)
     -----------------------------------
        1      1        0.000000000000
        2      1        0.000000000000
        3      1        0.000000000000
        4      1        0.000000000000
        5      1        0.000000000000
        6      1        0.000000000000
        7      1        0.000000000000
        8      1        0.000000000000
        9      1        0.000000000000
       10      1        0.000000000000
     ------------------------------------

  - Finished solving the ccs multipliers equations

     Total wall time (sec):              0.00375
     Total cpu time (sec):               0.00749


  5) Calculation of the excited state (davidson algorithm)
     Calculating right vectors

   - Davidson coupled cluster excited state solver
  ---------------------------------------------------

  A Davidson solver that calculates the lowest eigenvalues and the right 
  or left eigenvectors of the Jacobian matrix, A. The eigenvalue problem 
  is solved in a reduced space, the dimension of which is expanded until 
  the convergence criteria are met.

  A complete description of the algorithm can be found in E. R. Davidson, 
  J. Comput. Phys. 17, 87 (1975).

  - Settings for coupled cluster excited state solver (Davidson):

     Calculation type:    valence
     Excitation vectors:  right

     Residual threshold:            0.1000E-10
     Energy threshold:              0.1000E-10

     Number of singlet states:               3
     Max number of iterations:             100

     Max reduced space dimension:          100


  Iteration:                  1
  Reduced space dimension:    3

   Root  Eigenvalue (Re)   Eigenvalue (Im)    |residual|   Delta E (Re)
  ------------------------------------------------------------------------
     1   0.304659979562    0.000000000000     0.1313E+00   0.3047E+00
     2   0.372780431779    0.000000000000     0.1472E+00   0.3728E+00
     3   0.412559325923    0.000000000000     0.1735E+00   0.4126E+00
  ------------------------------------------------------------------------

  Iteration:                  2
  Reduced space dimension:    6

   Root  Eigenvalue (Re)   Eigenvalue (Im)    |residual|   Delta E (Re)
  ------------------------------------------------------------------------
     1   0.283481472400    0.000000000000     0.2352E-01   0.2118E-01
     2   0.336831087292    0.000000000000     0.1618E-01   0.3595E-01
     3   0.386116840138    0.000000000000     0.5951E-01   0.2644E-01
  ------------------------------------------------------------------------

  Iteration:                  3
  Reduced space dimension:    9

   Root  Eigenvalue (Re)   Eigenvalue (Im)    |residual|   Delta E (Re)
  ------------------------------------------------------------------------
     1   0.283146623624    0.000000000000     0.3703E-02   0.3348E-03
     2   0.336581207383    0.000000000000     0.3523E-02   0.2499E-03
     3   0.381801352623    0.000000000000     0.1432E-01   0.4315E-02
  ------------------------------------------------------------------------

  Iteration:                  4
  Reduced space dimension:   12

   Root  Eigenvalue (Re)   Eigenvalue (Im)    |residual|   Delta E (Re)
  ------------------------------------------------------------------------
     1   0.283140843641    0.000000000000     0.3634E-03   0.5780E-05
     2   0.336576109878    0.000000000000     0.3584E-03   0.5098E-05
     3   0.381534457457    0.000000000000     0.4928E-02   0.2669E-03
  ------------------------------------------------------------------------

  Iteration:                  5
  Reduced space dimension:   15

   Root  Eigenvalue (Re)   Eigenvalue (Im)    |residual|   Delta E (Re)
  ------------------------------------------------------------------------
     1   0.283140804638    0.000000000000     0.6840E-04   0.3900E-07
     2   0.336575925292    0.000000000000     0.4622E-03   0.1846E-06
     3   0.381521607073    0.000000000000     0.1487E-02   0.1285E-04
  ------------------------------------------------------------------------

  Iteration:                  6
  Reduced space dimension:   18

   Root  Eigenvalue (Re)   Eigenvalue (Im)    |residual|   Delta E (Re)
  ------------------------------------------------------------------------
     1   0.283140803905    0.000000000000     0.8023E-05   0.7330E-09
     2   0.336575865651    0.000000000000     0.1087E-03   0.5964E-07
     3   0.381521401119    0.000000000000     0.1374E-03   0.2060E-06
  ------------------------------------------------------------------------

  Iteration:                  7
  Reduced space dimension:   21

   Root  Eigenvalue (Re)   Eigenvalue (Im)    |residual|   Delta E (Re)
  ------------------------------------------------------------------------
     1   0.283140803897    0.000000000000     0.9609E-06   0.8290E-11
     2   0.336575863545    0.000000000000     0.4157E-04   0.2106E-08
     3   0.381521396692    0.000000000000     0.3211E-04   0.4427E-08
  ------------------------------------------------------------------------

  Iteration:                  8
  Reduced space dimension:   24

   Root  Eigenvalue (Re)   Eigenvalue (Im)    |residual|   Delta E (Re)
  ------------------------------------------------------------------------
     1   0.283140803896    0.000000000000     0.1058E-06   0.3022E-12
     2   0.336575862708    0.000000000000     0.6806E-05   0.8376E-09
     3   0.381521396035    0.000000000000     0.8082E-05   0.6569E-09
  ------------------------------------------------------------------------

  Iteration:                  9
  Reduced space dimension:   27

   Root  Eigenvalue (Re)   Eigenvalue (Im)    |residual|   Delta E (Re)
  ------------------------------------------------------------------------
     1   0.283140803896    0.000000000000     0.1200E-07   0.5163E-14
     2   0.336575862688    0.000000000000     0.8116E-06   0.1932E-10
     3   0.381521396005    0.000000000000     0.1061E-05   0.3014E-10
  ------------------------------------------------------------------------

  Iteration:                 10
  Reduced space dimension:   30

   Root  Eigenvalue (Re)   Eigenvalue (Im)    |residual|   Delta E (Re)
  ------------------------------------------------------------------------
     1   0.283140803896    0.000000000000     0.1897E-08   0.5551E-16
     2   0.336575862688    0.000000000000     0.1210E-06   0.1771E-12
     3   0.381521396005    0.000000000000     0.1601E-06   0.3310E-12
  ------------------------------------------------------------------------

  Iteration:                 11
  Reduced space dimension:   33

   Root  Eigenvalue (Re)   Eigenvalue (Im)    |residual|   Delta E (Re)
  ------------------------------------------------------------------------
     1   0.283140803896    0.000000000000     0.1202E-09   0.4274E-14
     2   0.336575862688    0.000000000000     0.9957E-08   0.2609E-14
     3   0.381521396005    0.000000000000     0.1493E-07   0.6217E-14
  ------------------------------------------------------------------------

  Iteration:                 12
  Reduced space dimension:   36

   Root  Eigenvalue (Re)   Eigenvalue (Im)    |residual|   Delta E (Re)
  ------------------------------------------------------------------------
     1   0.283140803896    0.000000000000     0.1063E-10   0.5329E-14
     2   0.336575862688    0.000000000000     0.9535E-09   0.1554E-14
     3   0.381521396005    0.000000000000     0.1689E-08   0.2998E-14
  ------------------------------------------------------------------------

  Iteration:                 13
  Reduced space dimension:   39

   Root  Eigenvalue (Re)   Eigenvalue (Im)    |residual|   Delta E (Re)
  ------------------------------------------------------------------------
     1   0.283140803896    0.000000000000     0.9414E-12   0.6717E-14
     2   0.336575862688    0.000000000000     0.6495E-10   0.1665E-15
     3   0.381521396005    0.000000000000     0.1453E-09   0.1665E-15
  ------------------------------------------------------------------------

  Iteration:                 14
  Reduced space dimension:   41

   Root  Eigenvalue (Re)   Eigenvalue (Im)    |residual|   Delta E (Re)
  ------------------------------------------------------------------------
     1   0.283140803896    0.000000000000     0.6952E-12   0.8493E-14
     2   0.336575862688    0.000000000000     0.7356E-11   0.4996E-15
     3   0.381521396005    0.000000000000     0.1987E-10   0.3886E-15
  ------------------------------------------------------------------------

  Iteration:                 15
  Reduced space dimension:   42

   Root  Eigenvalue (Re)   Eigenvalue (Im)    |residual|   Delta E (Re)
  ------------------------------------------------------------------------
     1   0.283140803896    0.000000000000     0.6986E-12   0.3664E-14
     2   0.336575862688    0.000000000000     0.3867E-11   0.1110E-14
     3   0.381521396005    0.000000000000     0.2563E-11   0.1388E-14
  ------------------------------------------------------------------------
  Convergence criterion met in 15 iterations!

  - Excitation vector amplitudes:

     Electronic state nr. 1

     Energy (Hartree):                  0.283140803896
     Fraction singles (|R1|/|R|):       1.000000000000

     Largest single amplitudes:
     -----------------------------------
        a       i         R(a,i)
     -----------------------------------
        1      6        0.983643739610
        4      6        0.157041269778
        6      6       -0.065052447146
       13      6       -0.047162913486
       15      6        0.020463284034
        1      3       -0.011446417248
        9      6       -0.011160558004
       10      6        0.009804553971
       22      6        0.009439702303
       19      5       -0.009153283040
     ------------------------------------

     Electronic state nr. 2

     Energy (Hartree):                  0.336575862688
     Fraction singles (|R1|/|R|):       1.000000000000

     Largest single amplitudes:
     -----------------------------------
        a       i         R(a,i)
     -----------------------------------
        2      6       -0.966996297075
        3      6       -0.225322610381
        7      6        0.108838382567
       14      6       -0.044309283189
        2      3        0.011730944219
       12      6        0.007346997656
        8      2        0.005839570315
        3      3        0.004760718402
        2      5       -0.004642700344
        5      4        0.003939734940
     ------------------------------------

     Electronic state nr. 3

     Energy (Hartree):                  0.381521396005
     Fraction singles (|R1|/|R|):       1.000000000000

     Largest single amplitudes:
     -----------------------------------
        a       i         R(a,i)
     -----------------------------------
        1      5        0.968067241494
        2      4       -0.195174921973
        4      5        0.107739719930
        3      4       -0.071197371545
        5      6       -0.052457958139
       13      5       -0.040201847070
        7      4        0.033643496372
        1      2       -0.024847732516
       15      5        0.018989031645
       10      5        0.017857942703
     ------------------------------------

     - Electronic excitation energies:

                                      Excitation energy
                          ------------------------------------------
      State                (Hartree)             (eV)
     ---------------------------------------------------------------
        1                  0.283140803896        7.704653712837
        2                  0.336575862688        9.158695724626
        3                  0.381521396005       10.381725981581
     ---------------------------------------------------------------
     eV/Hartree (CODATA 2014): 27.21138602

  - Finished solving the CCS excited state equations (right)

     Total wall time (sec):              0.05861
     Total cpu time (sec):               0.11332


  5) Calculation of the excited state (davidson algorithm)
     Calculating left vectors

   - Davidson coupled cluster excited state solver
  ---------------------------------------------------

  A Davidson solver that calculates the lowest eigenvalues and the right 
  or left eigenvectors of the Jacobian matrix, A. The eigenvalue problem 
  is solved in a reduced space, the dimension of which is expanded until 
  the convergence criteria are met.

  A complete description of the algorithm can be found in E. R. Davidson, 
  J. Comput. Phys. 17, 87 (1975).

  - Settings for coupled cluster excited state solver (Davidson):

     Calculation type:    valence
     Excitation vectors:  left

     Residual threshold:            0.1000E-10
     Energy threshold:              0.1000E-10

     Number of singlet states:               3
     Max number of iterations:             100

     Max reduced space dimension:          100

     Restarting left vector 1 from file r_001.
     Restarting left vector 2 from file r_002.
     Restarting left vector 3 from file r_003.

  Iteration:                  1
  Reduced space dimension:    3

   Root  Eigenvalue (Re)   Eigenvalue (Im)    |residual|   Delta E (Re)
  ------------------------------------------------------------------------
     1   0.283140803896    0.000000000000     0.6990E-12   0.2720E-14
     2   0.336575862688    0.000000000000     0.3867E-11   0.5551E-16
     3   0.381521396005    0.000000000000     0.2563E-11   0.1665E-15
  ------------------------------------------------------------------------
  Convergence criterion met in 1 iterations!

  - Excitation vector amplitudes:

     Electronic state nr. 1

     Energy (Hartree):                  0.283140803896
     Fraction singles (|L1|/|L|):       1.000000000000

     Largest single amplitudes:
     -----------------------------------
        a       i         L(a,i)
     -----------------------------------
        1      6        0.983643739610
        4      6        0.157041269778
        6      6       -0.065052447146
       13      6       -0.047162913486
       15      6        0.020463284034
        1      3       -0.011446417248
        9      6       -0.011160558004
       10      6        0.009804553971
       22      6        0.009439702303
       19      5       -0.009153283040
     ------------------------------------

     Electronic state nr. 2

     Energy (Hartree):                  0.336575862688
     Fraction singles (|L1|/|L|):       1.000000000000

     Largest single amplitudes:
     -----------------------------------
        a       i         L(a,i)
     -----------------------------------
        2      6        0.966996297075
        3      6        0.225322610381
        7      6       -0.108838382567
       14      6        0.044309283189
        2      3       -0.011730944219
       12      6       -0.007346997656
        8      2       -0.005839570315
        3      3       -0.004760718402
        2      5        0.004642700344
        5      4       -0.003939734940
     ------------------------------------

     Electronic state nr. 3

     Energy (Hartree):                  0.381521396005
     Fraction singles (|L1|/|L|):       1.000000000000

     Largest single amplitudes:
     -----------------------------------
        a       i         L(a,i)
     -----------------------------------
        1      5        0.968067241494
        2      4       -0.195174921973
        4      5        0.107739719930
        3      4       -0.071197371545
        5      6       -0.052457958139
       13      5       -0.040201847070
        7      4        0.033643496372
        1      2       -0.024847732516
       15      5        0.018989031645
       10      5        0.017857942703
     ------------------------------------

     - Electronic excitation energies:

                                      Excitation energy
                          ------------------------------------------
      State                (Hartree)             (eV)
     ---------------------------------------------------------------
        1                  0.283140803896        7.704653712837
        2                  0.336575862688        9.158695724626
        3                  0.381521396005       10.381725981581
     ---------------------------------------------------------------
     eV/Hartree (CODATA 2014): 27.21138602

  - Finished solving the CCS excited state equations (left)

     Total wall time (sec):              0.00462
     Total cpu time (sec):               0.01254


  6) Calculation of the transition moments (EOM)

  :: EOM properties calculation

  - Summary of EOM properties calculation:

     State 1:
     ----------
     Calculation type:                             EOM
     Excitation energy [E_h]:           0.283140803896
     Excitation energy [eV]:            7.704653712837
     Hartree-to-eV (CODATA 2014):          27.21138602

                   Transition moments [a.u.]         Transition strength [a.u.]
     --------------------------------------------------------------------------
     Comp. q     < k |q| 0 >       < 0 |q| k >        < 0 |q| k > < k |q| 0 >
     --------------------------------------------------------------------------
     X           0.0003805212      0.0007610423            0.0000002896
     Y           0.0011321897      0.0022643795            0.0000025637
     Z          -0.1863473434     -0.3726946869            0.0694506648
     --------------------------------------------------------------------------
     Oscillator strength:      0.013110083300

     State 2:
     ----------
     Calculation type:                             EOM
     Excitation energy [E_h]:           0.336575862688
     Excitation energy [eV]:            9.158695724626
     Hartree-to-eV (CODATA 2014):          27.21138602

                   Transition moments [a.u.]         Transition strength [a.u.]
     --------------------------------------------------------------------------
     Comp. q     < k |q| 0 >       < 0 |q| k >        < 0 |q| k > < k |q| 0 >
     --------------------------------------------------------------------------
     X          -0.0058211760     -0.0116423519            0.0000677722
     Y           0.0002191045      0.0004382090            0.0000000960
     Z           0.0001134191      0.0002268383            0.0000000257
     --------------------------------------------------------------------------
     Oscillator strength:      0.000015234303

     State 3:
     ----------
     Calculation type:                             EOM
     Excitation energy [E_h]:           0.381521396005
     Excitation energy [eV]:           10.381725981581
     Hartree-to-eV (CODATA 2014):          27.21138602

                   Transition moments [a.u.]         Transition strength [a.u.]
     --------------------------------------------------------------------------
     Comp. q     < k |q| 0 >       < 0 |q| k >        < 0 |q| k > < k |q| 0 >
     --------------------------------------------------------------------------
     X           0.0009718226      0.0019436453            0.0000018889
     Y          -0.4533812396     -0.9067624791            0.4111090968
     Z           0.0039450131      0.0078900262            0.0000311263
     --------------------------------------------------------------------------
     Oscillator strength:      0.104573008326

  - Timings for the CCS response calculation

     Total wall time (sec):              0.45806
     Total cpu time (sec):               0.90509

     Peak memory usage during the execution of eT: 10.648832 MB

  Calculation ended: 2021-03-08 15:05:20 UTC +01:00

  eT terminated successfully!
