


                     eT 1.3 - an electronic structure program

  ------------------------------------------------------------------------
   Author list in alphabetical order:
  ------------------------------------------------------------------------
   J. H. Andersen, A. Balbi, S. Coriani, S. D. Folkestad, T. Giovannini, 
   L. Goletto, T. S. Haugland, A. Hutcheson, I-M. Høyvik, E. F. Kjønstad, 
   H. Koch, T. Moitra, R. H. Myhre, A. C. Paul, S. Roet, M. Scavino, 
   A. Skeidsvoll, Å. H. Tveten
  ------------------------------------------------------------------------
   J. Chem. Phys. 152, 184103 (2020); https://doi.org/10.1063/5.0004713


   This is eT 1.3.0 Disco
  ------------------------------------------------------------
  Configuration date: 2021-06-07 12:48:33 UTC +02:00
  Git branch:         update-test-refs-new
  Git hash:           07052c810cfb89ed77f5f7b0b9d39be404f0338e
  Fortran compiler:   GNU 10.3.0
  C compiler:         GNU 10.3.0
  C++ compiler:       GNU 10.3.0
  LAPACK type:        MKL
  BLAS type:          MKL
  64-bit integers:    ON
  OpenMP:             ON
  PCM:                ON
  Forced batching:    OFF
  Runtime checks:     OFF
  ------------------------------------------------------------

  Calculation started: 2021-06-07 12:50:28 UTC +02:00


  :: Input file
  ================

     Note: geometry section is excluded from this print

     system
        name: H2O He
        charge: 0
     end system

     do
        ground state
        excited state
     end do

     memory
        available: 8
     end memory

     solver cholesky
        threshold: 1.0d-12
     end solver cholesky

     solver scf
        algorithm:          scf-diis
        energy threshold:   1.0d-10
        gradient threshold: 1.0d-10
     end solver scf

     method
        hf
        ccsd
     end method

     solver cc gs
        omega threshold:  1.0d-10
        energy threshold: 1.0d-10
     end solver cc gs

     solver cc es
        algorithm:          davidson
        singlet states:     2
        residual threshold: 1.0d-10
        energy threshold:   1.0d-10
        left eigenvectors
     end solver cc es


  Running on 2 OMP threads
  Memory available for calculation: 8.000000 GB


  :: RHF wavefunction
  ======================

     ==============================================================================
                                     Geometry (angstrom)
     ==============================================================================
        Atom           X                  Y                  Z         # in input
     ==============================================================================
        Basis: cc-pvdz
        1  H     0.866810000000     0.601440000000     5.000000000000        1
        2  H    -0.866810000000     0.601440000000     5.000000000000        2
        3  O     0.000000000000    -0.075790000000     5.000000000000        3
        4 He     0.100000000000    -0.020000000000     7.530000000000        4
     ==============================================================================

     ==============================================================================
                                     Geometry (a.u.)
     ==============================================================================
        Atom           X                  Y                  Z         # in input
     ==============================================================================
        Basis: cc-pvdz
        1  H     1.638033502034     1.136556880358     9.448630622825        1
        2  H    -1.638033502034     1.136556880358     9.448630622825        2
        3  O     0.000000000000    -0.143222342981     9.448630622825        3
        4 He     0.188972612457    -0.037794522491    14.229637717975        4
     ==============================================================================

  - Cholesky decomposition of AO overlap to get linearly independent AOs:

     Linear dependence threshold:             0.10E-05
     Number of atomic orbitals:               29
     Number of orthonormal atomic orbitals:   29

  - Molecular orbital details:

     Number of occupied orbitals:         6
     Number of virtual orbitals:         23
     Number of molecular orbitals:       29


  :: Hartree-Fock engine
  =========================

  Drives the calculation of the Hartree-Fock state.

  This is a RHF ground state calculation.
  The following tasks will be performed:

     1) Generate initial SAD density
     2) Calculation of reference state (SCF-DIIS algorithm)


  1) Generate initial SAD density


  2) Calculation of reference state (SCF-DIIS algorithm)

  - SCF solver settings:

     Maximum iterations:                   100
     Acceleration type:                   diis

     Residual threshold:            0.1000E-09
     Energy threshold:              0.1000E-09

  - Setting initial AO density to sad

     Energy of initial guess:               -78.492022836338
     Number of electrons in guess:           12.000000000000

  - Screening and integral thresholds:

     Coulomb screening threshold:    0.1000E-15
     Exchange screening threshold:   0.1000E-13
     ERI cutoff:                     0.1000E-15
     One-electron integral  cutoff:  0.1000E-20
     Cumulative Fock threshold:      0.1000E+01

  - DIIS tool settings:

     DIIS dimension:   8

     Storage (solver scf_e): memory
     Storage (solver scf_x): memory

  Iteration       Energy (a.u.)      Max(grad.)    Delta E (a.u.)
  ---------------------------------------------------------------
     1           -78.796606592630     0.9053E-01     0.7880E+02
     2           -78.828675852673     0.7128E-01     0.3207E-01
     3           -78.843428154462     0.8290E-02     0.1475E-01
     4           -78.843809541675     0.2414E-02     0.3814E-03
     5           -78.843850846799     0.3301E-03     0.4131E-04
     6           -78.843851669326     0.5527E-04     0.8225E-06
     7           -78.843851692851     0.5865E-05     0.2353E-07
     8           -78.843851693557     0.2356E-05     0.7054E-09
     9           -78.843851693630     0.2071E-06     0.7371E-10
    10           -78.843851693631     0.1594E-07     0.4690E-12
    11           -78.843851693631     0.3322E-08     0.9948E-13
    12           -78.843851693631     0.1197E-08     0.8527E-13
    13           -78.843851693631     0.4264E-09     0.5684E-13
    14           -78.843851693631     0.1280E-09     0.2842E-13
    15           -78.843851693631     0.1479E-10     0.1421E-13
  ---------------------------------------------------------------
  Convergence criterion met in 15 iterations!

  - Summary of RHF wavefunction energetics (a.u.):

     HOMO-LUMO gap:                  0.645629080236
     Nuclear repulsion energy:      12.116100574587
     Electronic energy:            -90.959952268218
     Total energy:                 -78.843851693631

  - Timings for the RHF ground state calculation

     Total wall time (sec):              0.29097
     Total cpu time (sec):               0.51764


  :: CCSD wavefunction
  =======================

     Bath orbital(s):         False

   - Number of orbitals:

     Occupied orbitals:    6
     Virtual orbitals:     23
     Molecular orbitals:   29
     Atomic orbitals:      29

   - Number of ground state amplitudes:

     Single excitation amplitudes:  138
     Double excitation amplitudes:  9591


  :: Excited state coupled cluster engine
  ==========================================

  Calculates the coupled cluster excitation vectors and excitation energies

  This is a CCSD excited state calculation.
  The following tasks will be performed:

     1) Cholesky decomposition of the electron repulsion integrals
     2) Preparation of MO basis and integrals
     3) Calculation of the ground state (diis algorithm)
     4) Calculation of the excited state (davidson algorithm)


  1) Cholesky decomposition of the electron repulsion integrals

   - Cholesky decomposition of electronic repulsion integrals solver
  ---------------------------------------------------------------------

  Performs a Cholesky decomposition of the two-electron electronic repulsion 
  integrals in the atomic orbital basis,

  (ab|cd) = sum_J L_ab^J L_cd^J.

  Once the Cholesky basis has been determined, the vectors L^J are constructed 
  and stored to disk. These may either be used directly, or be transformed 
  to the MO basis for use in post-HF calculations. For more information, 
  see S. D. Folkestad, E. F. Kjønstad and H. Koch, JCP, 150(19), (2019)

  - Cholesky decomposition settings:

     Target threshold is:   0.10E-11
     Span factor:           0.10E-01
     Max qual:                  1000

  - Cholesky decomposition ao details:

     Total number of AOs:                    29
     Total number of shell pairs:           120
     Total number of AO pairs:              435

     Significant shell pairs:               118
     Significant AO pairs:                  431

     Construct shell pairs:                 120
     Construct AO pairs:                    435

  Iter.  #Sign. ao pairs / shell pairs   Max diagonal    #Qualified    #Cholesky    Cholesky array size
  -------------------------------------------------------------------------------------------------------
     1               406 /     108       0.47383E+01         147             42             17052
     2               319 /      93       0.47165E-01         234            111             35409
     3               250 /      76       0.46944E-03         178            183             45750
     4               187 /      55       0.38270E-05         145            265             49555
     5                87 /      25       0.38106E-07          78            324             28188
     6                21 /       3       0.37202E-09          43            349              7329
     7                 0 /       0       0.36652E-11           7            354                 0
  -------------------------------------------------------------------------------------------------------

  - Summary of Cholesky decomposition of electronic repulsion integrals:

     Final number of Cholesky vectors: 354

 - Testing the Cholesky decomposition decomposition electronic repulsion integrals:

     Maximal difference between approximate and actual diagonal:              0.7161E-12
     Minimal element of difference between approximate and actual diagonal:  -0.1238E-14

  - Settings for integral handling:

     Cholesky vectors in memory: True
     ERI matrix in memory:       False
     T1 ERI matrix in memory:    True

  - Finished decomposing the ERIs.

     Total wall time (sec):              0.11369
     Total cpu time (sec):               0.22932


  2) Preparation of MO basis and integrals


  3) Calculation of the ground state (diis algorithm)

   - DIIS coupled cluster ground state solver
  ----------------------------------------------

  A DIIS CC ground state amplitude equations solver. It uses an extrapolation 
  of previous quasi-Newton perturbation theory estimates of the next amplitudes. 
  See Helgaker et al., Molecular Electronic Structure Theory, Chapter 
  13.

  - CC ground state solver settings:

     Residual threshold:            0.1000E-09
     Energy threshold:              0.1000E-09
     Max number of iterations:      100

  - DIIS tool settings:

     DIIS dimension:   8

     Storage (cc_gs_diis_e): file
     Storage (cc_gs_diis_x): file

  Iteration    Energy (a.u.)        |omega|       Delta E (a.u.)
  ---------------------------------------------------------------
    1           -79.084241931609     0.9391E-01     0.7908E+02
    2           -79.092586666608     0.2720E-01     0.8345E-02
    3           -79.099408028306     0.7507E-02     0.6821E-02
    4           -79.100345871309     0.2095E-02     0.9378E-03
    5           -79.100371860301     0.5154E-03     0.2599E-04
    6           -79.100393801016     0.2313E-03     0.2194E-04
    7           -79.100385611260     0.4933E-04     0.8190E-05
    8           -79.100384217524     0.1180E-04     0.1394E-05
    9           -79.100383621795     0.4135E-05     0.5957E-06
   10           -79.100383427012     0.1779E-05     0.1948E-06
   11           -79.100383466393     0.6705E-06     0.3938E-07
   12           -79.100383474630     0.2989E-06     0.8237E-08
   13           -79.100383487352     0.1028E-06     0.1272E-07
   14           -79.100383481865     0.3056E-07     0.5487E-08
   15           -79.100383481092     0.6508E-08     0.7730E-09
   16           -79.100383481303     0.2112E-08     0.2109E-09
   17           -79.100383481485     0.6588E-09     0.1819E-09
   18           -79.100383481546     0.1594E-09     0.6158E-10
   19           -79.100383481554     0.5326E-10     0.7915E-11
  ---------------------------------------------------------------
  Convergence criterion met in 19 iterations!

  - Ground state summary:

     Final ground state energy (a.u.):   -79.100383481554

     Correlation energy (a.u.):           -0.256531787923

     Largest single amplitudes:
     -----------------------------------
        a       i         t(a,i)
     -----------------------------------
        1      5        0.014740597486
       14      4       -0.009546856216
        7      4        0.008284826477
       15      5       -0.006124828872
        4      5        0.005606072685
        6      2        0.005476844297
        2      4        0.005318591723
       13      5        0.005269818340
        5      6        0.004933006894
       11      6       -0.003454309400
     ------------------------------------

     Largest double amplitudes:
     --------------------------------------------------
        a      i       b      j         t(ai,bj)
     --------------------------------------------------
        2      4       2      4       -0.047351708919
        5      6       5      6       -0.046240574399
        9      3       9      3       -0.041367012251
        3      4       3      4       -0.036659067518
        6      5       6      5       -0.034554012169
        1      5       1      5       -0.034177347752
       16      3      16      3       -0.032108235347
       17      3      17      3       -0.032052553602
       18      3      18      3       -0.031351828683
        2      4       3      4       -0.029701270697
     --------------------------------------------------

  - Finished solving the CCSD ground state equations

     Total wall time (sec):              0.14663
     Total cpu time (sec):               0.29021


  4) Calculation of the excited state (davidson algorithm)
     Calculating left vectors

   - Davidson coupled cluster excited state solver
  ---------------------------------------------------

  A Davidson solver that calculates the lowest eigenvalues and the right 
  or left eigenvectors of the Jacobian matrix, A. The eigenvalue problem 
  is solved in a reduced space, the dimension of which is expanded until 
  the convergence criteria are met.

  A complete description of the algorithm can be found in E. R. Davidson, 
  J. Comput. Phys. 17, 87 (1975).

  - Settings for coupled cluster excited state solver (Davidson):

     Calculation type:    valence
     Excitation vectors:  left

     Residual threshold:            0.1000E-09
     Energy threshold:              0.1000E-09

     Number of singlet states:               2
     Max number of iterations:             100

   - Davidson tool settings:

     Number of parameters:                 9729
     Number of requested solutions:           2
     Max reduced space dimension:           100

     Storage (cc_es_davidson_trials): file
     Storage (cc_es_davidson_transforms): file

  Iteration:                  1
  Reduced space dimension:    2

   Root  Eigenvalue (Re)   Eigenvalue (Im)    |residual|   Delta E (Re)
  ------------------------------------------------------------------------
     1   0.378021731473    0.000000000000     0.7654E+00   0.3780E+00
     2   0.485447187524    0.000000000000     0.7383E+00   0.4854E+00
  ------------------------------------------------------------------------

  Iteration:                  2
  Reduced space dimension:    4

   Root  Eigenvalue (Re)   Eigenvalue (Im)    |residual|   Delta E (Re)
  ------------------------------------------------------------------------
     1   0.258159150408    0.000000000000     0.1252E+00   0.1199E+00
     2   0.368614853314    0.000000000000     0.1478E+00   0.1168E+00
  ------------------------------------------------------------------------

  Iteration:                  3
  Reduced space dimension:    6

   Root  Eigenvalue (Re)   Eigenvalue (Im)    |residual|   Delta E (Re)
  ------------------------------------------------------------------------
     1   0.249912986484    0.000000000000     0.3569E-01   0.8246E-02
     2   0.360121714916    0.000000000000     0.5353E-01   0.8493E-02
  ------------------------------------------------------------------------

  Iteration:                  4
  Reduced space dimension:    8

   Root  Eigenvalue (Re)   Eigenvalue (Im)    |residual|   Delta E (Re)
  ------------------------------------------------------------------------
     1   0.247298670191    0.000000000000     0.1499E-01   0.2614E-02
     2   0.356078958322    0.000000000000     0.2004E-01   0.4043E-02
  ------------------------------------------------------------------------

  Iteration:                  5
  Reduced space dimension:   10

   Root  Eigenvalue (Re)   Eigenvalue (Im)    |residual|   Delta E (Re)
  ------------------------------------------------------------------------
     1   0.247178491537    0.000000000000     0.2952E-02   0.1202E-03
     2   0.356079566202    0.000000000000     0.5369E-02   0.6079E-06
  ------------------------------------------------------------------------

  Iteration:                  6
  Reduced space dimension:   12

   Root  Eigenvalue (Re)   Eigenvalue (Im)    |residual|   Delta E (Re)
  ------------------------------------------------------------------------
     1   0.247193605031    0.000000000000     0.7409E-03   0.1511E-04
     2   0.356080285085    0.000000000000     0.1799E-02   0.7189E-06
  ------------------------------------------------------------------------

  Iteration:                  7
  Reduced space dimension:   14

   Root  Eigenvalue (Re)   Eigenvalue (Im)    |residual|   Delta E (Re)
  ------------------------------------------------------------------------
     1   0.247193990536    0.000000000000     0.2221E-03   0.3855E-06
     2   0.356088937913    0.000000000000     0.6821E-03   0.8653E-05
  ------------------------------------------------------------------------

  Iteration:                  8
  Reduced space dimension:   16

   Root  Eigenvalue (Re)   Eigenvalue (Im)    |residual|   Delta E (Re)
  ------------------------------------------------------------------------
     1   0.247193950324    0.000000000000     0.7236E-04   0.4021E-07
     2   0.356080445477    0.000000000000     0.2983E-03   0.8492E-05
  ------------------------------------------------------------------------

  Iteration:                  9
  Reduced space dimension:   18

   Root  Eigenvalue (Re)   Eigenvalue (Im)    |residual|   Delta E (Re)
  ------------------------------------------------------------------------
     1   0.247194148576    0.000000000000     0.4366E-04   0.1983E-06
     2   0.356089987034    0.000000000000     0.4000E-03   0.9542E-05
  ------------------------------------------------------------------------

  Iteration:                 10
  Reduced space dimension:   20

   Root  Eigenvalue (Re)   Eigenvalue (Im)    |residual|   Delta E (Re)
  ------------------------------------------------------------------------
     1   0.247194402988    0.000000000000     0.3592E-04   0.2544E-06
     2   0.333679157130    0.000000000000     0.2281E+00   0.2241E-01
  ------------------------------------------------------------------------

  Iteration:                 11
  Reduced space dimension:   22

   Root  Eigenvalue (Re)   Eigenvalue (Im)    |residual|   Delta E (Re)
  ------------------------------------------------------------------------
     1   0.247194295870    0.000000000000     0.1247E-04   0.1071E-06
     2   0.314020214826    0.000000000000     0.7377E-01   0.1966E-01
  ------------------------------------------------------------------------

  Iteration:                 12
  Reduced space dimension:   24

   Root  Eigenvalue (Re)   Eigenvalue (Im)    |residual|   Delta E (Re)
  ------------------------------------------------------------------------
     1   0.247194246621    0.000000000000     0.4052E-05   0.4925E-07
     2   0.313605474323    0.000000000000     0.2230E-01   0.4147E-03
  ------------------------------------------------------------------------

  Iteration:                 13
  Reduced space dimension:   26

   Root  Eigenvalue (Re)   Eigenvalue (Im)    |residual|   Delta E (Re)
  ------------------------------------------------------------------------
     1   0.247194256348    0.000000000000     0.1489E-05   0.9727E-08
     2   0.312649305507    0.000000000000     0.8816E-02   0.9562E-03
  ------------------------------------------------------------------------

  Iteration:                 14
  Reduced space dimension:   28

   Root  Eigenvalue (Re)   Eigenvalue (Im)    |residual|   Delta E (Re)
  ------------------------------------------------------------------------
     1   0.247194256192    0.000000000000     0.7526E-06   0.1558E-09
     2   0.312682190072    0.000000000000     0.5883E-02   0.3288E-04
  ------------------------------------------------------------------------

  Iteration:                 15
  Reduced space dimension:   30

   Root  Eigenvalue (Re)   Eigenvalue (Im)    |residual|   Delta E (Re)
  ------------------------------------------------------------------------
     1   0.247194255442    0.000000000000     0.3207E-06   0.7504E-09
     2   0.312694664573    0.000000000000     0.3215E-02   0.1247E-04
  ------------------------------------------------------------------------

  Iteration:                 16
  Reduced space dimension:   32

   Root  Eigenvalue (Re)   Eigenvalue (Im)    |residual|   Delta E (Re)
  ------------------------------------------------------------------------
     1   0.247194255520    0.000000000000     0.1265E-06   0.7814E-10
     2   0.312716629144    0.000000000000     0.1394E-02   0.2196E-04
  ------------------------------------------------------------------------

  Iteration:                 17
  Reduced space dimension:   34

   Root  Eigenvalue (Re)   Eigenvalue (Im)    |residual|   Delta E (Re)
  ------------------------------------------------------------------------
     1   0.247194255594    0.000000000000     0.5134E-07   0.7337E-10
     2   0.312725511666    0.000000000000     0.6518E-03   0.8883E-05
  ------------------------------------------------------------------------

  Iteration:                 18
  Reduced space dimension:   36

   Root  Eigenvalue (Re)   Eigenvalue (Im)    |residual|   Delta E (Re)
  ------------------------------------------------------------------------
     1   0.247194255594    0.000000000000     0.1851E-07   0.5307E-12
     2   0.312713819215    0.000000000000     0.2817E-03   0.1169E-04
  ------------------------------------------------------------------------

  Iteration:                 19
  Reduced space dimension:   38

   Root  Eigenvalue (Re)   Eigenvalue (Im)    |residual|   Delta E (Re)
  ------------------------------------------------------------------------
     1   0.247194255563    0.000000000000     0.5000E-08   0.3124E-10
     2   0.312717014668    0.000000000000     0.9086E-04   0.3195E-05
  ------------------------------------------------------------------------

  Iteration:                 20
  Reduced space dimension:   40

   Root  Eigenvalue (Re)   Eigenvalue (Im)    |residual|   Delta E (Re)
  ------------------------------------------------------------------------
     1   0.247194255570    0.000000000000     0.1516E-08   0.7161E-11
     2   0.312716787101    0.000000000000     0.2818E-04   0.2276E-06
  ------------------------------------------------------------------------

  Iteration:                 21
  Reduced space dimension:   42

   Root  Eigenvalue (Re)   Eigenvalue (Im)    |residual|   Delta E (Re)
  ------------------------------------------------------------------------
     1   0.247194255571    0.000000000000     0.4675E-09   0.8243E-12
     2   0.312716704899    0.000000000000     0.8971E-05   0.8220E-07
  ------------------------------------------------------------------------

  Iteration:                 22
  Reduced space dimension:   44

   Root  Eigenvalue (Re)   Eigenvalue (Im)    |residual|   Delta E (Re)
  ------------------------------------------------------------------------
     1   0.247194255571    0.000000000000     0.1192E-09   0.2533E-12
     2   0.312716697780    0.000000000000     0.2407E-05   0.7120E-08
  ------------------------------------------------------------------------

  Iteration:                 23
  Reduced space dimension:   46

   Root  Eigenvalue (Re)   Eigenvalue (Im)    |residual|   Delta E (Re)
  ------------------------------------------------------------------------
     1   0.247194255570    0.000000000000     0.3105E-10   0.2032E-12
     2   0.312716695638    0.000000000000     0.6759E-06   0.2142E-08
  ------------------------------------------------------------------------

  Iteration:                 24
  Reduced space dimension:   47

   Root  Eigenvalue (Re)   Eigenvalue (Im)    |residual|   Delta E (Re)
  ------------------------------------------------------------------------
     1   0.247194255570    0.000000000000     0.1208E-10   0.1261E-12
     2   0.312716700161    0.000000000000     0.2043E-06   0.4523E-08
  ------------------------------------------------------------------------

  Iteration:                 25
  Reduced space dimension:   48

   Root  Eigenvalue (Re)   Eigenvalue (Im)    |residual|   Delta E (Re)
  ------------------------------------------------------------------------
     1   0.247194255570    0.000000000000     0.9038E-11   0.1860E-13
     2   0.312716699062    0.000000000000     0.6173E-07   0.1099E-08
  ------------------------------------------------------------------------

  Iteration:                 26
  Reduced space dimension:   49

   Root  Eigenvalue (Re)   Eigenvalue (Im)    |residual|   Delta E (Re)
  ------------------------------------------------------------------------
     1   0.247194255570    0.000000000000     0.8803E-11   0.1388E-15
     2   0.312716698635    0.000000000000     0.1628E-07   0.4268E-09
  ------------------------------------------------------------------------

  Iteration:                 27
  Reduced space dimension:   50

   Root  Eigenvalue (Re)   Eigenvalue (Im)    |residual|   Delta E (Re)
  ------------------------------------------------------------------------
     1   0.247194255570    0.000000000000     0.8810E-11   0.9159E-15
     2   0.312716698792    0.000000000000     0.4659E-08   0.1562E-09
  ------------------------------------------------------------------------

  Iteration:                 28
  Reduced space dimension:   51

   Root  Eigenvalue (Re)   Eigenvalue (Im)    |residual|   Delta E (Re)
  ------------------------------------------------------------------------
     1   0.247194255570    0.000000000000     0.8810E-11   0.5829E-15
     2   0.312716698776    0.000000000000     0.1411E-08   0.1551E-10
  ------------------------------------------------------------------------

  Iteration:                 29
  Reduced space dimension:   52

   Root  Eigenvalue (Re)   Eigenvalue (Im)    |residual|   Delta E (Re)
  ------------------------------------------------------------------------
     1   0.247194255570    0.000000000000     0.8813E-11   0.2276E-14
     2   0.312716698777    0.000000000000     0.5032E-09   0.9629E-12
  ------------------------------------------------------------------------

  Iteration:                 30
  Reduced space dimension:   53

   Root  Eigenvalue (Re)   Eigenvalue (Im)    |residual|   Delta E (Re)
  ------------------------------------------------------------------------
     1   0.247194255570    0.000000000000     0.8812E-11   0.2914E-14
     2   0.312716698778    0.000000000000     0.1492E-09   0.1060E-11
  ------------------------------------------------------------------------

  Iteration:                 31
  Reduced space dimension:   54

   Root  Eigenvalue (Re)   Eigenvalue (Im)    |residual|   Delta E (Re)
  ------------------------------------------------------------------------
     1   0.247194255570    0.000000000000     0.8815E-11   0.1443E-14
     2   0.312716698777    0.000000000000     0.4268E-10   0.9037E-12
  ------------------------------------------------------------------------
  Convergence criterion met in 31 iterations!

  - Excitation vector amplitudes:

     Electronic state nr. 1

     Energy (Hartree):                  0.247194255570
     Fraction singles (|L1|/|L|):       0.942536368059

     Largest single amplitudes:
     -----------------------------------
        a       i         L(a,i)
     -----------------------------------
        1      6        0.934321066336
        4      6        0.114002382612
        6      6       -0.032814400828
       13      6       -0.027947643735
        1      3       -0.010930020791
        1      5        0.007879253285
       22      6        0.007408446952
       10      6        0.006944886702
       19      5       -0.006882560536
        9      6       -0.006676723238
     ------------------------------------

     Largest double amplitudes:
     --------------------------------------------------
        a      i       b      j         L(ai,bj)
     --------------------------------------------------
        2      4       1      6       -0.171079645353
        6      5       1      6        0.100212340584
        3      4       1      6       -0.099658455498
        1      5       1      6       -0.089486547891
        4      5       1      6       -0.079266906024
        1      6       5      6       -0.071510175868
        7      4       1      6        0.068318341914
        1      2       1      6       -0.065029437020
        4      4       2      6       -0.055727685954
        3      5       2      6       -0.042559408818
     --------------------------------------------------

     Electronic state nr. 2

     Energy (Hartree):                  0.312716698777
     Fraction singles (|L1|/|L|):       0.947346929585

     Largest single amplitudes:
     -----------------------------------
        a       i         L(a,i)
     -----------------------------------
        2      6        0.929176283475
        3      6        0.170171916905
        7      6       -0.067040287511
       14      6        0.019343770380
        2      3       -0.010988929729
       12      6       -0.005562563578
        8      2       -0.005268480761
        2      5        0.005150490915
        5      4       -0.004776593205
       11      4       -0.003612608696
     ------------------------------------

     Largest double amplitudes:
     --------------------------------------------------
        a      i       b      j         L(ai,bj)
     --------------------------------------------------
        1      5       2      6       -0.127019523026
        2      4       2      6       -0.118729473850
        3      4       2      6       -0.091137477759
        6      5       2      6        0.082397334664
        7      4       2      6        0.081191332735
        1      2       2      6       -0.072465986375
        4      5       2      6       -0.072390631932
        2      6       5      6       -0.065336366672
        3      5       1      6       -0.053276119551
        4      4       1      6       -0.048446470293
     --------------------------------------------------

     - Electronic excitation energies:

                                      Excitation energy
                          ------------------------------------------
      State                (Hartree)             (eV)
     ---------------------------------------------------------------
        1                  0.247194255570        6.726498310247
        2                  0.312716698777        8.509454805324
     ---------------------------------------------------------------
     eV/Hartree (CODATA 2014): 27.21138602

  - Finished solving the CCSD excited state equations (left)

     Total wall time (sec):              0.30745
     Total cpu time (sec):               0.61456

  - Timings for the CCSD excited state calculation

     Total wall time (sec):              0.56815
     Total cpu time (sec):               1.13446

  ------------------------------------------------------------

  Peak memory usage during the execution of eT: 16.353888 MB

  Total wall time in eT (sec):              0.87863
  Total cpu time in eT (sec):               1.67564

  Calculation ended: 2021-06-07 12:50:29 UTC +02:00

  - Implementation references:

     eT: https://doi.org/10.1063/5.0004713
     Cholesky decomposition of ERIs: https://doi.org/10.1063/1.5083802

  eT terminated successfully!
