


                     eT 1.5 - an electronic structure program

  ------------------------------------------------------------------------
   Author list in alphabetical order:
  ------------------------------------------------------------------------
   J. H. Andersen, A. Balbi, S. Coriani, S. D. Folkestad, T. Giovannini, 
   L. Goletto, T. S. Haugland, A. Hutcheson, I-M. Høyvik, E. F. Kjønstad, 
   H. Koch, T. Moitra, R. H. Myhre, A. C. Paul, S. Roet, M. Scavino, 
   A. Skeidsvoll, Å. H. Tveten
  ------------------------------------------------------------------------
   J. Chem. Phys. 152, 184103 (2020); https://doi.org/10.1063/5.0004713


   This is eT 1.5.0 Furia (development)
  ------------------------------------------------------------
  Configuration date: 2021-10-06 10:20:02 UTC +02:00
  Git branch:         hf-cleanup-oao-stuff
  Git hash:           82fed81e1022a04236e45d2edec97a412b5fa7bd
  Fortran compiler:   GNU 10.3.0
  C compiler:         GNU 10.3.0
  C++ compiler:       GNU 10.3.0
  LAPACK type:        SYSTEM_NATIVE
  BLAS type:          SYSTEM_NATIVE
  64-bit integers:    OFF
  OpenMP:             ON
  PCM:                OFF
  Forced batching:    OFF
  Runtime checks:     OFF
  ------------------------------------------------------------

  Calculation started: 2021-10-06 10:31:20 UTC +02:00


  :: Input file
  ================

     Note: geometry section is excluded from this print

     system
        name: H2O-He
        charge: 0
     end system

     do
        excited state
     end do

     memory
        available: 8
     end memory

     solver cholesky
        threshold: 1.0d-12
     end solver cholesky

     solver scf
        algorithm:          scf-diis
        energy threshold:   1.0d-10
        gradient threshold: 1.0d-10
     end solver scf

     method
        hf
        mlccsd
     end method

     solver cc gs
        omega threshold:  1.0d-10
        energy threshold: 1.0d-10
     end solver cc gs

     solver cc es
        algorithm:          davidson
        singlet states:     2
        residual threshold: 1.0d-11
        energy threshold:   1.0d-11
        right eigenvectors
     end solver cc es


     mlcc
        levels: ccs, ccsd
        ccsd orbitals: cnto-approx
        cnto occupied ccsd: 2
        cnto states: {1,2}
     end mlcc


  Running on 2 OMP threads
  Memory available for calculation: 8.000000 GB


  :: RHF wavefunction
  ======================

     ==============================================================================
                                     Geometry (angstrom)
     ==============================================================================
        Atom           X                  Y                  Z         # in input
     ==============================================================================
        Basis: cc-pvdz
        1  H     0.866810000000     0.601440000000     5.000000000000        1
        2  H    -0.866810000000     0.601440000000     5.000000000000        2
        3  O     0.000000000000    -0.075790000000     5.000000000000        3
        4 He     0.100000000000    -0.020000000000     7.530000000000        4
     ==============================================================================

     ==============================================================================
                                     Geometry (a.u.)
     ==============================================================================
        Atom           X                  Y                  Z         # in input
     ==============================================================================
        Basis: cc-pvdz
        1  H     1.638033502034     1.136556880358     9.448630622825        1
        2  H    -1.638033502034     1.136556880358     9.448630622825        2
        3  O     0.000000000000    -0.143222342981     9.448630622825        3
        4 He     0.188972612457    -0.037794522491    14.229637717975        4
     ==============================================================================

  - Cholesky decomposition of AO overlap to get linearly independent AOs:

     Linear dependence threshold:             0.10E-05
     Number of atomic orbitals:               29
     Number of orthonormal atomic orbitals:   29

  - Molecular orbital details:

     Number of occupied orbitals:         6
     Number of virtual orbitals:         23
     Number of molecular orbitals:       29


  :: Hartree-Fock engine
  =========================

  Drives the calculation of the Hartree-Fock state.

  This is a RHF ground state calculation.
  The following tasks will be performed:

     1) Generate initial SAD density
     2) Calculation of reference state (SCF-DIIS algorithm)


  1) Generate initial SAD density


  2) Calculation of reference state (SCF-DIIS algorithm)

  - SCF solver settings:

     Maximum iterations:                   100
     Acceleration type:                   diis

  - Convergence thresholds

     Residual threshold:            0.1000E-09
     Energy threshold:              0.1000E-09

  - Setting initial AO density to sad

     Energy of initial guess:               -78.492022836361
     Number of electrons in guess:           12.000000000000

  - Screening and integral thresholds:

     Coulomb screening threshold:    0.1000E-15
     Exchange screening threshold:   0.1000E-13
     ERI cutoff:                     0.1000E-15
     One-electron integral  cutoff:  0.1000E-20
     Cumulative Fock threshold:      0.1000E+01

  - DIIS tool settings:

     DIIS dimension:   8

     Storage (solver scf_errors): memory
     Storage (solver scf_parameters): memory

  Iteration       Energy (a.u.)      Max(grad.)    Delta E (a.u.)
  ---------------------------------------------------------------
     1           -78.796606592568     0.9786E-01     0.7880E+02
     2           -78.828675852646     0.7077E-01     0.3207E-01
     3           -78.843487343819     0.6747E-02     0.1481E-01
     4           -78.843814479549     0.2753E-02     0.3271E-03
     5           -78.843850612079     0.3973E-03     0.3613E-04
     6           -78.843851670925     0.5220E-04     0.1059E-05
     7           -78.843851692779     0.6096E-05     0.2185E-07
     8           -78.843851693528     0.2137E-05     0.7487E-09
     9           -78.843851693630     0.3151E-06     0.1027E-09
    10           -78.843851693631     0.2637E-07     0.4974E-12
    11           -78.843851693631     0.5634E-08     0.2842E-13
    12           -78.843851693631     0.1415E-08     0.5684E-13
    13           -78.843851693631     0.6806E-09     0.1421E-13
    14           -78.843851693631     0.1491E-09     0.1421E-13
    15           -78.843851693631     0.2501E-10     0.7105E-13
  ---------------------------------------------------------------
  Convergence criterion met in 15 iterations!

  - Summary of RHF wavefunction energetics (a.u.):

     HOMO-LUMO gap:                  0.645629080219
     Nuclear repulsion energy:      12.116100574587
     Electronic energy:            -90.959952268218
     Total energy:                 -78.843851693631

  - Timings for the RHF ground state calculation

     Total wall time (sec):              0.83000
     Total cpu time (sec):               1.47692


  :: MLCCSD wavefunction
  =========================

     Bath orbital(s):         False

   - Number of orbitals:

     Occupied orbitals:    6
     Virtual orbitals:     23
     Molecular orbitals:   29
     Atomic orbitals:      29


  :: Excited state coupled cluster engine
  ==========================================

  Calculates the coupled cluster excitation vectors and excitation energies

  This is a MLCCSD excited state calculation.
  The following tasks will be performed:

     1) Cholesky decomposition of the electron repulsion integrals
     2) Preparation of MO basis and integrals
     3) Calculation of the ground state (diis algorithm)
     4) Calculation of the excited state (davidson algorithm)


  1) Cholesky decomposition of the electron repulsion integrals

   - Cholesky decomposition of electronic repulsion integrals solver
  ---------------------------------------------------------------------

  Performs a Cholesky decomposition of the two-electron electronic repulsion 
  integrals in the atomic orbital basis,

  (ab|cd) = sum_J L_ab^J L_cd^J.

  Once the Cholesky basis has been determined, the vectors L^J are constructed 
  and stored to disk. These may either be used directly, or be transformed 
  to the MO basis for use in post-HF calculations. For more information, 
  see S. D. Folkestad, E. F. Kjønstad and H. Koch, JCP, 150(19), (2019)

  - Cholesky decomposition settings:

     Target threshold is:   0.10E-11
     Span factor:           0.10E-01
     Max qual:                  1000

  - Cholesky decomposition ao details:

     Total number of AOs:                    29
     Total number of shell pairs:           120
     Total number of AO pairs:              435

     Significant shell pairs:               118
     Significant AO pairs:                  431

     Construct shell pairs:                 120
     Construct AO pairs:                    435

  Iter.  #Sign. ao pairs / shell pairs   Max diagonal    #Qualified    #Cholesky    Cholesky array size
  -------------------------------------------------------------------------------------------------------
     1               406 /     108       0.47383E+01         147             42             17052
     2               319 /      93       0.47165E-01         234            111             35409
     3               250 /      76       0.46944E-03         178            183             45750
     4               187 /      55       0.38270E-05         145            265             49555
     5                87 /      25       0.38106E-07          78            324             28188
     6                21 /       3       0.37202E-09          43            349              7329
     7                 0 /       0       0.36652E-11           7            354                 0
  -------------------------------------------------------------------------------------------------------

  - Summary of Cholesky decomposition of electronic repulsion integrals:

     Final number of Cholesky vectors: 354

 - Testing the Cholesky decomposition decomposition electronic repulsion integrals:

     Maximal difference between approximate and actual diagonal:              0.7161E-12
     Minimal element of difference between approximate and actual diagonal:  -0.1238E-14

  - Settings for integral handling:

     Cholesky vectors in memory: True
     ERI matrix in memory:       False
     T1 ERI matrix in memory:    False

  - Finished decomposing the ERIs.

     Total wall time (sec):              0.38700
     Total cpu time (sec):               0.60941


  2) Preparation of MO basis and integrals

  Running CCS calculation for NTOs/CNTOs.

  - Summary of CCS calculation for NTOs/CNTOs:

     Wall time for CCS ground calculation (sec):                   0.01
     CPU time for CCS ground calculation (sec):                    0.01

     Wall time for CCS excited calculation (sec):                  0.11
     CPU time for CCS excited calculation (sec):                   0.12

  - MLCCSD orbital partitioning:

     Orbital type: cnto-approx

     Number occupied ccsd orbitals:    2
     Number virtual ccsd orbitals:     6

     Number occupied cc2 orbitals:     0
     Number virtual cc2 orbitals:      0

     Number occupied ccs orbitals:     4
     Number virtual ccs orbitals:     17


  3) Calculation of the ground state (diis algorithm)

   - DIIS coupled cluster ground state solver
  ----------------------------------------------

  A DIIS CC ground state amplitude equations solver. It uses an extrapolation 
  of previous quasi-Newton perturbation theory estimates of the next amplitudes. 
  See Helgaker et al., Molecular Electronic Structure Theory, Chapter 
  13.

  - CC ground state solver settings:

  - Convergence thresholds

     Residual threshold:            0.1000E-09
     Energy threshold:              0.1000E-09
     Max number of iterations:      100

  - DIIS tool settings:

     DIIS dimension:   8

     Storage (cc_gs_diis_errors): file
     Storage (cc_gs_diis_parameters): file

  Iteration    Energy (a.u.)        |omega|       Delta E (a.u.)
  ---------------------------------------------------------------
    1           -78.884385824240     0.3973E-01     0.7888E+02
    2           -78.890781570167     0.1082E-01     0.6396E-02
    3           -78.892708929796     0.1470E-02     0.1927E-02
    4           -78.892723086385     0.3727E-03     0.1416E-04
    5           -78.892719723685     0.9161E-04     0.3363E-05
    6           -78.892720470880     0.2604E-04     0.7472E-06
    7           -78.892720196648     0.8086E-05     0.2742E-06
    8           -78.892720253569     0.2705E-05     0.5692E-07
    9           -78.892720286756     0.1006E-05     0.3319E-07
   10           -78.892720275802     0.3690E-06     0.1095E-07
   11           -78.892720271832     0.8479E-07     0.3970E-08
   12           -78.892720272147     0.2333E-07     0.3157E-09
   13           -78.892720271206     0.4506E-08     0.9413E-09
   14           -78.892720271017     0.1351E-08     0.1892E-09
   15           -78.892720271013     0.4630E-09     0.3368E-11
   16           -78.892720271042     0.8942E-10     0.2892E-10
  ---------------------------------------------------------------
  Convergence criterion met in 16 iterations!

  - Ground state summary:

     Final ground state energy (a.u.):   -78.892720271042

     Correlation energy (a.u.):           -0.048868577412

     Largest single amplitudes:
     -----------------------------------
        a       i         t(a,i)
     -----------------------------------
        5      1        0.005768597071
        7      1        0.005381365331
        2      1        0.004352406366
        4      1       -0.003408227074
       11      2       -0.003155962720
        4      2        0.003116881053
       14      1       -0.003056435030
        1      6       -0.002538962847
        5      2        0.001818558139
       13      1        0.001099318456
     ------------------------------------

  - Finished solving the MLCCSD ground state equations

     Total wall time (sec):              0.18000
     Total cpu time (sec):               0.21085


  4) Calculation of the excited state (davidson algorithm)
     Calculating right vectors

   - Davidson coupled cluster excited state solver
  ---------------------------------------------------

  A Davidson solver that calculates the lowest eigenvalues and the right 
  or left eigenvectors of the Jacobian matrix, A. The eigenvalue problem 
  is solved in a reduced space, the dimension of which is expanded until 
  the convergence criteria are met.

  A complete description of the algorithm can be found in E. R. Davidson, 
  J. Comput. Phys. 17, 87 (1975).

  - Settings for coupled cluster excited state solver (Davidson):

     Calculation type:    valence
     Excitation vectors:  right

  - Convergence thresholds

     Residual threshold:            0.1000E-10
     Energy threshold:              0.1000E-10

     Number of singlet states:               2
     Max number of iterations:             100

   - Davidson tool settings:

     Number of parameters:                  216
     Number of requested solutions:           2
     Max reduced space dimension:           100

     Storage (cc_es_davidson_trials): file
     Storage (cc_es_davidson_transforms): file

  Iteration:                  1
  Reduced space dimension:    2

   Root  Eigenvalue (Re)   Eigenvalue (Im)    |residual|   Delta E (Re)
  ------------------------------------------------------------------------
     1   0.321876342396    0.000000000000     0.2678E+00   0.3219E+00
     2   0.411152019611    0.000000000000     0.1658E+00   0.4112E+00
  ------------------------------------------------------------------------

  Iteration:                  2
  Reduced space dimension:    4

   Root  Eigenvalue (Re)   Eigenvalue (Im)    |residual|   Delta E (Re)
  ------------------------------------------------------------------------
     1   0.253510629203    0.000000000000     0.6751E-01   0.6837E-01
     2   0.389101080813    0.000000000000     0.5694E-01   0.2205E-01
  ------------------------------------------------------------------------

  Iteration:                  3
  Reduced space dimension:    6

   Root  Eigenvalue (Re)   Eigenvalue (Im)    |residual|   Delta E (Re)
  ------------------------------------------------------------------------
     1   0.249894483949    0.000000000000     0.2454E-01   0.3616E-02
     2   0.385263857305    0.000000000000     0.2586E-01   0.3837E-02
  ------------------------------------------------------------------------

  Iteration:                  4
  Reduced space dimension:    8

   Root  Eigenvalue (Re)   Eigenvalue (Im)    |residual|   Delta E (Re)
  ------------------------------------------------------------------------
     1   0.250044642008    0.000000000000     0.5980E-02   0.1502E-03
     2   0.384473603171    0.000000000000     0.7181E-02   0.7903E-03
  ------------------------------------------------------------------------

  Iteration:                  5
  Reduced space dimension:   10

   Root  Eigenvalue (Re)   Eigenvalue (Im)    |residual|   Delta E (Re)
  ------------------------------------------------------------------------
     1   0.250269330484    0.000000000000     0.1637E-02   0.2247E-03
     2   0.384457707721    0.000000000000     0.3375E-02   0.1590E-04
  ------------------------------------------------------------------------

  Iteration:                  6
  Reduced space dimension:   12

   Root  Eigenvalue (Re)   Eigenvalue (Im)    |residual|   Delta E (Re)
  ------------------------------------------------------------------------
     1   0.250293667669    0.000000000000     0.5209E-03   0.2434E-04
     2   0.384428079115    0.000000000000     0.7316E-03   0.2963E-04
  ------------------------------------------------------------------------

  Iteration:                  7
  Reduced space dimension:   14

   Root  Eigenvalue (Re)   Eigenvalue (Im)    |residual|   Delta E (Re)
  ------------------------------------------------------------------------
     1   0.250287944295    0.000000000000     0.7865E-04   0.5723E-05
     2   0.384423407464    0.000000000000     0.3655E-03   0.4672E-05
  ------------------------------------------------------------------------

  Iteration:                  8
  Reduced space dimension:   16

   Root  Eigenvalue (Re)   Eigenvalue (Im)    |residual|   Delta E (Re)
  ------------------------------------------------------------------------
     1   0.250284238255    0.000000000000     0.5219E-04   0.3706E-05
     2   0.384456927351    0.000000000000     0.5369E-02   0.3352E-04
  ------------------------------------------------------------------------

  Iteration:                  9
  Reduced space dimension:   18

   Root  Eigenvalue (Re)   Eigenvalue (Im)    |residual|   Delta E (Re)
  ------------------------------------------------------------------------
     1   0.250283373680    0.000000000000     0.2220E-04   0.8646E-06
     2   0.331853236247    0.000000000000     0.8666E-01   0.5260E-01
  ------------------------------------------------------------------------

  Iteration:                 10
  Reduced space dimension:   20

   Root  Eigenvalue (Re)   Eigenvalue (Im)    |residual|   Delta E (Re)
  ------------------------------------------------------------------------
     1   0.250283701734    0.000000000000     0.7329E-05   0.3281E-06
     2   0.323014522569    0.000000000000     0.2729E-01   0.8839E-02
  ------------------------------------------------------------------------

  Iteration:                 11
  Reduced space dimension:   22

   Root  Eigenvalue (Re)   Eigenvalue (Im)    |residual|   Delta E (Re)
  ------------------------------------------------------------------------
     1   0.250283755417    0.000000000000     0.2970E-05   0.5368E-07
     2   0.322475431427    0.000000000000     0.1434E-01   0.5391E-03
  ------------------------------------------------------------------------

  Iteration:                 12
  Reduced space dimension:   24

   Root  Eigenvalue (Re)   Eigenvalue (Im)    |residual|   Delta E (Re)
  ------------------------------------------------------------------------
     1   0.250283784419    0.000000000000     0.8323E-06   0.2900E-07
     2   0.322391519870    0.000000000000     0.5405E-02   0.8391E-04
  ------------------------------------------------------------------------

  Iteration:                 13
  Reduced space dimension:   26

   Root  Eigenvalue (Re)   Eigenvalue (Im)    |residual|   Delta E (Re)
  ------------------------------------------------------------------------
     1   0.250283786325    0.000000000000     0.2620E-06   0.1906E-08
     2   0.322277661728    0.000000000000     0.2052E-02   0.1139E-03
  ------------------------------------------------------------------------

  Iteration:                 14
  Reduced space dimension:   28

   Root  Eigenvalue (Re)   Eigenvalue (Im)    |residual|   Delta E (Re)
  ------------------------------------------------------------------------
     1   0.250283786030    0.000000000000     0.6854E-07   0.2951E-09
     2   0.322271640231    0.000000000000     0.6037E-03   0.6021E-05
  ------------------------------------------------------------------------

  Iteration:                 15
  Reduced space dimension:   30

   Root  Eigenvalue (Re)   Eigenvalue (Im)    |residual|   Delta E (Re)
  ------------------------------------------------------------------------
     1   0.250283786475    0.000000000000     0.2015E-07   0.4457E-09
     2   0.322284342638    0.000000000000     0.2249E-03   0.1270E-04
  ------------------------------------------------------------------------

  Iteration:                 16
  Reduced space dimension:   32

   Root  Eigenvalue (Re)   Eigenvalue (Im)    |residual|   Delta E (Re)
  ------------------------------------------------------------------------
     1   0.250283786600    0.000000000000     0.5708E-08   0.1244E-09
     2   0.322283379674    0.000000000000     0.8729E-04   0.9630E-06
  ------------------------------------------------------------------------

  Iteration:                 17
  Reduced space dimension:   34

   Root  Eigenvalue (Re)   Eigenvalue (Im)    |residual|   Delta E (Re)
  ------------------------------------------------------------------------
     1   0.250283786548    0.000000000000     0.1395E-08   0.5198E-10
     2   0.322282719041    0.000000000000     0.2515E-04   0.6606E-06
  ------------------------------------------------------------------------

  Iteration:                 18
  Reduced space dimension:   36

   Root  Eigenvalue (Re)   Eigenvalue (Im)    |residual|   Delta E (Re)
  ------------------------------------------------------------------------
     1   0.250283786524    0.000000000000     0.5202E-09   0.2395E-10
     2   0.322282728059    0.000000000000     0.9416E-05   0.9018E-08
  ------------------------------------------------------------------------

  Iteration:                 19
  Reduced space dimension:   38

   Root  Eigenvalue (Re)   Eigenvalue (Im)    |residual|   Delta E (Re)
  ------------------------------------------------------------------------
     1   0.250283786525    0.000000000000     0.1154E-09   0.7497E-12
     2   0.322282743473    0.000000000000     0.2435E-05   0.1541E-07
  ------------------------------------------------------------------------

  Iteration:                 20
  Reduced space dimension:   40

   Root  Eigenvalue (Re)   Eigenvalue (Im)    |residual|   Delta E (Re)
  ------------------------------------------------------------------------
     1   0.250283786526    0.000000000000     0.2523E-10   0.1615E-11
     2   0.322282736799    0.000000000000     0.6503E-06   0.6674E-08
  ------------------------------------------------------------------------

  Iteration:                 21
  Reduced space dimension:   42

   Root  Eigenvalue (Re)   Eigenvalue (Im)    |residual|   Delta E (Re)
  ------------------------------------------------------------------------
     1   0.250283786526    0.000000000000     0.4599E-11   0.9148E-13
     2   0.322282736235    0.000000000000     0.1315E-06   0.5638E-09
  ------------------------------------------------------------------------

  Iteration:                 22
  Reduced space dimension:   43

   Root  Eigenvalue (Re)   Eigenvalue (Im)    |residual|   Delta E (Re)
  ------------------------------------------------------------------------
     1   0.250283786526    0.000000000000     0.2295E-11   0.2837E-13
     2   0.322282736154    0.000000000000     0.2464E-07   0.8144E-10
  ------------------------------------------------------------------------

  Iteration:                 23
  Reduced space dimension:   44

   Root  Eigenvalue (Re)   Eigenvalue (Im)    |residual|   Delta E (Re)
  ------------------------------------------------------------------------
     1   0.250283786526    0.000000000000     0.2455E-11   0.8493E-14
     2   0.322282735884    0.000000000000     0.5365E-08   0.2701E-09
  ------------------------------------------------------------------------

  Iteration:                 24
  Reduced space dimension:   45

   Root  Eigenvalue (Re)   Eigenvalue (Im)    |residual|   Delta E (Re)
  ------------------------------------------------------------------------
     1   0.250283786526    0.000000000000     0.2321E-11   0.1665E-14
     2   0.322282735873    0.000000000000     0.1155E-08   0.1058E-10
  ------------------------------------------------------------------------

  Iteration:                 25
  Reduced space dimension:   46

   Root  Eigenvalue (Re)   Eigenvalue (Im)    |residual|   Delta E (Re)
  ------------------------------------------------------------------------
     1   0.250283786526    0.000000000000     0.2492E-11   0.3053E-14
     2   0.322282735880    0.000000000000     0.2541E-09   0.6684E-11
  ------------------------------------------------------------------------

  Iteration:                 26
  Reduced space dimension:   47

   Root  Eigenvalue (Re)   Eigenvalue (Im)    |residual|   Delta E (Re)
  ------------------------------------------------------------------------
     1   0.250283786526    0.000000000000     0.2236E-11   0.8882E-15
     2   0.322282735881    0.000000000000     0.5293E-10   0.1748E-11
  ------------------------------------------------------------------------

  Iteration:                 27
  Reduced space dimension:   48

   Root  Eigenvalue (Re)   Eigenvalue (Im)    |residual|   Delta E (Re)
  ------------------------------------------------------------------------
     1   0.250283786526    0.000000000000     0.2238E-11   0.1610E-14
     2   0.322282735882    0.000000000000     0.1682E-10   0.4979E-13
  ------------------------------------------------------------------------

  Iteration:                 28
  Reduced space dimension:   49

   Root  Eigenvalue (Re)   Eigenvalue (Im)    |residual|   Delta E (Re)
  ------------------------------------------------------------------------
     1   0.250283786526    0.000000000000     0.2234E-11   0.1665E-15
     2   0.322282735881    0.000000000000     0.3623E-11   0.6550E-13
  ------------------------------------------------------------------------
  Convergence criterion met in 28 iterations!

  - Excitation vector amplitudes:

     Electronic state nr. 1

     Energy (Hartree):                  0.250283786526
     Fraction singles (|R1|/|R|):       0.981589617322

     MLCC diagnostics:

     |R1^internal|/|R| =       0.981417521026
     |R1^internal|/|R1| =      0.999824675920

     Largest single amplitudes:
     -----------------------------------
        a       i         R(a,i)
     -----------------------------------
        1      2       -0.975193086716
        3      2        0.110296660803
       19      6        0.008552709445
       10      1        0.008364208269
       20      1        0.007549938584
       15      2       -0.006221596727
       11      6        0.005407017051
       12      2        0.003578884016
       22      2        0.003278345429
        6      2        0.002677047373
     ------------------------------------

     Electronic state nr. 2

     Energy (Hartree):                  0.322282735881
     Fraction singles (|R1|/|R|):       0.982305383223

     MLCC diagnostics:

     |R1^internal|/|R| =       0.982008931855
     |R1^internal|/|R1| =      0.999698208548

     Largest single amplitudes:
     -----------------------------------
        a       i         R(a,i)
     -----------------------------------
        2      2       -0.974190568328
        5      2        0.106234523789
        4      2       -0.063102656710
        7      2        0.021427013634
       14      2       -0.006744395267
       10      4        0.005349089680
        4      1        0.004191588556
       11      1        0.003878962315
       20      4       -0.003517242418
        5      1        0.002545754436
     ------------------------------------

     - Electronic excitation energies:

                                      Excitation energy
                          ------------------------------------------
      State                (Hartree)             (eV)
     ---------------------------------------------------------------
        1                  0.250283786526        6.810568729716
        2                  0.322282735881        8.769759933652
     ---------------------------------------------------------------
     eV/Hartree (CODATA 2014): 27.21138602

  - Finished solving the MLCCSD excited state equations (right)

     Total wall time (sec):              0.48700
     Total cpu time (sec):               0.51301

  - Timings for the MLCCSD excited state calculation

     Total wall time (sec):              1.22500
     Total cpu time (sec):               1.50423

  ------------------------------------------------------------

  Peak memory usage during the execution of eT: 11.626500 MB

  Total wall time in eT (sec):              2.10300
  Total cpu time in eT (sec):               3.03066

  Calculation ended: 2021-10-06 10:31:22 UTC +02:00

  - Implementation references:

     eT: https://doi.org/10.1063/5.0004713
     MLCC2 and MLCCSD: https://doi.org/10.1021/acs.jctc.9b00701
     Cholesky decomposition of ERIs: https://doi.org/10.1063/1.5083802

  eT terminated successfully!
