


                     eT 1.1 - an electronic structure program

  ------------------------------------------------------------------------
   Author list in alphabetical order:
  ------------------------------------------------------------------------
   J. H. Andersen, A. Balbi, S. Coriani, S. D. Folkestad, T. Giovannini, 
   L. Goletto, T. S. Haugland, A. Hutcheson, I-M. Høyvik, E. F. Kjønstad, 
   H. Koch, T. Moitra, R. H. Myhre, A. C. Paul, S. Roet, M. Scavino, 
   A. Skeidsvoll, Å. H. Tveten
  ------------------------------------------------------------------------
   J. Chem. Phys. 152, 184103 (2020); https://doi.org/10.1063/5.0004713


   This is eT version 1.1.3, Bastion
  ------------------------------------------------------------
  Configuration date: 2021-03-08 15:01:10 UTC +01:00
  Git branch:         test-generator
  Git hash:           e0949fa7c10242e2d4a56a5f4456aaeb2e2fd3e2
  Fortran compiler:   GNU 8.4.0
  C compiler:         GNU 8.4.0
  C++ compiler:       GNU 8.4.0
  LAPACK type:        MKL
  BLAS type:          MKL
  64-bit integers:    ON
  OpenMP:             ON
  PCM:                ON
  Forced batching:    OFF
  Runtime checks:     OFF
  ------------------------------------------------------------

  Calculation started: 2021-03-08 15:03:30 UTC +01:00


  :: Input file
  ================

     Note: geometry section is excluded from this print

     system
        name: H2O-H2O-tip3p
        charge: 0
        multiplicity: 3
     end system

     do
       ground state
     end do


     memory
        available: 8
     end memory

     solver scf
        algorithm:          scf-diis
        energy threshold:   1.0d-10
        gradient threshold: 1.0d-10
     end solver scf

     molecular mechanics
        forcefield: non-polarizable
     end molecular mechanics

     method
        uhf
     end method


  Running on 2 OMP threads
  Memory available for calculation: 8.000000 GB


  :: Molecular system specifications (QM)
  ==========================================

     Name:             h2o-h2o-tip3p
     Charge:           0
     Multiplicity:     3
     Coordinate units: angstrom

     Pure basis functions:         41
     Cartesian basis functions:    43
     Primitive basis functions:    67

     Nuclear repulsion energy (a.u.):              9.307879526626
     Bohr/angstrom value (CODATA 2010):            0.529177210920

     ==============================================================================
                                     Geometry (angstrom)
     ==============================================================================
        Atom           X                  Y                  Z         # in input
     ==============================================================================
        Basis: aug-cc-pvdz
        1 H      0.023452000000     0.185621000000     0.000000000000        1
        2 H      0.906315000000     1.422088000000     0.000000000000        2
        3 O      0.009319000000     1.133156000000     0.000000000000        3
     ==============================================================================

     ==============================================================================
                                     Geometry (a.u.)
     ==============================================================================
        Atom           X                  Y                  Z         # in input
     ==============================================================================
        Basis: aug-cc-pvdz
        1 H      0.044317857073     0.350772852968     0.000000000000        1
        2 H      1.712687132585     2.687356845030     0.000000000000        2
        3 O      0.017610357755     2.141354496408     0.000000000000        3
     ==============================================================================


  :: Molecular system specifications (MM)
  ==========================================

     Force Field:  non-polarizable

     Number of MM atoms:                   3
     Number of MM molecules:               1

    ====================================================================
                        MM Geometry (Å) and Parameters
    ====================================================================
    Atom    Mol             X          Y          Z            Charge
    ====================================================================
      O       1        -0.042964  -1.404707  -0.000000       -0.834000
      H       1        -0.419020  -1.818953   0.760190        0.417000
      H       1        -0.419020  -1.818953  -0.760190        0.417000
    ====================================================================


  :: UHF wavefunction
  ======================

  This is a QM/MM calculation

     Electrostatic Embedding:

     Each atom of the MM portion is endowed with a charge which value 
     is a fixed external parameter.

     The QM/MM electrostatic interaction energy is defined as:

        E^ele_QM/MM = sum_i q_i * V_i(P)

     where V_i(P) is the electrostatic potential due to the QM density 
     calculated at the position of the i-th charge q_i.

     For further details, see:
     Senn & Thiel, Angew. Chem. Int. Ed., 2009, 48, 1198−1229


  - Cholesky decomposition of AO overlap to get linearly independent orbitals:

  - Orbital details:

     Number of alpha electrons:               6
     Number of beta electrons:                4
     Number of virtual alpha orbitals:       35
     Number of virtual beta orbitals:        37
     Number of molecular orbitals:           41
     Number of atomic orbitals:              41


  :: Hartree-Fock engine
  =========================

  Drives the calculation of the Hartree-Fock state.

  This is a UHF ground state calculation.
  The following tasks will be performed:

     1) Generate initial SAD density
     2) Calculation of reference state (SCF-DIIS algorithm)


  1) Generate initial SAD density


  2) Calculation of reference state (SCF-DIIS algorithm)

   - Self-consistent field DIIS Hartree-Fock solver
  ----------------------------------------------------

  A DIIS-accelerated Roothan-Hall self-consistent field solver. A least-square 
  DIIS fit is performed on the previous Fock matrices and associated gradients. 
  Following the Roothan-Hall update of the density, the DIIS-fitted Fock 
  matrix is used to get the next orbital coefficients.

  - Hartree-Fock solver settings:

     DIIS dimension:                         8
     Cumulative Fock threshold:       0.10E+01

     Residual threshold:            0.1000E-09
     Energy threshold:              0.1000E-09

     Coulomb screening threshold:   0.1000E-15
     Exchange screening threshold:  0.1000E-13
     Fock precision:                0.1000E-31
     Integral cutoff:               0.1000E-15

  - Setting initial AO density to SAD

     Energy of initial guess:               -76.530287637943
     Number of electrons in guess:           10.000000000000

  Iteration       Energy (a.u.)      Max(grad.)    Delta E (a.u.)
  ---------------------------------------------------------------
     1           -76.134333806871     0.4014E-01     0.7613E+02
     2           -76.167493308220     0.1213E-01     0.3316E-01
     3           -76.170476413198     0.5936E-02     0.2983E-02
     4           -76.171030895744     0.1243E-02     0.5545E-03
     5           -76.171138032168     0.7327E-03     0.1071E-03
     6           -76.171182273747     0.2439E-03     0.4424E-04
     7           -76.171194253825     0.1121E-03     0.1198E-04
     8           -76.171197478484     0.4894E-04     0.3225E-05
     9           -76.171197835929     0.1106E-04     0.3574E-06
    10           -76.171197849384     0.3430E-05     0.1345E-07
    11           -76.171197850162     0.9180E-06     0.7781E-09
    12           -76.171197850237     0.1525E-06     0.7537E-10
    13           -76.171197850239     0.4562E-07     0.2302E-11
    14           -76.171197850240     0.1547E-07     0.2984E-12
    15           -76.171197850240     0.5589E-08     0.1421E-13
    16           -76.171197850240     0.1884E-08     0.2842E-13
    17           -76.171197850240     0.5803E-09     0.0000E+00
    18           -76.171197850240     0.2443E-09     0.4263E-13
    19           -76.171197850240     0.3857E-10     0.4263E-13
  ---------------------------------------------------------------
  Convergence criterion met in 19 iterations!

  - Summary of UHF wavefunction energetics (a.u.):

     HOMO-LUMO gap (alpha):          0.178665552308
     HOMO-LUMO gap (beta):           0.706260574815
     Nuclear repulsion energy:       8.633980556418
     Electronic energy:            -84.805178406658
     Total energy:                 -76.171197850240

  - Summary of QM/MM energetics:
                                         a.u.             eV     kcal/mol
     QM/MM SCF Contribution:         0.312937503713
     QM/MM Electrostatic Energy:    -0.031527196589    -0.85790   -19.784

  - Timings for the UHF ground state calculation

     Total wall time (sec):              6.58007
     Total cpu time (sec):              13.02098

     Peak memory usage during the execution of eT: 568.384 KB

  Calculation ended: 2021-03-08 15:03:37 UTC +01:00

  eT terminated successfully!
