


                     eT - an electronic structure program

  ------------------------------------------------------------------------
   Author list in alphabetical order:
  ------------------------------------------------------------------------
   J. H. Andersen, A. Balbi, S. Coriani, S. D. Folkestad, T. Giovannini, 
   L. Goletto, T. S. Haugland, A. Hutcheson, I-M. Høyvik, E. F. Kjønstad, 
   H. Koch, T. Moitra, R. H. Myhre, A. C. Paul, M. Scavino, A. Skeidsvoll, 
   Å. H. Tveten
  ------------------------------------------------------------------------


  :: Input file
  ================

     Note: geometry section is excluded from this print


     system
        name: H2O He
        charge: 0
     end system

     do
        response
     end do

     memory
        available: 8
     end memory

     method
        hf
        ccs
     end method

     cc response
        eom
        dipole length
        transition moments
     end cc response

     solver cholesky
        threshold: 1.0d-12
     end solver cholesky

     solver scf
        algorithm:          scf-diis
        energy threshold:   1.0d-11
        gradient threshold: 1.0d-11
        restart
     end solver scf

     solver cc gs
        omega threshold:  1.0d-11
        energy threshold: 1.0d-11
        restart
     end solver cc gs

     solver cc multipliers
        threshold: 1.0d-11
        restart
     end solver cc multipliers

     solver cc es
        singlet states:     1
        residual threshold: 1.0d-11
        energy threshold:   1.0d-11
        restart
     end solver cc es


  Running on 2 OMP thread(s)
  Memory available for calculation: 8.000000 GB


  :: Molecular system specifications
  =====================================

     Name:             h2o he
     Charge:           0
     Multiplicity:     1
     Coordinate units: angstrom

     Pure basis functions:         29
     Cartesian basis functions:    30
     Primitive basis functions:    56

     Nuclear repulsion energy (a.u.):             12.116100574587
     Bohr/angstrom value (CODATA 2010):            0.529177210920

     ==============================================================================
                                     Geometry (angstrom)
     ==============================================================================
        Atom           X                  Y                  Z         # in input
     ==============================================================================
        Basis: cc-pvdz
        1 H      0.866810000000     0.601440000000     5.000000000000        1
        2 H     -0.866810000000     0.601440000000     5.000000000000        2
        3 O      0.000000000000    -0.075790000000     5.000000000000        3
        4 He     0.100000000000    -0.020000000000     7.530000000000        4
     ==============================================================================

     ==============================================================================
                                     Geometry (a.u.)
     ==============================================================================
        Atom           X                  Y                  Z         # in input
     ==============================================================================
        Basis: cc-pvdz
        1 H      1.638033502034     1.136556880358     9.448630622825        1
        2 H     -1.638033502034     1.136556880358     9.448630622825        2
        3 O      0.000000000000    -0.143222342981     9.448630622825        3
        4 He     0.188972612457    -0.037794522491    14.229637717975        4
     ==============================================================================


  :: RHF wavefunction
  ======================

  - Cholesky decomposition of AO overlap to get linearly independent orbitals:

  - Orbital details:

     Number of occupied orbitals:         6
     Number of virtual orbitals:         23
     Number of molecular orbitals:       29
     Number of atomic orbitals:          29


  :: Hartree-Fock engine
  =========================

  Drives the calculation of the Hartree-Fock state.

  This is a RHF ground state calculation.
  The following tasks will be performed:

     1) Calculation of reference state (SCF-DIIS algorithm)


  1) Calculation of reference state (SCF-DIIS algorithm)

   - Self-consistent field DIIS Hartree-Fock solver
  ----------------------------------------------------

  A DIIS-accelerated Roothan-Hall self-consistent field solver. A least-square 
  DIIS fit is performed on the previous Fock matrices and associated gradients. 
  Following the Roothan-Hall update of the density, the DIIS-fitted Fock 
  matrix is used to get the next orbital coefficients.

  - Hartree-Fock solver settings:

     DIIS dimension:                         8
     Cumulative Fock threshold:       0.10E+01

     Energy threshold:              0.1000E-10
     Gradient threshold:            0.1000E-10

     Coulomb screening threshold:   0.1000E-16
     Exchange screening threshold:  0.1000E-14
     Fock precision:                0.1000E-33
     Integral cutoff:               0.1000E-16

  - Requested restart. Reading orbitals from file

  Iteration       Energy (a.u.)      Max(grad.)    Delta E (a.u.)
  ---------------------------------------------------------------
     1           -78.843851693631     0.2903E-11     0.7884E+02
  ---------------------------------------------------------------
  Convergence criterion met in 1 iterations!

  Note: the gradient converged in the first iteration,  so the energy 
  convergence has not been tested!

  - Summary of RHF wavefunction energetics (a.u.):

     HOMO-LUMO gap:                  0.645629080248
     Nuclear repulsion energy:      12.116100574587
     Electronic energy:            -90.959952268217
     Total energy:                 -78.843851693631

  - Molecular orbital energies

  -----------------------------------------------------------------------------------
   1 -20.574269195145   9   0.704416610867  17   1.682695299877  25   3.175416260660
   2  -1.277667044968  10   0.746260122914  18   1.804186820052  26   3.209661156313
   3  -0.898849406810  11   1.155862024383  19   1.902641648742  27   3.328173215200
   4  -0.629870222690  12   1.170770887076  20   2.148883457168  28   3.721936473470
   5  -0.541641772852  13   1.267961746552  21   2.200395756969  29   3.985492632586
   6  -0.485872762832  14   1.449847537220  22   2.540321860021
   7   0.159756317416  15   1.463234913438  23   2.541517310547
   8   0.229311906283  16   1.474444394527  24   2.559338707350
  -----------------------------------------------------------------------------------

  - Timings for the RHF ground state calculation

     Total wall time (sec):              0.05152
     Total cpu time (sec):               0.05067


  :: CCS wavefunction
  ======================

     Bath orbital(s):         False
     Core-valence separation: False

   - Number of orbitals:

     Occupied orbitals:    6
     Virtual orbitals:     23
     Molecular orbitals:   29
     Atomic orbitals:      29

   - Number of ground state amplitudes:

     Single excitation amplitudes:  138


  :: Coupled cluster response engine
  =====================================

  Calculates dipole transition moments and oscillator strengths between 

  the ground state and the excited states.

  This is a CCS response calculation.
  The following tasks will be performed:

     1) Cholesky decomposition of the electron repulsion integrals
     2) Preparation of MO basis and integrals
     3) Calculation of the ground state (diis algorithm)
     4) Calculation of the multipliers (davidson algorithm)
     5) Calculation of the excited state (davidson algorithm)
     6) Calculation of the transition moments (EOM)


  1) Cholesky decomposition of the electron repulsion integrals

   - Cholesky decomposition of electronic repulsion integrals solver
  ---------------------------------------------------------------------

  Performs a Cholesky decomposition of the two-electron electronic repulsion 
  integrals in the atomic orbital basis,

  (ab|cd) = sum_J L_ab^J L_cd^J.

  Once the Cholesky basis has been determined, the vectors L^J are constructed 
  and stored to disk. These may either be used directly, or be transformed 
  to the MO basis for use in post-HF calculations. For more information, 
  see S. D. Folkestad, E. F. Kjønstad and H. Koch, JCP, 150(19), (2019)

  - Cholesky decomposition settings:

     Target threshold is:   0.10E-11
     Span factor:           0.10E-01
     Max qual:                  1000

  - Cholesky decomposition system details:

     Total number of AOs:                    29
     Total number of shell pairs:           120
     Total number of AO pairs:              435

     Significant shell pairs:               118
     Significant AO pairs:                  431

     Construct shell pairs:                 120
     Construct AO pairs:                    435

  Iter.  #Sign. ao pairs / shell pairs   Max diagonal    #Qualified    #Cholesky    Cholesky array size
  -------------------------------------------------------------------------------------------------------
     1               406 /     108       0.47383E+01         147             42             17052
     2               319 /      93       0.47165E-01         234            111             35409
     3               250 /      76       0.46944E-03         178            183             45750
     4               187 /      55       0.38270E-05         145            265             49555
     5                87 /      25       0.38106E-07          78            324             28188
     6                21 /       3       0.37202E-09          43            349              7329
     7                 0 /       0       0.36652E-11           7            354                 0
  -------------------------------------------------------------------------------------------------------

  - Summary of Cholesky decomposition of electronic repulsion integrals:

     Final number of Cholesky vectors: 354

 - Testing the Cholesky decomposition decomposition electronic repulsion integrals:

     Maximal difference between approximate and actual diagonal:              0.7161E-12
     Minimal element of difference between approximate and actual diagonal:  -0.1238E-14

  - Settings for integral handling:

     Cholesky vectors in memory: True
     ERI matrix in memory:       False

  - Finished decomposing the ERIs.

     Total wall time (sec):              0.19312
     Total cpu time (sec):               0.38501


  2) Preparation of MO basis and integrals


  3) Calculation of the ground state (diis algorithm)

   - DIIS coupled cluster ground state solver
  ----------------------------------------------

  A DIIS CC ground state amplitude equations solver. It uses an extrapolation 
  of previous quasi-Newton perturbation theory estimates of the next amplitudes. 
  See Helgaker et al., Molecular Electronic Structure Theory, Chapter 
  13.

  - DIIS CC ground state solver settings:

     Omega threshold:           0.10E-10
     Energy threshold:          0.10E-10

     DIIS dimension:                   8
     Max number of iterations:       100

     Storage: disk

  Requested restart. Reading in solution from file.

  Iteration    Energy (a.u.)        |omega|       Delta E (a.u.)
  ---------------------------------------------------------------
    1           -78.843819165812     0.3810E-01     0.7884E+02
    2           -78.843850190655     0.7600E-02     0.3102E-04
    3           -78.843851703230     0.8956E-03     0.1513E-05
    4           -78.843851695034     0.1706E-03     0.8196E-08
    5           -78.843851693625     0.2376E-04     0.1409E-08
    6           -78.843851693629     0.5074E-05     0.3510E-11
    7           -78.843851693630     0.1463E-05     0.1492E-11
    8           -78.843851693631     0.4005E-06     0.3411E-12
    9           -78.843851693631     0.4115E-07     0.0000E+00
   10           -78.843851693631     0.5150E-08     0.0000E+00
   11           -78.843851693631     0.8670E-09     0.0000E+00
   12           -78.843851693631     0.1268E-09     0.0000E+00
   13           -78.843851693631     0.3767E-10     0.0000E+00
   14           -78.843851693631     0.8105E-11     0.0000E+00
  ---------------------------------------------------------------
  Convergence criterion met in 14 iterations!

  - Ground state summary:

     Final ground state energy (a.u.):   -78.843851693631

     Correlation energy (a.u.):            0.000000000000

     Largest single amplitudes:
     -----------------------------------
        a       i         t(a,i)
     -----------------------------------
        2      6       -0.000000000018
        2      4       -0.000000000011
        3      6       -0.000000000007
        5      6       -0.000000000004
        7      6        0.000000000004
        1      5       -0.000000000003
        7      4        0.000000000003
        1      6       -0.000000000002
       14      6       -0.000000000002
        1      2        0.000000000002
     ------------------------------------

     T1 diagnostic (|T1|/sqrt(N_e)): 0.000000000007

  - Finished solving the CCS ground state equations

     Total wall time (sec):              0.03907
     Total cpu time (sec):               0.07907


  4) Calculation of the multipliers (davidson algorithm)

   - Davidson coupled cluster multipliers solver
  -------------------------------------------------

  A Davidson solver that solves the multiplier equation: t-bar^T A = -η. 
  This linear equation is solved in a reduced space. A description of 
  the algorithm can be found in E. R. Davidson, J. Comput. Phys. 17, 87 
  (1975).

  - Davidson CC multipliers solver settings:

     Residual threshold:        0.10E-10
     Max number of iterations:       100

     Reduced space basis and transforms are stored on disk.

  Requested restart. Reading multipliers from file.

  Iteration     Residual norm
  ---------------------------
    1             0.1166E-10
    2             0.2106E-11
  ---------------------------

  Convergence criterion met in 2 iterations!

  - Davidson CC multipliers solver summary:

     Largest single amplitudes:
     -----------------------------------
        a       i         tbar(a,i)
     -----------------------------------
        2      4       -0.000000000008
        5      6       -0.000000000007
        2      6       -0.000000000005
        5      4        0.000000000004
        7      4        0.000000000003
        1      6       -0.000000000003
        3      6       -0.000000000002
        9      6       -0.000000000002
        1      4        0.000000000002
        2      5        0.000000000001
     ------------------------------------

  - Finished solving the CCS multipliers equations

     Total wall time (sec):               0.00146
     Total cpu time (sec):                0.00146


  5) Calculation of the excited state (davidson algorithm)
     Calculating right vectors

   - Davidson coupled cluster excited state solver
  ---------------------------------------------------

  A Davidson solver that calculates the lowest eigenvalues and  the right 
  or left eigenvectors of the Jacobian matrix, A. The eigenvalue  problem 
  is solved in a reduced space, the dimension of which is  expanded until 
  the convergence criteria are met.

  A complete description of the algorithm can be found in  E. R. Davidson, 
  J. Comput. Phys. 17, 87 (1975).

  - Settings for coupled cluster excited state solver (Davidson):

     Calculation type:    valence
     Excitation vectors:  right

     Energy threshold:                0.10E-10
     Residual threshold:              0.10E-10

     Number of singlet states:               1
     Max number of iterations:             100

     Max reduced space dimension:          100

     Reduced space basis and transforms are stored on disk.

  Requested restart - restarting 1 right eigenvectors from file.

  Iteration:                  1
  Reduced space dimension:    1

   Root  Eigenvalue (Re)   Eigenvalue (Im)    |residual|   Delta E (Re)
  ------------------------------------------------------------------------
     1   0.285190064585    0.000000000000     0.4722E-01   0.2852E+00
  ------------------------------------------------------------------------

  Iteration:                  2
  Reduced space dimension:    2

   Root  Eigenvalue (Re)   Eigenvalue (Im)    |residual|   Delta E (Re)
  ------------------------------------------------------------------------
     1   0.283180982826    0.000000000000     0.7071E-02   0.2009E-02
  ------------------------------------------------------------------------

  Iteration:                  3
  Reduced space dimension:    3

   Root  Eigenvalue (Re)   Eigenvalue (Im)    |residual|   Delta E (Re)
  ------------------------------------------------------------------------
     1   0.283141136406    0.000000000000     0.9142E-03   0.3985E-04
  ------------------------------------------------------------------------

  Iteration:                  4
  Reduced space dimension:    4

   Root  Eigenvalue (Re)   Eigenvalue (Im)    |residual|   Delta E (Re)
  ------------------------------------------------------------------------
     1   0.283140816106    0.000000000000     0.1185E-03   0.3203E-06
  ------------------------------------------------------------------------

  Iteration:                  5
  Reduced space dimension:    5

   Root  Eigenvalue (Re)   Eigenvalue (Im)    |residual|   Delta E (Re)
  ------------------------------------------------------------------------
     1   0.283140808249    0.000000000000     0.2963E-04   0.7858E-08
  ------------------------------------------------------------------------

  Iteration:                  6
  Reduced space dimension:    6

   Root  Eigenvalue (Re)   Eigenvalue (Im)    |residual|   Delta E (Re)
  ------------------------------------------------------------------------
     1   0.283140805661    0.000000000000     0.4155E-04   0.2588E-08
  ------------------------------------------------------------------------

  Iteration:                  7
  Reduced space dimension:    7

   Root  Eigenvalue (Re)   Eigenvalue (Im)    |residual|   Delta E (Re)
  ------------------------------------------------------------------------
     1   0.283140804236    0.000000000000     0.1238E-04   0.1425E-08
  ------------------------------------------------------------------------

  Iteration:                  8
  Reduced space dimension:    8

   Root  Eigenvalue (Re)   Eigenvalue (Im)    |residual|   Delta E (Re)
  ------------------------------------------------------------------------
     1   0.283140804032    0.000000000000     0.1539E-04   0.2034E-09
  ------------------------------------------------------------------------

  Iteration:                  9
  Reduced space dimension:    9

   Root  Eigenvalue (Re)   Eigenvalue (Im)    |residual|   Delta E (Re)
  ------------------------------------------------------------------------
     1   0.283140803911    0.000000000000     0.7806E-05   0.1211E-09
  ------------------------------------------------------------------------

  Iteration:                 10
  Reduced space dimension:   10

   Root  Eigenvalue (Re)   Eigenvalue (Im)    |residual|   Delta E (Re)
  ------------------------------------------------------------------------
     1   0.283140803897    0.000000000000     0.1485E-05   0.1383E-10
  ------------------------------------------------------------------------

  Iteration:                 11
  Reduced space dimension:   11

   Root  Eigenvalue (Re)   Eigenvalue (Im)    |residual|   Delta E (Re)
  ------------------------------------------------------------------------
     1   0.283140803897    0.000000000000     0.4184E-06   0.6683E-12
  ------------------------------------------------------------------------

  Iteration:                 12
  Reduced space dimension:   12

   Root  Eigenvalue (Re)   Eigenvalue (Im)    |residual|   Delta E (Re)
  ------------------------------------------------------------------------
     1   0.283140803897    0.000000000000     0.8322E-07   0.5557E-13
  ------------------------------------------------------------------------

  Iteration:                 13
  Reduced space dimension:   13

   Root  Eigenvalue (Re)   Eigenvalue (Im)    |residual|   Delta E (Re)
  ------------------------------------------------------------------------
     1   0.283140803897    0.000000000000     0.3428E-07   0.8660E-14
  ------------------------------------------------------------------------

  Iteration:                 14
  Reduced space dimension:   14

   Root  Eigenvalue (Re)   Eigenvalue (Im)    |residual|   Delta E (Re)
  ------------------------------------------------------------------------
     1   0.283140803897    0.000000000000     0.4563E-08   0.1277E-14
  ------------------------------------------------------------------------

  Iteration:                 15
  Reduced space dimension:   15

   Root  Eigenvalue (Re)   Eigenvalue (Im)    |residual|   Delta E (Re)
  ------------------------------------------------------------------------
     1   0.283140803897    0.000000000000     0.3333E-08   0.2776E-15
  ------------------------------------------------------------------------

  Iteration:                 16
  Reduced space dimension:   16

   Root  Eigenvalue (Re)   Eigenvalue (Im)    |residual|   Delta E (Re)
  ------------------------------------------------------------------------
     1   0.283140803897    0.000000000000     0.6513E-09   0.5551E-15
  ------------------------------------------------------------------------

  Iteration:                 17
  Reduced space dimension:   17

   Root  Eigenvalue (Re)   Eigenvalue (Im)    |residual|   Delta E (Re)
  ------------------------------------------------------------------------
     1   0.283140803897    0.000000000000     0.5854E-10   0.9992E-15
  ------------------------------------------------------------------------

  Iteration:                 18
  Reduced space dimension:   18

   Root  Eigenvalue (Re)   Eigenvalue (Im)    |residual|   Delta E (Re)
  ------------------------------------------------------------------------
     1   0.283140803897    0.000000000000     0.6366E-11   0.2220E-15
  ------------------------------------------------------------------------
  Convergence criterion met in 18 iterations!

  - Excitation vector amplitudes:

     Electronic state nr. 1

     Energy (Hartree):                  0.283140803897
     Fraction singles (|R1|/|R|):       1.000000000000

     Largest single amplitudes:
     -----------------------------------
        a       i         R(a,i)
     -----------------------------------
        1      6        0.983643739611
        4      6        0.157041269777
        6      6        0.065052447146
       13      6       -0.047162913486
       15      6        0.020463284034
        1      3       -0.011446417247
        9      6        0.011160558004
       10      6        0.009804553971
       22      6        0.009439702303
       19      5       -0.009153283040
     ------------------------------------

     - Electronic excitation energies:

                                      Excitation energy
                          ------------------------------------------
      State                (Hartree)             (eV)
     ---------------------------------------------------------------
        1                  0.283140803897        7.704653712846
     ---------------------------------------------------------------
     eV/Hartree (CODATA 2014): 27.21138602

  - Finished solving the CCS excited state equations (right)

     Total wall time (sec):              0.01243
     Total cpu time (sec):               0.02443


  5) Calculation of the excited state (davidson algorithm)
     Calculating left vectors

   - Davidson coupled cluster excited state solver
  ---------------------------------------------------

  A Davidson solver that calculates the lowest eigenvalues and  the right 
  or left eigenvectors of the Jacobian matrix, A. The eigenvalue  problem 
  is solved in a reduced space, the dimension of which is  expanded until 
  the convergence criteria are met.

  A complete description of the algorithm can be found in  E. R. Davidson, 
  J. Comput. Phys. 17, 87 (1975).

  - Settings for coupled cluster excited state solver (Davidson):

     Calculation type:    valence
     Excitation vectors:  left

     Energy threshold:                0.10E-10
     Residual threshold:              0.10E-10

     Number of singlet states:               1
     Max number of iterations:             100

     Max reduced space dimension:          100

     Reduced space basis and transforms are stored on disk.

  Requested restart - restarting 1 left eigenvectors from file.

  Iteration:                  1
  Reduced space dimension:    1

   Root  Eigenvalue (Re)   Eigenvalue (Im)    |residual|   Delta E (Re)
  ------------------------------------------------------------------------
     1   0.285547484331    0.000000000000     0.5031E-01   0.2855E+00
  ------------------------------------------------------------------------

  Iteration:                  2
  Reduced space dimension:    2

   Root  Eigenvalue (Re)   Eigenvalue (Im)    |residual|   Delta E (Re)
  ------------------------------------------------------------------------
     1   0.283184802707    0.000000000000     0.7153E-02   0.2363E-02
  ------------------------------------------------------------------------

  Iteration:                  3
  Reduced space dimension:    3

   Root  Eigenvalue (Re)   Eigenvalue (Im)    |residual|   Delta E (Re)
  ------------------------------------------------------------------------
     1   0.283141014104    0.000000000000     0.6155E-03   0.4379E-04
  ------------------------------------------------------------------------

  Iteration:                  4
  Reduced space dimension:    4

   Root  Eigenvalue (Re)   Eigenvalue (Im)    |residual|   Delta E (Re)
  ------------------------------------------------------------------------
     1   0.283140810505    0.000000000000     0.7197E-04   0.2036E-06
  ------------------------------------------------------------------------

  Iteration:                  5
  Reduced space dimension:    5

   Root  Eigenvalue (Re)   Eigenvalue (Im)    |residual|   Delta E (Re)
  ------------------------------------------------------------------------
     1   0.283140806995    0.000000000000     0.2182E-04   0.3510E-08
  ------------------------------------------------------------------------

  Iteration:                  6
  Reduced space dimension:    6

   Root  Eigenvalue (Re)   Eigenvalue (Im)    |residual|   Delta E (Re)
  ------------------------------------------------------------------------
     1   0.283140805016    0.000000000000     0.3262E-04   0.1979E-08
  ------------------------------------------------------------------------

  Iteration:                  7
  Reduced space dimension:    7

   Root  Eigenvalue (Re)   Eigenvalue (Im)    |residual|   Delta E (Re)
  ------------------------------------------------------------------------
     1   0.283140804105    0.000000000000     0.6986E-05   0.9105E-09
  ------------------------------------------------------------------------

  Iteration:                  8
  Reduced space dimension:    8

   Root  Eigenvalue (Re)   Eigenvalue (Im)    |residual|   Delta E (Re)
  ------------------------------------------------------------------------
     1   0.283140803958    0.000000000000     0.6310E-05   0.1469E-09
  ------------------------------------------------------------------------

  Iteration:                  9
  Reduced space dimension:    9

   Root  Eigenvalue (Re)   Eigenvalue (Im)    |residual|   Delta E (Re)
  ------------------------------------------------------------------------
     1   0.283140803900    0.000000000000     0.2599E-05   0.5802E-10
  ------------------------------------------------------------------------

  Iteration:                 10
  Reduced space dimension:   10

   Root  Eigenvalue (Re)   Eigenvalue (Im)    |residual|   Delta E (Re)
  ------------------------------------------------------------------------
     1   0.283140803897    0.000000000000     0.4255E-06   0.3362E-11
  ------------------------------------------------------------------------

  Iteration:                 11
  Reduced space dimension:   11

   Root  Eigenvalue (Re)   Eigenvalue (Im)    |residual|   Delta E (Re)
  ------------------------------------------------------------------------
     1   0.283140803897    0.000000000000     0.1899E-06   0.1951E-12
  ------------------------------------------------------------------------

  Iteration:                 12
  Reduced space dimension:   12

   Root  Eigenvalue (Re)   Eigenvalue (Im)    |residual|   Delta E (Re)
  ------------------------------------------------------------------------
     1   0.283140803897    0.000000000000     0.7594E-07   0.2598E-13
  ------------------------------------------------------------------------

  Iteration:                 13
  Reduced space dimension:   13

   Root  Eigenvalue (Re)   Eigenvalue (Im)    |residual|   Delta E (Re)
  ------------------------------------------------------------------------
     1   0.283140803897    0.000000000000     0.4130E-07   0.3664E-14
  ------------------------------------------------------------------------

  Iteration:                 14
  Reduced space dimension:   14

   Root  Eigenvalue (Re)   Eigenvalue (Im)    |residual|   Delta E (Re)
  ------------------------------------------------------------------------
     1   0.283140803897    0.000000000000     0.5054E-08   0.7216E-15
  ------------------------------------------------------------------------

  Iteration:                 15
  Reduced space dimension:   15

   Root  Eigenvalue (Re)   Eigenvalue (Im)    |residual|   Delta E (Re)
  ------------------------------------------------------------------------
     1   0.283140803897    0.000000000000     0.2814E-08   0.8882E-15
  ------------------------------------------------------------------------

  Iteration:                 16
  Reduced space dimension:   16

   Root  Eigenvalue (Re)   Eigenvalue (Im)    |residual|   Delta E (Re)
  ------------------------------------------------------------------------
     1   0.283140803897    0.000000000000     0.3808E-09   0.1499E-14
  ------------------------------------------------------------------------

  Iteration:                 17
  Reduced space dimension:   17

   Root  Eigenvalue (Re)   Eigenvalue (Im)    |residual|   Delta E (Re)
  ------------------------------------------------------------------------
     1   0.283140803897    0.000000000000     0.6709E-10   0.9992E-15
  ------------------------------------------------------------------------

  Iteration:                 18
  Reduced space dimension:   18

   Root  Eigenvalue (Re)   Eigenvalue (Im)    |residual|   Delta E (Re)
  ------------------------------------------------------------------------
     1   0.283140803897    0.000000000000     0.5873E-11   0.7216E-15
  ------------------------------------------------------------------------
  Convergence criterion met in 18 iterations!

  - Excitation vector amplitudes:

     Electronic state nr. 1

     Energy (Hartree):                  0.283140803897
     Fraction singles (|L1|/|L|):       1.000000000000

     Largest single amplitudes:
     -----------------------------------
        a       i         L(a,i)
     -----------------------------------
        1      6        0.983643739610
        4      6        0.157041269779
        6      6        0.065052447146
       13      6       -0.047162913486
       15      6        0.020463284034
        1      3       -0.011446417248
        9      6        0.011160558005
       10      6        0.009804553971
       22      6        0.009439702303
       19      5       -0.009153283040
     ------------------------------------

     - Electronic excitation energies:

                                      Excitation energy
                          ------------------------------------------
      State                (Hartree)             (eV)
     ---------------------------------------------------------------
        1                  0.283140803897        7.704653712846
     ---------------------------------------------------------------
     eV/Hartree (CODATA 2014): 27.21138602

  - Finished solving the CCS excited state equations (left)

     Total wall time (sec):              0.01235
     Total cpu time (sec):               0.02435


  6) Calculation of the transition moments (EOM)

  :: EOM properties calculation

  - Summary of EOM properties calculation:

     State 1:
     ----------
     Calculation type:                             EOM
     Excitation energy [E_h]:           0.283140803897
     Excitation energy [eV]:            7.704653712846
     Hartree-to-eV (CODATA 2014):          27.21138602

                   Transition moments [a.u.]         Transition strength [a.u.]
     --------------------------------------------------------------------------
     Comp. q     < k |q| 0 >       < 0 |q| k >        < 0 |q| k > < k |q| 0 >
     --------------------------------------------------------------------------
     X          -0.0003805211     -0.0007610423            0.0000002896
     Y          -0.0011321897     -0.0022643795            0.0000025637
     Z           0.1863473434      0.3726946869            0.0694506648
     --------------------------------------------------------------------------
     Oscillator strength:      0.013110083300

  - Timings for the CCS response calculation

     Total wall time (sec):              0.25941
     Total cpu time (sec):               0.51529

     Peak memory usage during the execution of eT: 10.648832 MB

  eT terminated successfully!
