


                     eT 1.2 - an electronic structure program

  ------------------------------------------------------------------------
   Author list in alphabetical order:
  ------------------------------------------------------------------------
   J. H. Andersen, A. Balbi, S. Coriani, S. D. Folkestad, T. Giovannini, 
   L. Goletto, T. S. Haugland, A. Hutcheson, I-M. Høyvik, E. F. Kjønstad, 
   H. Koch, T. Moitra, R. H. Myhre, A. C. Paul, S. Roet, M. Scavino, 
   A. Skeidsvoll, Å. H. Tveten
  ------------------------------------------------------------------------
   J. Chem. Phys. 152, 184103 (2020); https://doi.org/10.1063/5.0004713


   This is eT version 1.2.0, Cobra
  ------------------------------------------------------------
  Configuration date: 2021-03-09 17:21:42 UTC +01:00
  Git branch:         generate-cobra-tests
  Git hash:           a115412814e137465efa1a29d7583531bd02b6a8
  Fortran compiler:   GNU 8.4.0
  C compiler:         GNU 8.4.0
  C++ compiler:       GNU 8.4.0
  LAPACK type:        MKL
  BLAS type:          MKL
  64-bit integers:    ON
  OpenMP:             ON
  PCM:                ON
  Forced batching:    OFF
  Runtime checks:     OFF
  ------------------------------------------------------------

  Calculation started: 2021-03-09 17:25:16 UTC +01:00


  :: Input file
  ================

     Note: geometry section is excluded from this print

     system
        name: H2O He
     end system

     memory
       available: 8
     end memory

     do
       excited state
     end do

     method
        hf
        cc2
     end method

     cc
       bath orbital
     end cc

     solver scf
        gradient threshold: 1.0d-11
        energy threshold: 1.0d-11
     end solver scf

     solver cholesky
        threshold: 1.0d-11
     end solver cholesky

     solver cc gs
        omega threshold: 1.0d-11
     end solver cc gs

     solver cc es
        ionization
        residual threshold: 1.0d-10
        singlet states: 2
        algorithm: diis
        left eigenvectors
     end solver cc es


  Running on 2 OMP threads
  Memory available for calculation: 8.000000 GB


  :: RHF wavefunction
  ======================

     ==============================================================================
                                     Geometry (angstrom)
     ==============================================================================
        Atom           X                  Y                  Z         # in input
     ==============================================================================
        Basis: cc-pvdz
        1  H     0.866810000000     0.601440000000     5.000000000000        1
        2  H    -0.866810000000     0.601440000000     5.000000000000        2
        3  O     0.000000000000    -0.075790000000     5.000000000000        3
        4 He     0.100000000000    -0.020000000000     7.530000000000        4
     ==============================================================================

     ==============================================================================
                                     Geometry (a.u.)
     ==============================================================================
        Atom           X                  Y                  Z         # in input
     ==============================================================================
        Basis: cc-pvdz
        1  H     1.638033502034     1.136556880358     9.448630622825        1
        2  H    -1.638033502034     1.136556880358     9.448630622825        2
        3  O     0.000000000000    -0.143222342981     9.448630622825        3
        4 He     0.188972612457    -0.037794522491    14.229637717975        4
     ==============================================================================

  - Cholesky decomposition of AO overlap to get linearly independent AOs:

     Linear dependence threshold:             0.10E-05
     Number of atomic orbitals:               29
     Number of orthonormal atomic orbitals:   29

  - Molecular orbital details:

     Number of occupied orbitals:         6
     Number of virtual orbitals:         23
     Number of molecular orbitals:       29


  :: Hartree-Fock engine
  =========================

  Drives the calculation of the Hartree-Fock state.

  This is a RHF ground state calculation.
  The following tasks will be performed:

     1) Generate initial SAD density
     2) Calculation of reference state (SCF-DIIS algorithm)


  1) Generate initial SAD density


  2) Calculation of reference state (SCF-DIIS algorithm)

  - SCF solver settings:

     Maximum iterations:                   100
     Acceleration type:                   diis

     Residual threshold:            0.1000E-10
     Energy threshold:              0.1000E-10

  - Setting initial AO density to sad

     Energy of initial guess:               -78.492022836321
     Number of electrons in guess:           12.000000000000

  - Screening and integral thresholds:

     Coulomb screening threshold:   0.1000E-16
     Exchange screening threshold:  0.1000E-14
     Integral cutoff:               0.1000E-16
     Cumulative Fock threshold:     0.1000E+01

  - DIIS tool settings:

     DIIS dimension:   8

     Storage (solver scf_e): memory
     Storage (solver scf_x): memory

  Iteration       Energy (a.u.)      Max(grad.)    Delta E (a.u.)
  ---------------------------------------------------------------
     1           -78.796606592593     0.9053E-01     0.7880E+02
     2           -78.828675852657     0.7128E-01     0.3207E-01
     3           -78.843428154462     0.8290E-02     0.1475E-01
     4           -78.843809541675     0.2414E-02     0.3814E-03
     5           -78.843850846799     0.3301E-03     0.4131E-04
     6           -78.843851669326     0.5527E-04     0.8225E-06
     7           -78.843851692851     0.5865E-05     0.2353E-07
     8           -78.843851693557     0.2356E-05     0.7054E-09
     9           -78.843851693630     0.2071E-06     0.7375E-10
    10           -78.843851693631     0.1594E-07     0.3553E-12
    11           -78.843851693631     0.3322E-08     0.1421E-13
    12           -78.843851693631     0.1197E-08     0.4263E-13
    13           -78.843851693631     0.4264E-09     0.9948E-13
    14           -78.843851693631     0.1280E-09     0.5684E-13
    15           -78.843851693631     0.1479E-10     0.2842E-13
    16           -78.843851693631     0.2909E-11     0.8527E-13
  ---------------------------------------------------------------
  Convergence criterion met in 16 iterations!

  - Summary of RHF wavefunction energetics (a.u.):

     HOMO-LUMO gap:                  0.645629080248
     Nuclear repulsion energy:      12.116100574587
     Electronic energy:            -90.959952268218
     Total energy:                 -78.843851693631

  - Timings for the RHF ground state calculation

     Total wall time (sec):              0.51060
     Total cpu time (sec):               1.01236


  :: CC2 wavefunction
  ======================

     Bath orbital(s):         True
     Core-valence separation: False

   - Number of orbitals:

     Occupied orbitals:    6
     Virtual orbitals:     24
     Molecular orbitals:   30
     Atomic orbitals:      29

   - Number of ground state amplitudes:

     Single excitation amplitudes:  144
     Double excitation amplitudes:  10440


  :: Excited state coupled cluster engine
  ==========================================

  Calculates the coupled cluster excitation vectors and excitation energies

  This is a CC2 excited state calculation.
  The following tasks will be performed:

     1) Cholesky decomposition of the electron repulsion integrals
     2) Preparation of MO basis and integrals
     3) Calculation of the ground state (diis algorithm)
     4) Calculation of the excited state (diis algorithm)


  1) Cholesky decomposition of the electron repulsion integrals

   - Cholesky decomposition of electronic repulsion integrals solver
  ---------------------------------------------------------------------

  Performs a Cholesky decomposition of the two-electron electronic repulsion 
  integrals in the atomic orbital basis,

  (ab|cd) = sum_J L_ab^J L_cd^J.

  Once the Cholesky basis has been determined, the vectors L^J are constructed 
  and stored to disk. These may either be used directly, or be transformed 
  to the MO basis for use in post-HF calculations. For more information, 
  see S. D. Folkestad, E. F. Kjønstad and H. Koch, JCP, 150(19), (2019)

  - Cholesky decomposition settings:

     Target threshold is:   0.10E-10
     Span factor:           0.10E-01
     Max qual:                  1000

  - Cholesky decomposition ao details:

     Total number of AOs:                    29
     Total number of shell pairs:           120
     Total number of AO pairs:              435

     Significant shell pairs:               117
     Significant AO pairs:                  430

     Construct shell pairs:                 120
     Construct AO pairs:                    435

  Iter.  #Sign. ao pairs / shell pairs   Max diagonal    #Qualified    #Cholesky    Cholesky array size
  -------------------------------------------------------------------------------------------------------
     1               405 /     107       0.47383E+01         147             42             17010
     2               318 /      92       0.47165E-01         234            111             35298
     3               246 /      74       0.46944E-03         178            183             45018
     4               173 /      51       0.38270E-05         145            265             45845
     5                70 /      18       0.38106E-07          78            324             22680
     6                 0 /       0       0.37202E-09          33            345                 0
  -------------------------------------------------------------------------------------------------------

  - Summary of Cholesky decomposition of electronic repulsion integrals:

     Final number of Cholesky vectors: 345

 - Testing the Cholesky decomposition decomposition electronic repulsion integrals:

     Maximal difference between approximate and actual diagonal:              0.6608E-11
     Minimal element of difference between approximate and actual diagonal:  -0.1238E-14

  - Settings for integral handling:

     Cholesky vectors in memory: True
     ERI matrix in memory:       False
     T1 ERI matrix in memory:    False

  - Finished decomposing the ERIs.

     Total wall time (sec):              0.20657
     Total cpu time (sec):               0.41458


  2) Preparation of MO basis and integrals


  3) Calculation of the ground state (diis algorithm)

   - DIIS coupled cluster ground state solver
  ----------------------------------------------

  A DIIS CC ground state amplitude equations solver. It uses an extrapolation 
  of previous quasi-Newton perturbation theory estimates of the next amplitudes. 
  See Helgaker et al., Molecular Electronic Structure Theory, Chapter 
  13.

  - CC ground state solver settings:

     Residual threshold:            0.1000E-10
     Max number of iterations:      100

  - DIIS tool settings:

     DIIS dimension:   8

     Storage (cc_gs_diis_e): file
     Storage (cc_gs_diis_x): file

  Iteration    Energy (a.u.)        |omega|       Delta E (a.u.)
  ---------------------------------------------------------------
    1           -79.084241931608     0.3734E-01     0.7908E+02
    2           -79.085431671929     0.7567E-02     0.1190E-02
    3           -79.085759807021     0.9940E-03     0.3281E-03
    4           -79.085768585650     0.1833E-03     0.8779E-05
    5           -79.085769937826     0.3615E-04     0.1352E-05
    6           -79.085769725742     0.6004E-05     0.2121E-06
    7           -79.085769729164     0.2063E-05     0.3422E-08
    8           -79.085769729229     0.3646E-06     0.6526E-10
    9           -79.085769729230     0.3393E-07     0.9095E-12
   10           -79.085769729553     0.4633E-08     0.3225E-09
   11           -79.085769729585     0.9303E-09     0.3266E-10
   12           -79.085769729575     0.2416E-09     0.1073E-10
   13           -79.085769729575     0.4926E-10     0.4547E-12
   14           -79.085769729575     0.6368E-11     0.3979E-12
  ---------------------------------------------------------------
  Convergence criterion met in 14 iterations!

  - Ground state summary:

     Final ground state energy (a.u.):   -79.085769729575

     Correlation energy (a.u.):           -0.241918035945

     Largest single amplitudes:
     -----------------------------------
        a       i         t(a,i)
     -----------------------------------
        1      5        0.015071367766
       14      4       -0.009516336779
        7      4        0.008547796583
       15      5       -0.006232215147
        5      6        0.005875107063
        6      2        0.005220429230
       13      5        0.005212699581
        2      4        0.005071084622
       11      6       -0.003616248565
        4      5        0.003233309227
     ------------------------------------

  - Finished solving the CC2 ground state equations

     Total wall time (sec):              0.06301
     Total cpu time (sec):               0.12691


  4) Calculation of the excited state (diis algorithm)
     Calculating left vectors

   - DIIS coupled cluster excited state solver
  -----------------------------------------------

  A DIIS solver that solves for the lowest eigenvalues and  the right 
  eigenvectors of the Jacobian matrix, A. The eigenvalue  problem is solved 
  by DIIS extrapolation of residuals for each  eigenvector until the convergence 
  criteria are met.

  More on the DIIS algorithm can be found in P. Pulay, Chemical Physics 
  Letters, 73(2), 393-398 (1980).

  - Settings for coupled cluster excited state solver (DIIS):

     Calculation type:    ionize
     Excitation vectors:  left

     Residual threshold:            0.1000E-09

     Number of singlet states:               2
     Max number of iterations:             100

  - DIIS tool settings:

     DIIS dimension:  20

     Storage (diis_cc_es_001_e): file
     Storage (diis_cc_es_001_x): file

  - DIIS tool settings:

     DIIS dimension:  20

     Storage (diis_cc_es_002_e): file
     Storage (diis_cc_es_002_x): file

  Iteration:                  1

   Root     Eigenvalue (Re)     Residual norm
  -----------------------------------------------
     1      0.541952137630       0.7732E+00
     2      0.603654498072       0.6930E+00
  -----------------------------------------------

  Iteration:                  2

   Root     Eigenvalue (Re)     Residual norm
  -----------------------------------------------
     1      0.400266302969       0.8866E-01
     2      0.483643887104       0.6831E-01
  -----------------------------------------------

  Iteration:                  3

   Root     Eigenvalue (Re)     Residual norm
  -----------------------------------------------
     1      0.356196292016       0.1388E+00
     2      0.457001044389       0.1269E+00
  -----------------------------------------------

  Iteration:                  4

   Root     Eigenvalue (Re)     Residual norm
  -----------------------------------------------
     1      0.372920857885       0.1613E-01
     2      0.464014410672       0.4071E-01
  -----------------------------------------------

  Iteration:                  5

   Root     Eigenvalue (Re)     Residual norm
  -----------------------------------------------
     1      0.372859815382       0.2527E-02
     2      0.466176299265       0.2126E-01
  -----------------------------------------------

  Iteration:                  6

   Root     Eigenvalue (Re)     Residual norm
  -----------------------------------------------
     1      0.373110053691       0.8474E-03
     2      0.466076093805       0.1992E-01
  -----------------------------------------------

  Iteration:                  7

   Root     Eigenvalue (Re)     Residual norm
  -----------------------------------------------
     1      0.373152429557       0.3200E-03
     2      0.467114027681       0.5886E-02
  -----------------------------------------------

  Iteration:                  8

   Root     Eigenvalue (Re)     Residual norm
  -----------------------------------------------
     1      0.373129391177       0.1337E-03
     2      0.467087212423       0.1326E-02
  -----------------------------------------------

  Iteration:                  9

   Root     Eigenvalue (Re)     Residual norm
  -----------------------------------------------
     1      0.373110407568       0.2267E-04
     2      0.467064315336       0.2458E-04
  -----------------------------------------------

  Iteration:                 10

   Root     Eigenvalue (Re)     Residual norm
  -----------------------------------------------
     1      0.373113294535       0.8756E-05
     2      0.467061523444       0.8178E-05
  -----------------------------------------------

  Iteration:                 11

   Root     Eigenvalue (Re)     Residual norm
  -----------------------------------------------
     1      0.373115246881       0.1936E-05
     2      0.467060351312       0.2763E-05
  -----------------------------------------------

  Iteration:                 12

   Root     Eigenvalue (Re)     Residual norm
  -----------------------------------------------
     1      0.373115357209       0.9217E-06
     2      0.467060105910       0.3386E-06
  -----------------------------------------------

  Iteration:                 13

   Root     Eigenvalue (Re)     Residual norm
  -----------------------------------------------
     1      0.373115107033       0.1339E-06
     2      0.467060156300       0.6486E-07
  -----------------------------------------------

  Iteration:                 14

   Root     Eigenvalue (Re)     Residual norm
  -----------------------------------------------
     1      0.373115134661       0.1542E-07
     2      0.467060162315       0.2126E-07
  -----------------------------------------------

  Iteration:                 15

   Root     Eigenvalue (Re)     Residual norm
  -----------------------------------------------
     1      0.373115138476       0.5164E-09
     2      0.467060161236       0.1070E-07
  -----------------------------------------------

  Iteration:                 16

   Root     Eigenvalue (Re)     Residual norm
  -----------------------------------------------
     1      0.373115138369       0.6484E-10
     2      0.467060161211       0.1906E-09
  -----------------------------------------------

  Iteration:                 17

   Root     Eigenvalue (Re)     Residual norm
  -----------------------------------------------
     1      0.373115138369       0.6484E-10
     2      0.467060161243       0.4322E-10
  -----------------------------------------------
  Convergence criterion met in 17 iterations!

  - Resorting roots according to excitation energy.

  - Stored converged states to file.

  - Excitation vector amplitudes:

     Electronic state nr. 1

     Energy (Hartree):                  0.373115138369
     Fraction singles (|L1|/|L|):       0.892235652840

     Largest single amplitudes:
     -----------------------------------
        a       i         L(a,i)
     -----------------------------------
       24      6        0.892209650814
       24      3       -0.005047475754
       24      5        0.004549889395
       24      2        0.000452154384
       24      4        0.000127442537
       24      1       -0.000001554917
        6      1        0.000000000000
        7      1        0.000000000000
        8      1        0.000000000000
        9      1        0.000000000000
     ------------------------------------

     Electronic state nr. 2

     Energy (Hartree):                  0.467060161243
     Fraction singles (|L1|/|L|):       0.913674846692

     Largest single amplitudes:
     -----------------------------------
        a       i         L(a,i)
     -----------------------------------
       24      5        0.912040866245
       24      2       -0.054368206820
       24      6       -0.004785719394
       24      3       -0.002051603013
       24      1        0.000411918471
       24      4       -0.000001370957
        6      1        0.000000000000
        7      1        0.000000000000
        8      1        0.000000000000
        9      1        0.000000000000
     ------------------------------------

     - Electronic excitation energies:

                                      Excitation energy
                          ------------------------------------------
      State                (Hartree)             (eV)
     ---------------------------------------------------------------
        1                  0.373115138369       10.152980060070
        2                  0.467060161243       12.709354342149
     ---------------------------------------------------------------
     eV/Hartree (CODATA 2014): 27.21138602

  - Finished solving the CC2 excited state equations (left)

     Total wall time (sec):              0.10614
     Total cpu time (sec):               0.21009

  - Timings for the CC2 excited state calculation

     Total wall time (sec):              0.37621
     Total cpu time (sec):               0.75208

     Peak memory usage during the execution of eT: 11.053784 MB

  Calculation ended: 2021-03-09 17:25:16 UTC +01:00

  eT terminated successfully!
