   0.0000000000000000       -79.100383481555923        0.0000000000000000     
   2.0000000000000000E-002  -67.669205421910988        2.8271364741448701E-012
   4.0000000000000001E-002  -37.254419119152516        6.8350101240736288E-009
   5.9999999999999998E-002  0.83534570505926453        2.0510828176861784E-007
   8.0000000000000002E-002   31.917151215279617        1.3706053682699393E-006
  0.10000000000000001        43.839716263902361        3.7530862002921328E-006
