


                     eT 1.9 - an electronic structure program

  ------------------------------------------------------------------------
   Author list in alphabetical order:
  ------------------------------------------------------------------------
   J. H. Andersen, A. Balbi, S. Coriani, S. D. Folkestad, T. Giovannini, 
   L. Goletto, T. S. Haugland, A. Hutcheson, I-M. Høyvik, E. F. Kjønstad, 
   H. Koch, R. Matveeva, T. Moitra, R. H. Myhre, A. C. Paul, S. Roet, 
   E. Ronca, M. Scavino, A. K. Schnack-Petersen, A. S. Skeidsvoll, Å. 
   H. Tveten
  ------------------------------------------------------------------------
   J. Chem. Phys. 152, 184103 (2020); https://doi.org/10.1063/5.0004713


   This is eT 1.9.0 Jazzy
  ------------------------------------------------------------
  Configuration date: 2022-10-19 10:25:53 UTC -07:00
  Git branch:         detached HEAD
  Git hash:           57c35dcc31df636729251e2448b7b0d0dd22e1f1
  Fortran compiler:   GNU 11.3.0
  C compiler:         GNU 11.3.0
  C++ compiler:       GNU 11.3.0
  LAPACK type:        SYSTEM_NATIVE
  BLAS type:          SYSTEM_NATIVE
  64-bit integers:    OFF
  OpenMP:             ON
  PCM:                OFF
  Forced batching:    OFF
  Runtime checks:     OFF
  ------------------------------------------------------------


  :: Input file
  ================

     Note: geometry section is excluded from this print

     system
        name: 3h2o
        charge: 0
     end system

     do
        excited state
     end do

     memory
        available: 8
     end memory

     method
        hf
        ccsd
     end method

     frozen orbitals
        hf
     end frozen orbitals

     active atoms
        selection type: list
        ccsd: {4, 5, 6}
     end active atoms

     solver scf
        energy threshold:   1.0d-11
        gradient threshold: 1.0d-11
     end solver scf

     solver cholesky
        threshold: 1.0d-11
     end solver cholesky

     solver cc gs
        energy threshold: 1.0d-11
        omega threshold:  1.0d-11
     end solver cc gs

     solver cc es
        singlet states: 4
        residual threshold: 1.0d-11
        right eigenvectors
     end solver cc es


  Calculation start:2022-10-19 10:30:05 UTC -07:00

  Running on 2 OMP threads
  Memory available for calculation: 8.000000 GB


  :: RHF wavefunction
  ===================

     ==============================================================================
                                     Geometry (angstrom)
     ==============================================================================
        Atom           X                  Y                  Z         # in input
     ==============================================================================
        Basis: 6-31g
        1  H     0.866810000000     0.600000000000     0.000000000000        4
        2  H    -0.866810000000     0.600000000000     0.000000000000        5
        3  O     0.000000000000    -0.075790000000     0.000000000000        6
        4  H     0.866810000000     0.601440000000     5.000000000000        1
        5  H    -0.866810000000     0.601440000000     5.000000000000        2
        6  O     0.000000000000    -0.075790000000     5.000000000000        3
        7  H     0.866810000000     0.602000000000    -5.000000000000        7
        8  H    -0.866810000000     0.602000000000    -5.000000000000        8
        9  O     0.000000000000    -0.075790000000    -5.000000000000        9
     ==============================================================================

     ==============================================================================
                                     Geometry (a.u.)
     ==============================================================================
        Atom           X                  Y                  Z         # in input
     ==============================================================================
        Basis: 6-31g
        1  H     1.638033502034     1.133835674739     0.000000000000        4
        2  H    -1.638033502034     1.133835674739     0.000000000000        5
        3  O     0.000000000000    -0.143222342981     0.000000000000        6
        4  H     1.638033502034     1.136556880358     9.448630622825        1
        5  H    -1.638033502034     1.136556880358     9.448630622825        2
        6  O     0.000000000000    -0.143222342981     9.448630622825        3
        7  H     1.638033502034     1.137615126988    -9.448630622825        7
        8  H    -1.638033502034     1.137615126988    -9.448630622825        8
        9  O     0.000000000000    -0.143222342981    -9.448630622825        9
     ==============================================================================

  - Cholesky decomposition of AO overlap to get linearly independent AOs:

     Linear dependence threshold:             0.10E-05
     Number of atomic orbitals:               39
     Number of orthonormal atomic orbitals:   39

  - Molecular orbital details:

     Number of occupied orbitals:        15
     Number of virtual orbitals:         24
     Number of molecular orbitals:       39


  Generating initial SAD density
  ==============================


  Determining reference state
  ===========================

  - Setting initial AO density to sad

     Energy of initial guess:              -226.885237536575
     Number of electrons in guess:           30.000000000000

  - Screening and integral thresholds:

     Coulomb screening threshold:    0.1000E-16
     Exchange screening threshold:   0.1000E-14
     ERI cutoff:                     0.1000E-16
     One-electron integral  cutoff:  0.1000E-21
     Cumulative Fock threshold:      0.1000E+01

  - SCF solver settings:

     Maximum iterations:                   100
     Acceleration type:                   diis

  - Convergence thresholds

     Residual threshold:            0.1000E-10
     Energy threshold:              0.1000E-10

  - DIIS tool settings:

     DIIS dimension:   8

     Storage (solver scf_errors): memory
     Storage (solver scf_parameters): memory

  Iteration       Energy (a.u.)      Max(grad.)    Delta E (a.u.)
  ---------------------------------------------------------------
     1          -227.711423734385     0.1073E+00     0.2277E+03
     2          -227.806624969922     0.8721E-01     0.9520E-01
     3          -227.853704779110     0.7269E-02     0.4708E-01
     4          -227.854700681787     0.2535E-02     0.9959E-03
     5          -227.854751473266     0.2065E-03     0.5079E-04
     6          -227.854751874331     0.3210E-04     0.4011E-06
     7          -227.854751881332     0.1120E-04     0.7000E-08
     8          -227.854751883093     0.2252E-05     0.1761E-08
     9          -227.854751883323     0.5239E-06     0.2299E-09
    10          -227.854751883334     0.9350E-07     0.1120E-10
    11          -227.854751883335     0.1608E-07     0.1705E-12
    12          -227.854751883335     0.6916E-08     0.0000E+00
    13          -227.854751883335     0.1323E-08     0.2842E-13
    14          -227.854751883335     0.4427E-09     0.2842E-13
    15          -227.854751883335     0.8095E-10     0.1705E-12
    16          -227.854751883335     0.1815E-10     0.8527E-13
    17          -227.854751883335     0.1750E-10     0.0000E+00
    18          -227.854751883335     0.1978E-11     0.2842E-13
  ---------------------------------------------------------------
  Convergence criterion met in 18 iterations!

  - Summary of RHF wavefunction energetics (a.u.):

     HOMO-LUMO gap:                  0.658883645572
     Nuclear repulsion energy:      50.276582906710
     Electronic energy:           -278.131334790045
     Total energy:                -227.854751883335

     The smallest diagonal after decomposition is:  -0.1634E-15

  - Preparation for frozen Hartree-Fock orbitals

     There are 10 frozen occupied orbitals.
     There are 16 frozen virtual orbitals.


  :: CCSD wavefunction
  ====================

     Bath orbital(s):         False

   - Number of orbitals:

     Occupied orbitals:    5
     Virtual orbitals:     8
     Molecular orbitals:   13
     Atomic orbitals:      39

   - Number of ground state amplitudes:

     Single excitation amplitudes:  40
     Double excitation amplitudes:  820


  Cholesky-decomposing electron repulsion integrals
  =================================================

  Cholesky decomposition of electronic repulsion integrals solver
  ---------------------------------------------------------------

  Performs a Cholesky decomposition of the two-electron electronic repulsion 
  integrals in the atomic orbital basis,

  (ab|cd) = sum_J L_ab^J L_cd^J.

  Once the Cholesky basis has been determined, the vectors L^J are constructed 
  and stored to disk. These may either be used directly, or be transformed 
  to the MO basis for use in post-HF calculations. For more information, 
  see S. D. Folkestad, E. F. Kjønstad and H. Koch, JCP, 150(19), (2019)

  - Cholesky decomposition settings:

     Target threshold is:   0.10E-10
     Span factor:           0.10E-01
     Max qual:                  1000

  - Cholesky decomposition ao details:

     Total number of AOs:                    39
     Total number of shell pairs:           378
     Total number of AO pairs:              780

     Significant shell pairs:               175
     Significant AO pairs:                  353

     Construct shell pairs:                 247
     Construct AO pairs:                    513

  Iter.  #Sign. ao pairs / shell pairs   Max diagonal    #Qualified    #Cholesky    Cholesky array size
  -------------------------------------------------------------------------------------------------------
     1               303 /     146       0.47804E+01         153             54             16362
     2               199 /     111       0.36456E-01         195            141             28059
     3               130 /      72       0.27725E-03         117            210             27300
     4                78 /      38       0.25790E-05          52            256             19968
     5                42 /      10       0.98989E-08          54            284             11928
     6                 0 /       0       0.95323E-10          16            298                 0
  -------------------------------------------------------------------------------------------------------

  - Summary of Cholesky decomposition of electronic repulsion integrals:

     Final number of Cholesky vectors: 298

 - Testing the Cholesky decomposition decomposition electronic repulsion integrals:

     Maximal difference between approximate and actual diagonal:              0.1329E-11
     Minimal element of difference between approximate and actual diagonal:  -0.1334E-14

  - Settings for integral handling:

     Cholesky vectors in memory: True
     ERI matrix in memory:       True

  - Finished decomposing the ERIs.

     Total wall time (sec):              0.50000
     Total cpu time (sec):               0.33924


  Determining CC cluster amplitudes
  =================================

   - DIIS coupled cluster ground state solver
  ----------------------------------------------

  A DIIS CC ground state amplitude equations solver. It uses an extrapolation 
  of previous quasi-Newton perturbation theory estimates of the next amplitudes. 
  See Helgaker et al., Molecular Electronic Structure Theory, Chapter 
  13.

  - CC ground state solver settings:

  - Convergence thresholds

     Residual threshold:            0.1000E-10
     Energy threshold:              0.1000E-10
     Max number of iterations:      100

  - DIIS tool settings:

     DIIS dimension:   8

     Storage (cc_gs_diis_errors): file
     Storage (cc_gs_diis_parameters): file

  Iteration    Energy (a.u.)        |omega|       Delta E (a.u.)
  ---------------------------------------------------------------
    1          -227.996922015544     0.6809E-01     0.2280E+03
    2          -227.997728163135     0.2587E-01     0.8061E-03
    3          -228.003190618469     0.7138E-02     0.5462E-02
    4          -228.004177451482     0.1729E-02     0.9868E-03
    5          -228.004252211988     0.4548E-03     0.7476E-04
    6          -228.004274449504     0.1789E-03     0.2224E-04
    7          -228.004257626173     0.3227E-04     0.1682E-04
    8          -228.004257275340     0.7490E-05     0.3508E-06
    9          -228.004256769846     0.1834E-05     0.5055E-06
   10          -228.004256688123     0.4021E-06     0.8172E-07
   11          -228.004256685745     0.7207E-07     0.2377E-08
   12          -228.004256683859     0.1589E-07     0.1887E-08
   13          -228.004256682953     0.2334E-08     0.9053E-09
   14          -228.004256682663     0.6381E-09     0.2907E-09
   15          -228.004256682659     0.1702E-09     0.3268E-11
   16          -228.004256682648     0.3275E-10     0.1108E-10
   17          -228.004256682648     0.8762E-11     0.2842E-13
  ---------------------------------------------------------------
  Convergence criterion met in 17 iterations!

  - Ground state summary:

     Final ground state energy (a.u.):  -228.004256682648

     Correlation energy (a.u.):           -0.149504799314

     Largest single amplitudes:
     -----------------------------------
        a       i         t(a,i)
     -----------------------------------
        1      4       -0.018929816755
        7      3       -0.013894464087
        8      4        0.009275748673
        2      3       -0.007281948263
        5      5        0.006972656140
        6      2       -0.006175710335
        6      4       -0.003722139183
        3      3       -0.002281715102
        8      2        0.001984544503
        1      2       -0.001387871646
     ------------------------------------

     Largest double amplitudes:
     --------------------------------------------------
        a      i       b      j         t(ai,bj)
     --------------------------------------------------
        2      3       2      3       -0.063696281470
        5      5       5      5       -0.053043718008
        1      4       1      4       -0.043419143693
        2      3       1      4       -0.040383774842
        6      4       6      4       -0.039157480382
        1      3       1      3       -0.033277663515
        6      4       5      5       -0.030722366398
        1      3       2      4       -0.029019576990
        2      4       2      4       -0.028931755765
        2      3       3      3       -0.028381190769
     --------------------------------------------------

  - Finished solving the CCSD ground state equations

     Total wall time (sec):              0.25400
     Total cpu time (sec):               0.17068


  Determining CC excited state amplitudes
  =======================================
     Storage (cc_es_davidson_trials): file
     Storage (cc_es_davidson_transforms): file

  Davidson eigenvalue equation solver
  -----------------------------------

  A Davidson solver that solves an eigenvalue equation: M x = omega x. 
  This equation is solved in a reduced space. A description of the algorithm 
  can be found in E. R. Davidson, J. Comput. Phys. 17, 87 (1975).

   - Davidson tool settings:

     Number of parameters:                  860
     Number of requested solutions:           4
     Max reduced space dimension:           100


  - Davidson solver settings

     Number of singlet states:               4
     Max number of iterations:             100

  Iteration:                  1
  Reduced space dimension:    4

  Root  Eigenvalue (Re)   Eigenvalue (Im)    |residual|   Delta E (Re)
  -------------------------------------------------------------------------
     1   0.352674623152    0.000000000000     0.3500E+00   0.3527E+00
     2   0.422920424997    0.000000000000     0.3477E+00   0.4229E+00
     3   0.466448158561    0.000000000000     0.3424E+00   0.4664E+00
     4   0.522243282272    0.000000000000     0.3304E+00   0.5222E+00
  -------------------------------------------------------------------------

  Iteration:                  2
  Reduced space dimension:    8

  Root  Eigenvalue (Re)   Eigenvalue (Im)    |residual|   Delta E (Re)
  -------------------------------------------------------------------------
     1   0.247056494024    0.000000000000     0.7555E-01   0.1056E+00
     2   0.319264680497    0.000000000000     0.8093E-01   0.1037E+00
     3   0.359962528718    0.000000000000     0.9323E-01   0.1065E+00
     4   0.431869833275    0.000000000000     0.9190E-01   0.9037E-01
  -------------------------------------------------------------------------

  Iteration:                  3
  Reduced space dimension:   12

  Root  Eigenvalue (Re)   Eigenvalue (Im)    |residual|   Delta E (Re)
  -------------------------------------------------------------------------
     1   0.246642249005    0.000000000000     0.2373E-01   0.4142E-03
     2   0.318575063230    0.000000000000     0.2705E-01   0.6896E-03
     3   0.353712384675    0.000000000000     0.3262E-01   0.6250E-02
     4   0.427708964067    0.000000000000     0.4293E-01   0.4161E-02
  -------------------------------------------------------------------------

  Iteration:                  4
  Reduced space dimension:   16

  Root  Eigenvalue (Re)   Eigenvalue (Im)    |residual|   Delta E (Re)
  -------------------------------------------------------------------------
     1   0.247078129158    0.000000000000     0.5199E-02   0.4359E-03
     2   0.318939539931    0.000000000000     0.5531E-02   0.3645E-03
     3   0.354544223900    0.000000000000     0.8629E-02   0.8318E-03
     4   0.427599133757    0.000000000000     0.3037E-01   0.1098E-03
  -------------------------------------------------------------------------

  Iteration:                  5
  Reduced space dimension:   20

  Root  Eigenvalue (Re)   Eigenvalue (Im)    |residual|   Delta E (Re)
  -------------------------------------------------------------------------
     1   0.247164236570    0.000000000000     0.1237E-02   0.8611E-04
     2   0.318904866175    0.000000000000     0.1053E-02   0.3467E-04
     3   0.354455232300    0.000000000000     0.2699E-02   0.8899E-04
     4   0.425003532506    0.000000000000     0.2417E-01   0.2596E-02
  -------------------------------------------------------------------------

  Iteration:                  6
  Reduced space dimension:   24

  Root  Eigenvalue (Re)   Eigenvalue (Im)    |residual|   Delta E (Re)
  -------------------------------------------------------------------------
     1   0.247160835902    0.000000000000     0.4873E-03   0.3401E-05
     2   0.318888945807    0.000000000000     0.3303E-03   0.1592E-04
     3   0.354393490379    0.000000000000     0.9837E-03   0.6174E-04
     4   0.424501123075    0.000000000000     0.7928E-02   0.5024E-03
  -------------------------------------------------------------------------

  Iteration:                  7
  Reduced space dimension:   28

  Root  Eigenvalue (Re)   Eigenvalue (Im)    |residual|   Delta E (Re)
  -------------------------------------------------------------------------
     1   0.247163703856    0.000000000000     0.1182E-03   0.2868E-05
     2   0.318890716777    0.000000000000     0.1030E-03   0.1771E-05
     3   0.354393725145    0.000000000000     0.2734E-03   0.2348E-06
     4   0.424474625922    0.000000000000     0.1871E-02   0.2650E-04
  -------------------------------------------------------------------------

  Iteration:                  8
  Reduced space dimension:   32

  Root  Eigenvalue (Re)   Eigenvalue (Im)    |residual|   Delta E (Re)
  -------------------------------------------------------------------------
     1   0.247165123608    0.000000000000     0.2127E-04   0.1420E-05
     2   0.318894535702    0.000000000000     0.3526E-04   0.3819E-05
     3   0.354393563672    0.000000000000     0.7093E-04   0.1615E-06
     4   0.424503146142    0.000000000000     0.4827E-03   0.2852E-04
  -------------------------------------------------------------------------

  Iteration:                  9
  Reduced space dimension:   36

  Root  Eigenvalue (Re)   Eigenvalue (Im)    |residual|   Delta E (Re)
  -------------------------------------------------------------------------
     1   0.247164846861    0.000000000000     0.5575E-05   0.2767E-06
     2   0.318894443182    0.000000000000     0.1160E-04   0.9252E-07
     3   0.354394593626    0.000000000000     0.2244E-04   0.1030E-05
     4   0.424498916851    0.000000000000     0.1402E-03   0.4229E-05
  -------------------------------------------------------------------------

  Iteration:                 10
  Reduced space dimension:   40

  Root  Eigenvalue (Re)   Eigenvalue (Im)    |residual|   Delta E (Re)
  -------------------------------------------------------------------------
     1   0.247164803557    0.000000000000     0.1190E-05   0.4330E-07
     2   0.318894326549    0.000000000000     0.2617E-05   0.1166E-06
     3   0.354394343591    0.000000000000     0.6676E-05   0.2500E-06
     4   0.424499335191    0.000000000000     0.3865E-04   0.4183E-06
  -------------------------------------------------------------------------

  Iteration:                 11
  Reduced space dimension:   44

  Root  Eigenvalue (Re)   Eigenvalue (Im)    |residual|   Delta E (Re)
  -------------------------------------------------------------------------
     1   0.247164786658    0.000000000000     0.1945E-06   0.1690E-07
     2   0.318894278650    0.000000000000     0.4567E-06   0.4790E-07
     3   0.354394428301    0.000000000000     0.2239E-05   0.8471E-07
     4   0.424498857835    0.000000000000     0.1068E-04   0.4774E-06
  -------------------------------------------------------------------------

  Iteration:                 12
  Reduced space dimension:   48

  Root  Eigenvalue (Re)   Eigenvalue (Im)    |residual|   Delta E (Re)
  -------------------------------------------------------------------------
     1   0.247164783984    0.000000000000     0.3584E-07   0.2673E-08
     2   0.318894273516    0.000000000000     0.9067E-07   0.5135E-08
     3   0.354394401133    0.000000000000     0.5787E-06   0.2717E-07
     4   0.424498953646    0.000000000000     0.2883E-05   0.9581E-07
  -------------------------------------------------------------------------

  Iteration:                 13
  Reduced space dimension:   52

  Root  Eigenvalue (Re)   Eigenvalue (Im)    |residual|   Delta E (Re)
  -------------------------------------------------------------------------
     1   0.247164783735    0.000000000000     0.7788E-08   0.2489E-09
     2   0.318894274180    0.000000000000     0.1870E-07   0.6648E-09
     3   0.354394417951    0.000000000000     0.1605E-06   0.1682E-07
     4   0.424498959193    0.000000000000     0.7242E-06   0.5547E-08
  -------------------------------------------------------------------------

  Iteration:                 14
  Reduced space dimension:   56

  Root  Eigenvalue (Re)   Eigenvalue (Im)    |residual|   Delta E (Re)
  -------------------------------------------------------------------------
     1   0.247164783761    0.000000000000     0.1217E-08   0.2575E-10
     2   0.318894274438    0.000000000000     0.2915E-08   0.2573E-09
     3   0.354394414984    0.000000000000     0.5488E-07   0.2966E-08
     4   0.424498956412    0.000000000000     0.2154E-06   0.2781E-08
  -------------------------------------------------------------------------

  Iteration:                 15
  Reduced space dimension:   60

  Root  Eigenvalue (Re)   Eigenvalue (Im)    |residual|   Delta E (Re)
  -------------------------------------------------------------------------
     1   0.247164783766    0.000000000000     0.1792E-09   0.4802E-11
     2   0.318894274436    0.000000000000     0.4537E-09   0.1551E-11
     3   0.354394415900    0.000000000000     0.1625E-07   0.9159E-09
     4   0.424498954904    0.000000000000     0.4311E-07   0.1508E-08
  -------------------------------------------------------------------------

  Iteration:                 16
  Reduced space dimension:   64

  Root  Eigenvalue (Re)   Eigenvalue (Im)    |residual|   Delta E (Re)
  -------------------------------------------------------------------------
     1   0.247164783767    0.000000000000     0.2887E-10   0.9558E-12
     2   0.318894274437    0.000000000000     0.6673E-10   0.5712E-12
     3   0.354394415560    0.000000000000     0.5038E-08   0.3400E-09
     4   0.424498954778    0.000000000000     0.9890E-08   0.1259E-09
  -------------------------------------------------------------------------

  Iteration:                 17
  Reduced space dimension:   68

  Root  Eigenvalue (Re)   Eigenvalue (Im)    |residual|   Delta E (Re)
  -------------------------------------------------------------------------
     1   0.247164783767    0.000000000000     0.6131E-11   0.9948E-13
     2   0.318894274437    0.000000000000     0.9445E-11   0.1443E-14
     3   0.354394415639    0.000000000000     0.1461E-08   0.7894E-10
     4   0.424498954773    0.000000000000     0.2854E-08   0.4618E-11
  -------------------------------------------------------------------------

  Iteration:                 18
  Reduced space dimension:   70

  Root  Eigenvalue (Re)   Eigenvalue (Im)    |residual|   Delta E (Re)
  -------------------------------------------------------------------------
     1   0.247164783767    0.000000000000     0.6131E-11   0.1915E-14
     2   0.318894274437    0.000000000000     0.9446E-11   0.9992E-15
     3   0.354394415631    0.000000000000     0.2920E-09   0.7527E-11
     4   0.424498954786    0.000000000000     0.7703E-09   0.1251E-10
  -------------------------------------------------------------------------

  Iteration:                 19
  Reduced space dimension:   72

  Root  Eigenvalue (Re)   Eigenvalue (Im)    |residual|   Delta E (Re)
  -------------------------------------------------------------------------
     1   0.247164783767    0.000000000000     0.6133E-11   0.3803E-14
     2   0.318894274437    0.000000000000     0.9445E-11   0.1388E-14
     3   0.354394415632    0.000000000000     0.6837E-10   0.5040E-12
     4   0.424498954782    0.000000000000     0.1802E-09   0.3827E-11
  -------------------------------------------------------------------------

  Iteration:                 20
  Reduced space dimension:   74

  Root  Eigenvalue (Re)   Eigenvalue (Im)    |residual|   Delta E (Re)
  -------------------------------------------------------------------------
     1   0.247164783767    0.000000000000     0.6131E-11   0.6051E-14
     2   0.318894274437    0.000000000000     0.9444E-11   0.2831E-14
     3   0.354394415631    0.000000000000     0.1492E-10   0.8475E-12
     4   0.424498954782    0.000000000000     0.3295E-10   0.6580E-12
  -------------------------------------------------------------------------

  Iteration:                 21
  Reduced space dimension:   76

  Root  Eigenvalue (Re)   Eigenvalue (Im)    |residual|   Delta E (Re)
  -------------------------------------------------------------------------
     1   0.247164783767    0.000000000000     0.6131E-11   0.4552E-14
     2   0.318894274437    0.000000000000     0.9444E-11   0.3719E-14
     3   0.354394415631    0.000000000000     0.3487E-11   0.1138E-12
     4   0.424498954782    0.000000000000     0.6041E-11   0.3146E-12
  -------------------------------------------------------------------------
  Convergence criterion met in 21 iterations!

  - Excitation vector amplitudes:

     Electronic state nr. 1

     Energy (Hartree):                  0.247164783767
     Fraction singles (|R1|/|R|):       0.970942178661

     Largest single amplitudes:
     -----------------------------------
        a       i         R(a,i)
     -----------------------------------
        1      5       -0.966961086450
        4      5        0.079730681959
        8      5       -0.027302805790
        6      5        0.024437209520
        5      4       -0.003823474286
        5      2        0.000662854362
        5      1       -0.000557856264
        1      4        0.000000501093
        2      3        0.000000069496
        4      4       -0.000000053166
     ------------------------------------

     Largest double amplitudes:
     --------------------------------------------------
        a      i       b      j         R(ai,bj)
     --------------------------------------------------
        2      3       1      5       -0.121236964261
        1      4       1      5       -0.107525349779
        1      3       2      5       -0.084295273772
        1      2       1      5       -0.068914722366
        1      5       5      5        0.062202510626
        2      4       2      5       -0.046844235797
        3      3       1      5       -0.043050376256
        6      4       1      5        0.040744028415
        4      4       1      5        0.035656112654
        7      3       1      5        0.033751829671
     --------------------------------------------------

     Electronic state nr. 2

     Energy (Hartree):                  0.318894274437
     Fraction singles (|R1|/|R|):       0.971381835336

     Largest single amplitudes:
     -----------------------------------
        a       i         R(a,i)
     -----------------------------------
        2      5       -0.964154606580
        3      5       -0.096852232875
        7      5        0.067685729403
        5      3       -0.005181858038
        2      4        0.000000495835
        3      4        0.000000067629
        1      3        0.000000064000
        7      4       -0.000000037789
        4      3       -0.000000017806
        2      2        0.000000017381
     ------------------------------------

     Largest double amplitudes:
     --------------------------------------------------
        a      i       b      j         R(ai,bj)
     --------------------------------------------------
        2      3       2      5       -0.133324011684
        1      4       2      5       -0.097860243831
        2      4       1      5       -0.073431447064
        1      3       1      5       -0.065413561158
        2      5       5      5        0.056460410254
        1      2       2      5       -0.047603727254
        3      3       2      5       -0.038018900216
        4      4       2      5        0.036756488821
        2      2       1      5       -0.035327512702
        6      4       2      5        0.032531423461
     --------------------------------------------------

     Electronic state nr. 3

     Energy (Hartree):                  0.354394415631
     Fraction singles (|R1|/|R|):       0.977206306912

     Largest single amplitudes:
     -----------------------------------
        a       i         R(a,i)
     -----------------------------------
        1      4        0.956830161178
        2      3       -0.163086169395
        1      2       -0.064808218159
        4      4       -0.052110592022
        5      5        0.045224944506
        3      3       -0.039303572319
        7      3        0.028582266957
        8      4        0.027007847561
        4      2        0.015957989307
        6      4        0.015337692391
     ------------------------------------

     Largest double amplitudes:
     --------------------------------------------------
        a      i       b      j         R(ai,bj)
     --------------------------------------------------
        1      4       1      4        0.101495888135
        2      3       1      4        0.097513573123
        1      3       2      4        0.065525698884
        1      4       6      4       -0.049736144337
        2      4       2      4        0.046171521644
        1      4       4      4       -0.035037857330
        1      2       2      3       -0.034763760778
        1      4       5      5       -0.034610771101
        2      4       3      4        0.033459362564
        1      3       4      3        0.030788491522
     --------------------------------------------------

     Electronic state nr. 4

     Energy (Hartree):                  0.424498954782
     Fraction singles (|R1|/|R|):       0.970455922303

     Largest single amplitudes:
     -----------------------------------
        a       i         R(a,i)
     -----------------------------------
        2      4        0.908593650569
        1      3       -0.325260546286
        3      4        0.059941450338
        7      4       -0.059007097467
        4      3        0.053459022515
        2      2       -0.019691404476
        6      3        0.009287416273
        8      3       -0.005786892700
        3      2       -0.002390262432
        7      1       -0.001042854434
     ------------------------------------

     Largest double amplitudes:
     --------------------------------------------------
        a      i       b      j         R(ai,bj)
     --------------------------------------------------
        1      4       2      4        0.160253412069
        2      3       2      4        0.072233610800
        1      3       2      3       -0.066979000766
        1      3       1      4        0.061252961484
        2      4       4      4       -0.047220831520
        2      2       2      3       -0.044343183426
        4      3       1      4       -0.039322514249
        2      4       6      4       -0.037085163761
        1      4       3      4        0.035596658462
        2      3       4      3        0.034115015270
     --------------------------------------------------

  - CCSD excitation energies:

                                      Excitation energy
                          ------------------------------------------
      State                (Hartree)             (eV)
     ---------------------------------------------------------------
        1                  0.247164783767        6.725696341632
        2                  0.318894274437        8.677555201265
        3                  0.354394415631        9.643563247068
        4                  0.424498954782       11.551204923663
     ---------------------------------------------------------------
     eV/Hartree (CODATA 2014): 27.21138602

  Peak memory usage during the execution of eT: 2.555712 MB

  Total wall time in eT (sec):              2.68800
  Total cpu time in eT (sec):               1.75885

  Calculation end:2022-10-19 10:30:08 UTC -07:00

  - Implementation references:

     eT: https://doi.org/10.1063/5.0004713
     Cholesky decomposition of ERIs: https://doi.org/10.1063/1.5083802

  eT terminated successfully!
