


                     eT 1.9 - an electronic structure program

  ------------------------------------------------------------------------
   Author list in alphabetical order:
  ------------------------------------------------------------------------
   J. H. Andersen, A. Balbi, S. Coriani, S. D. Folkestad, T. Giovannini, 
   L. Goletto, T. S. Haugland, A. Hutcheson, I-M. Høyvik, E. F. Kjønstad, 
   H. Koch, R. Matveeva, T. Moitra, R. H. Myhre, A. C. Paul, S. Roet, 
   E. Ronca, M. Scavino, A. K. Schnack-Petersen, A. S. Skeidsvoll, Å. 
   H. Tveten
  ------------------------------------------------------------------------
   J. Chem. Phys. 152, 184103 (2020); https://doi.org/10.1063/5.0004713


   This is eT 1.9.0 Jazzy
  ------------------------------------------------------------
  Configuration date: 2022-10-19 10:25:53 UTC -07:00
  Git branch:         detached HEAD
  Git hash:           57c35dcc31df636729251e2448b7b0d0dd22e1f1
  Fortran compiler:   GNU 11.3.0
  C compiler:         GNU 11.3.0
  C++ compiler:       GNU 11.3.0
  LAPACK type:        SYSTEM_NATIVE
  BLAS type:          SYSTEM_NATIVE
  64-bit integers:    OFF
  OpenMP:             ON
  PCM:                OFF
  Forced batching:    OFF
  Runtime checks:     OFF
  ------------------------------------------------------------


  :: Input file
  ================

     Note: geometry section is excluded from this print

     system
       name: hof he
       charge: 0
       multiplicity: 1
     end system

     do
       response
     end do

     method
       hf
       ccsd
     end method

     solver scf
       gradient threshold: 1.0d-11
     end solver scf

     solver cholesky
       threshold: 1.0d-11
     end solver cholesky

     cc response
       eom
       polarizabilities: {11,13}
       frequencies: {0.02d0, 0.04d0, 0.06d0}
       dipole length
     end cc response

     solver cc multipliers
       threshold: 1.0d-11
     end solver cc multipliers

     solver cc gs
       omega threshold: 1.0d-11
     end solver cc gs

     solver cc response
       threshold: 1.0d-11
     end solver cc response


  Calculation start:2022-10-19 10:29:09 UTC -07:00

  Running on 2 OMP threads
  Memory available for calculation: 8.000000 GB


  :: RHF wavefunction
  ===================

     ==============================================================================
                                     Geometry (angstrom)
     ==============================================================================
        Atom           X                  Y                  Z         # in input
     ==============================================================================
        Basis: cc-pvdz
        1  H     0.866810000000     0.601440000000     5.000000000000        1
        2  H    -0.866810000000     0.601440000000     5.000000000000        2
        3  O     0.000000000000    -0.075790000000     5.000000000000        3
        4 He     0.100000000000     0.100000000000     7.500000000000        4
     ==============================================================================

     ==============================================================================
                                     Geometry (a.u.)
     ==============================================================================
        Atom           X                  Y                  Z         # in input
     ==============================================================================
        Basis: cc-pvdz
        1  H     1.638033502034     1.136556880358     9.448630622825        1
        2  H    -1.638033502034     1.136556880358     9.448630622825        2
        3  O     0.000000000000    -0.143222342981     9.448630622825        3
        4 He     0.188972612457     0.188972612457    14.172945934238        4
     ==============================================================================

  - Cholesky decomposition of AO overlap to get linearly independent AOs:

     Linear dependence threshold:             0.10E-05
     Number of atomic orbitals:               29
     Number of orthonormal atomic orbitals:   29

  - Molecular orbital details:

     Number of occupied orbitals:         6
     Number of virtual orbitals:         23
     Number of molecular orbitals:       29


  Generating initial SAD density
  ==============================


  Determining reference state
  ===========================

  - Setting initial AO density to sad

     Energy of initial guess:               -78.492416266399
     Number of electrons in guess:           12.000000000000

  - Screening and integral thresholds:

     Coulomb screening threshold:    0.1000E-16
     Exchange screening threshold:   0.1000E-14
     ERI cutoff:                     0.1000E-16
     One-electron integral  cutoff:  0.1000E-21
     Cumulative Fock threshold:      0.1000E+01

  - SCF solver settings:

     Maximum iterations:                   100
     Acceleration type:                   diis

  - Convergence thresholds

     Residual threshold:            0.1000E-10

  - DIIS tool settings:

     DIIS dimension:   8

     Storage (solver scf_errors): memory
     Storage (solver scf_parameters): memory

  Iteration       Energy (a.u.)      Max(grad.)    Delta E (a.u.)
  ---------------------------------------------------------------
     1           -78.796385564779     0.9792E-01     0.7880E+02
     2           -78.828483050772     0.7079E-01     0.3210E-01
     3           -78.843311641787     0.6748E-02     0.1483E-01
     4           -78.843639110899     0.2753E-02     0.3275E-03
     5           -78.843675254309     0.3974E-03     0.3614E-04
     6           -78.843676314432     0.5222E-04     0.1060E-05
     7           -78.843676336278     0.6088E-05     0.2185E-07
     8           -78.843676337024     0.2134E-05     0.7461E-09
     9           -78.843676337126     0.3154E-06     0.1025E-09
    10           -78.843676337127     0.2634E-07     0.3979E-12
    11           -78.843676337127     0.5597E-08     0.5684E-13
    12           -78.843676337127     0.1667E-08     0.2842E-13
    13           -78.843676337127     0.7764E-09     0.2842E-13
    14           -78.843676337127     0.1445E-09     0.2842E-13
    15           -78.843676337127     0.2400E-10     0.8527E-13
    16           -78.843676337127     0.4865E-11     0.2842E-13
  ---------------------------------------------------------------
  Convergence criterion met in 16 iterations!

  - Summary of RHF wavefunction energetics (a.u.):

     HOMO-LUMO gap:                  0.645839120077
     Nuclear repulsion energy:      12.163673938822
     Electronic energy:            -91.007350275948
     Total energy:                 -78.843676337127


  :: CCSD wavefunction
  ====================

     Bath orbital(s):         False

   - Number of orbitals:

     Occupied orbitals:    6
     Virtual orbitals:     23
     Molecular orbitals:   29
     Atomic orbitals:      29

   - Number of ground state amplitudes:

     Single excitation amplitudes:  138
     Double excitation amplitudes:  9591


  Cholesky-decomposing electron repulsion integrals
  =================================================

  Cholesky decomposition of electronic repulsion integrals solver
  ---------------------------------------------------------------

  Performs a Cholesky decomposition of the two-electron electronic repulsion 
  integrals in the atomic orbital basis,

  (ab|cd) = sum_J L_ab^J L_cd^J.

  Once the Cholesky basis has been determined, the vectors L^J are constructed 
  and stored to disk. These may either be used directly, or be transformed 
  to the MO basis for use in post-HF calculations. For more information, 
  see S. D. Folkestad, E. F. Kjønstad and H. Koch, JCP, 150(19), (2019)

  - Cholesky decomposition settings:

     Target threshold is:   0.10E-10
     Span factor:           0.10E-01
     Max qual:                  1000

  - Cholesky decomposition ao details:

     Total number of AOs:                    29
     Total number of shell pairs:           120
     Total number of AO pairs:              435

     Significant shell pairs:               118
     Significant AO pairs:                  431

     Construct shell pairs:                 120
     Construct AO pairs:                    435

  Iter.  #Sign. ao pairs / shell pairs   Max diagonal    #Qualified    #Cholesky    Cholesky array size
  -------------------------------------------------------------------------------------------------------
     1               405 /     107       0.47383E+01         147             42             17010
     2               318 /      92       0.47167E-01         234            111             35298
     3               247 /      75       0.46940E-03         178            183             45201
     4               181 /      53       0.38429E-05         146            267             48327
     5                70 /      18       0.38181E-07          73            325             22750
     6                 0 /       0       0.37014E-09          36            345                 0
  -------------------------------------------------------------------------------------------------------

  - Summary of Cholesky decomposition of electronic repulsion integrals:

     Final number of Cholesky vectors: 345

 - Testing the Cholesky decomposition decomposition electronic repulsion integrals:

     Maximal difference between approximate and actual diagonal:              0.8367E-11
     Minimal element of difference between approximate and actual diagonal:  -0.1238E-14

  - Settings for integral handling:

     Cholesky vectors in memory: True
     ERI matrix in memory:       True

  - Finished decomposing the ERIs.

     Total wall time (sec):              0.32500
     Total cpu time (sec):               0.26759


  Determining CC cluster amplitudes
  =================================

   - DIIS coupled cluster ground state solver
  ----------------------------------------------

  A DIIS CC ground state amplitude equations solver. It uses an extrapolation 
  of previous quasi-Newton perturbation theory estimates of the next amplitudes. 
  See Helgaker et al., Molecular Electronic Structure Theory, Chapter 
  13.

  - CC ground state solver settings:

  - Convergence thresholds

     Residual threshold:            0.1000E-10
     Max number of iterations:      100

  - DIIS tool settings:

     DIIS dimension:   8

     Storage (cc_gs_diis_errors): file
     Storage (cc_gs_diis_parameters): file

  Iteration    Energy (a.u.)        |omega|       Delta E (a.u.)
  ---------------------------------------------------------------
    1           -79.084077835139     0.9451E-01     0.7908E+02
    2           -79.092423265378     0.2732E-01     0.8345E-02
    3           -79.099238114218     0.7525E-02     0.6815E-02
    4           -79.100188779336     0.2098E-02     0.9507E-03
    5           -79.100209227511     0.5171E-03     0.2045E-04
    6           -79.100230097906     0.2316E-03     0.2087E-04
    7           -79.100222251159     0.4967E-04     0.7847E-05
    8           -79.100220947051     0.1195E-04     0.1304E-05
    9           -79.100220337523     0.4257E-05     0.6095E-06
   10           -79.100220132091     0.1863E-05     0.2054E-06
   11           -79.100220175033     0.7313E-06     0.4294E-07
   12           -79.100220186151     0.3170E-06     0.1112E-07
   13           -79.100220199848     0.1053E-06     0.1370E-07
   14           -79.100220193779     0.3052E-07     0.6069E-08
   15           -79.100220192941     0.6335E-08     0.8387E-09
   16           -79.100220193154     0.2110E-08     0.2132E-09
   17           -79.100220193343     0.6412E-09     0.1894E-09
   18           -79.100220193403     0.1569E-09     0.5976E-10
   19           -79.100220193411     0.5326E-10     0.7660E-11
   20           -79.100220193412     0.2038E-10     0.1066E-11
   21           -79.100220193412     0.7822E-11     0.6395E-12
  ---------------------------------------------------------------
  Convergence criterion met in 21 iterations!

  - Ground state summary:

     Final ground state energy (a.u.):   -79.100220193412

     Correlation energy (a.u.):           -0.256543856285

     Largest single amplitudes:
     -----------------------------------
        a       i         t(a,i)
     -----------------------------------
        1      5        0.014747369530
       14      4       -0.009547136381
        7      4        0.008286082477
       15      5       -0.006127815614
        4      5        0.005597168703
        6      2        0.005482270194
        2      4        0.005315676357
       13      5        0.005262264632
        5      6       -0.004976931948
       11      6       -0.003468458373
     ------------------------------------

     Largest double amplitudes:
     --------------------------------------------------
        a      i       b      j         t(ai,bj)
     --------------------------------------------------
        2      4       2      4       -0.047348347761
        5      6       5      6       -0.046125315413
        3      4       3      4       -0.036665602909
        6      5       6      5       -0.034567429545
        1      5       1      5       -0.034196788115
       16      3      16      3       -0.032093077498
       17      3      17      3       -0.032023970211
       18      3      18      3       -0.031207949792
        9      3       9      3       -0.030955102756
        2      4       3      4       -0.029700794879
     --------------------------------------------------

  - Finished solving the CCSD ground state equations

     Total wall time (sec):              0.49500
     Total cpu time (sec):               0.40533


  Determining CC multipliers
  ==========================

   - Davidson tool settings:

     Number of parameters:                 9729
     Number of requested solutions:           1
     Max reduced space dimension:            50

     Storage (multipliers_davidson_trials): file
     Storage (multipliers_davidson_transforms): file

  - Davidson solver settings

     Residual threshold:              0.10E-10
     Max number of iterations:             100

   Iteration       Residual norm
  -------------------------------
     1               0.3517E-01
     2               0.6903E-02
     3               0.1186E-02
     4               0.6184E-03
     5               0.1750E-03
     6               0.4651E-04
     7               0.1074E-04
     8               0.3420E-05
     9               0.1679E-05
    10               0.6733E-06
    11               0.2193E-06
    12               0.5501E-07
    13               0.1272E-07
    14               0.2939E-08
    15               0.7566E-09
    16               0.2298E-09
    17               0.8312E-10
    18               0.3665E-10
    19               0.1210E-10
    20               0.4111E-11
  -------------------------------
  Convergence criterion met in 20 iterations!

  - CC multipliers solver summary:

     Largest single amplitudes:
     -----------------------------------
        a       i         tbar(a,i)
     -----------------------------------
        1      5        0.022805147340
       14      4       -0.015908633382
        7      4        0.014301022447
        4      5        0.011694825281
       15      5       -0.010012933935
        6      2        0.009090546441
       13      5        0.008759484935
        2      4        0.006944367810
        5      6       -0.006882875136
        3      4        0.006757635371
     ------------------------------------

     Largest double amplitudes:
     --------------------------------------------------
        a      i       b      j         tbar(ai,bj)
     --------------------------------------------------
        5      6       5      6       -0.092268813940
        2      4       2      4       -0.092077851559
        6      5       5      6       -0.089587402693
        2      4       5      6        0.083766793134
        2      4       6      5        0.077165954298
        2      4       1      5       -0.076349534109
        7      4       5      6       -0.071310533230
        3      4       3      4       -0.071295647619
        6      5       6      5       -0.068100598732
        1      5       1      5       -0.065946545915
     --------------------------------------------------


  Determining CC polarizabilities
  ===============================

   - Davidson tool settings:

     Number of parameters:                 9729
     Number of requested solutions:           3
     Max reduced space dimension:           100

     Storage (cc_response_davidson_trials): file
     Storage (cc_response_davidson_transforms): file

  - Davidson solver settings

     Residual threshold:              0.10E-10
     Max number of iterations:             100

  Iteration:                  1
  Reduced space dimension:    3

   Solution       Residual norm
  -----------------------------
     1               0.7608E+00
     2               0.7371E+00
     3               0.7150E+00
  -----------------------------

  Iteration:                  2
  Reduced space dimension:    6

   Solution       Residual norm
  -----------------------------
     1               0.1400E+00
     2               0.1334E+00
     3               0.1274E+00
  -----------------------------

  Iteration:                  3
  Reduced space dimension:    9

   Solution       Residual norm
  -----------------------------
     1               0.3372E-01
     2               0.3162E-01
     3               0.2972E-01
  -----------------------------

  Iteration:                  4
  Reduced space dimension:   12

   Solution       Residual norm
  -----------------------------
     1               0.6956E-02
     2               0.6416E-02
     3               0.5938E-02
  -----------------------------

  Iteration:                  5
  Reduced space dimension:   15

   Solution       Residual norm
  -----------------------------
     1               0.1420E-02
     2               0.1296E-02
     3               0.1187E-02
  -----------------------------

  Iteration:                  6
  Reduced space dimension:   18

   Solution       Residual norm
  -----------------------------
     1               0.2786E-03
     2               0.2504E-03
     3               0.2261E-03
  -----------------------------

  Iteration:                  7
  Reduced space dimension:   21

   Solution       Residual norm
  -----------------------------
     1               0.5574E-04
     2               0.4963E-04
     3               0.4441E-04
  -----------------------------

  Iteration:                  8
  Reduced space dimension:   24

   Solution       Residual norm
  -----------------------------
     1               0.1196E-04
     2               0.1051E-04
     3               0.9273E-05
  -----------------------------

  Iteration:                  9
  Reduced space dimension:   27

   Solution       Residual norm
  -----------------------------
     1               0.2666E-05
     2               0.2302E-05
     3               0.1997E-05
  -----------------------------

  Iteration:                 10
  Reduced space dimension:   30

   Solution       Residual norm
  -----------------------------
     1               0.6494E-06
     2               0.5580E-06
     3               0.4824E-06
  -----------------------------

  Iteration:                 11
  Reduced space dimension:   33

   Solution       Residual norm
  -----------------------------
     1               0.1795E-06
     2               0.1492E-06
     3               0.1257E-06
  -----------------------------

  Iteration:                 12
  Reduced space dimension:   36

   Solution       Residual norm
  -----------------------------
     1               0.4948E-07
     2               0.3969E-07
     3               0.3245E-07
  -----------------------------

  Iteration:                 13
  Reduced space dimension:   39

   Solution       Residual norm
  -----------------------------
     1               0.1706E-07
     2               0.1336E-07
     3               0.1067E-07
  -----------------------------

  Iteration:                 14
  Reduced space dimension:   42

   Solution       Residual norm
  -----------------------------
     1               0.6210E-08
     2               0.4725E-08
     3               0.3665E-08
  -----------------------------

  Iteration:                 15
  Reduced space dimension:   45

   Solution       Residual norm
  -----------------------------
     1               0.1764E-08
     2               0.1313E-08
     3               0.9973E-09
  -----------------------------

  Iteration:                 16
  Reduced space dimension:   48

   Solution       Residual norm
  -----------------------------
     1               0.3767E-09
     2               0.2789E-09
     3               0.2108E-09
  -----------------------------

  Iteration:                 17
  Reduced space dimension:   51

   Solution       Residual norm
  -----------------------------
     1               0.8334E-10
     2               0.6122E-10
     3               0.4592E-10
  -----------------------------

  Iteration:                 18
  Reduced space dimension:   54

   Solution       Residual norm
  -----------------------------
     1               0.1865E-10
     2               0.1349E-10
     3               0.9971E-11
  -----------------------------

  Iteration:                 19
  Reduced space dimension:   56

   Solution       Residual norm
  -----------------------------
     1               0.3832E-11
     2               0.2747E-11
     3               0.2016E-11
  -----------------------------
  Convergence criterion met in 19 iterations!

   - Davidson tool settings:

     Number of parameters:                 9729
     Number of requested solutions:           3
     Max reduced space dimension:           100

     Storage (cc_response_davidson_trials): file
     Storage (cc_response_davidson_transforms): file

  - Davidson solver settings

     Residual threshold:              0.10E-10
     Max number of iterations:             100

  Iteration:                  1
  Reduced space dimension:    3

   Solution       Residual norm
  -----------------------------
     1               0.8138E+00
     2               0.8431E+00
     3               0.8748E+00
  -----------------------------

  Iteration:                  2
  Reduced space dimension:    6

   Solution       Residual norm
  -----------------------------
     1               0.1551E+00
     2               0.1638E+00
     3               0.1733E+00
  -----------------------------

  Iteration:                  3
  Reduced space dimension:    9

   Solution       Residual norm
  -----------------------------
     1               0.3859E-01
     2               0.4148E-01
     3               0.4474E-01
  -----------------------------

  Iteration:                  4
  Reduced space dimension:   12

   Solution       Residual norm
  -----------------------------
     1               0.8220E-02
     2               0.8998E-02
     3               0.9899E-02
  -----------------------------

  Iteration:                  5
  Reduced space dimension:   15

   Solution       Residual norm
  -----------------------------
     1               0.1727E-02
     2               0.1915E-02
     3               0.2133E-02
  -----------------------------

  Iteration:                  6
  Reduced space dimension:   18

   Solution       Residual norm
  -----------------------------
     1               0.3453E-03
     2               0.3897E-03
     3               0.4425E-03
  -----------------------------

  Iteration:                  7
  Reduced space dimension:   21

   Solution       Residual norm
  -----------------------------
     1               0.7147E-04
     2               0.8140E-04
     3               0.9326E-04
  -----------------------------

  Iteration:                  8
  Reduced space dimension:   24

   Solution       Residual norm
  -----------------------------
     1               0.1539E-04
     2               0.1777E-04
     3               0.2060E-04
  -----------------------------

  Iteration:                  9
  Reduced space dimension:   27

   Solution       Residual norm
  -----------------------------
     1               0.3621E-05
     2               0.4281E-05
     3               0.5107E-05
  -----------------------------

  Iteration:                 10
  Reduced space dimension:   30

   Solution       Residual norm
  -----------------------------
     1               0.1023E-05
     2               0.1248E-05
     3               0.1560E-05
  -----------------------------

  Iteration:                 11
  Reduced space dimension:   33

   Solution       Residual norm
  -----------------------------
     1               0.2538E-06
     2               0.3165E-06
     3               0.4102E-06
  -----------------------------

  Iteration:                 12
  Reduced space dimension:   36

   Solution       Residual norm
  -----------------------------
     1               0.7317E-07
     2               0.9373E-07
     3               0.1265E-06
  -----------------------------

  Iteration:                 13
  Reduced space dimension:   39

   Solution       Residual norm
  -----------------------------
     1               0.2150E-07
     2               0.2820E-07
     3               0.3918E-07
  -----------------------------

  Iteration:                 14
  Reduced space dimension:   42

   Solution       Residual norm
  -----------------------------
     1               0.5669E-08
     2               0.7580E-08
     3               0.1075E-07
  -----------------------------

  Iteration:                 15
  Reduced space dimension:   45

   Solution       Residual norm
  -----------------------------
     1               0.1531E-08
     2               0.2082E-08
     3               0.2998E-08
  -----------------------------

  Iteration:                 16
  Reduced space dimension:   48

   Solution       Residual norm
  -----------------------------
     1               0.3286E-09
     2               0.4471E-09
     3               0.6429E-09
  -----------------------------

  Iteration:                 17
  Reduced space dimension:   51

   Solution       Residual norm
  -----------------------------
     1               0.7695E-10
     2               0.1055E-09
     3               0.1529E-09
  -----------------------------

  Iteration:                 18
  Reduced space dimension:   54

   Solution       Residual norm
  -----------------------------
     1               0.1872E-10
     2               0.2627E-10
     3               0.3898E-10
  -----------------------------

  Iteration:                 19
  Reduced space dimension:   57

   Solution       Residual norm
  -----------------------------
     1               0.4634E-11
     2               0.6640E-11
     3               0.1010E-10
  -----------------------------

  Iteration:                 20
  Reduced space dimension:   58

   Solution       Residual norm
  -----------------------------
     1               0.1124E-11
     2               0.1536E-11
     3               0.2323E-11
  -----------------------------
  Convergence criterion met in 20 iterations!

   - Davidson tool settings:

     Number of parameters:                 9729
     Number of requested solutions:           3
     Max reduced space dimension:           100

     Storage (cc_response_davidson_trials): file
     Storage (cc_response_davidson_transforms): file

  - Davidson solver settings

     Residual threshold:              0.10E-10
     Max number of iterations:             100

  Iteration:                  1
  Reduced space dimension:    3

   Solution       Residual norm
  -----------------------------
     1               0.3299E+00
     2               0.3198E+00
     3               0.3107E+00
  -----------------------------

  Iteration:                  2
  Reduced space dimension:    6

   Solution       Residual norm
  -----------------------------
     1               0.5304E-01
     2               0.4949E-01
     3               0.4646E-01
  -----------------------------

  Iteration:                  3
  Reduced space dimension:    9

   Solution       Residual norm
  -----------------------------
     1               0.1062E-01
     2               0.9705E-02
     3               0.8932E-02
  -----------------------------

  Iteration:                  4
  Reduced space dimension:   12

   Solution       Residual norm
  -----------------------------
     1               0.2257E-02
     2               0.2018E-02
     3               0.1818E-02
  -----------------------------

  Iteration:                  5
  Reduced space dimension:   15

   Solution       Residual norm
  -----------------------------
     1               0.4480E-03
     2               0.3976E-03
     3               0.3554E-03
  -----------------------------

  Iteration:                  6
  Reduced space dimension:   18

   Solution       Residual norm
  -----------------------------
     1               0.1229E-03
     2               0.1072E-03
     3               0.9421E-04
  -----------------------------

  Iteration:                  7
  Reduced space dimension:   21

   Solution       Residual norm
  -----------------------------
     1               0.3607E-04
     2               0.3102E-04
     3               0.2687E-04
  -----------------------------

  Iteration:                  8
  Reduced space dimension:   24

   Solution       Residual norm
  -----------------------------
     1               0.9178E-05
     2               0.7788E-05
     3               0.6658E-05
  -----------------------------

  Iteration:                  9
  Reduced space dimension:   27

   Solution       Residual norm
  -----------------------------
     1               0.2003E-05
     2               0.1690E-05
     3               0.1437E-05
  -----------------------------

  Iteration:                 10
  Reduced space dimension:   30

   Solution       Residual norm
  -----------------------------
     1               0.4258E-06
     2               0.3505E-06
     3               0.2932E-06
  -----------------------------

  Iteration:                 11
  Reduced space dimension:   33

   Solution       Residual norm
  -----------------------------
     1               0.9716E-07
     2               0.7718E-07
     3               0.6293E-07
  -----------------------------

  Iteration:                 12
  Reduced space dimension:   36

   Solution       Residual norm
  -----------------------------
     1               0.2832E-07
     2               0.2144E-07
     3               0.1661E-07
  -----------------------------

  Iteration:                 13
  Reduced space dimension:   39

   Solution       Residual norm
  -----------------------------
     1               0.7221E-08
     2               0.5418E-08
     3               0.4160E-08
  -----------------------------

  Iteration:                 14
  Reduced space dimension:   42

   Solution       Residual norm
  -----------------------------
     1               0.1792E-08
     2               0.1335E-08
     3               0.1018E-08
  -----------------------------

  Iteration:                 15
  Reduced space dimension:   45

   Solution       Residual norm
  -----------------------------
     1               0.3858E-09
     2               0.2895E-09
     3               0.2215E-09
  -----------------------------

  Iteration:                 16
  Reduced space dimension:   48

   Solution       Residual norm
  -----------------------------
     1               0.9321E-10
     2               0.6814E-10
     3               0.5092E-10
  -----------------------------

  Iteration:                 17
  Reduced space dimension:   51

   Solution       Residual norm
  -----------------------------
     1               0.2305E-10
     2               0.1659E-10
     3               0.1218E-10
  -----------------------------

  Iteration:                 18
  Reduced space dimension:   54

   Solution       Residual norm
  -----------------------------
     1               0.6248E-11
     2               0.4330E-11
     3               0.3067E-11
  -----------------------------
  Convergence criterion met in 18 iterations!

   - Davidson tool settings:

     Number of parameters:                 9729
     Number of requested solutions:           3
     Max reduced space dimension:           100

     Storage (cc_response_davidson_trials): file
     Storage (cc_response_davidson_transforms): file

  - Davidson solver settings

     Residual threshold:              0.10E-10
     Max number of iterations:             100

  Iteration:                  1
  Reduced space dimension:    3

   Solution       Residual norm
  -----------------------------
     1               0.3533E+00
     2               0.3672E+00
     3               0.3828E+00
  -----------------------------

  Iteration:                  2
  Reduced space dimension:    6

   Solution       Residual norm
  -----------------------------
     1               0.6183E-01
     2               0.6789E-01
     3               0.7540E-01
  -----------------------------

  Iteration:                  3
  Reduced space dimension:    9

   Solution       Residual norm
  -----------------------------
     1               0.1301E-01
     2               0.1463E-01
     3               0.1665E-01
  -----------------------------

  Iteration:                  4
  Reduced space dimension:   12

   Solution       Residual norm
  -----------------------------
     1               0.2850E-02
     2               0.3272E-02
     3               0.3803E-02
  -----------------------------

  Iteration:                  5
  Reduced space dimension:   15

   Solution       Residual norm
  -----------------------------
     1               0.5758E-03
     2               0.6669E-03
     3               0.7821E-03
  -----------------------------

  Iteration:                  6
  Reduced space dimension:   18

   Solution       Residual norm
  -----------------------------
     1               0.1605E-03
     2               0.1895E-03
     3               0.2268E-03
  -----------------------------

  Iteration:                  7
  Reduced space dimension:   21

   Solution       Residual norm
  -----------------------------
     1               0.4806E-04
     2               0.5744E-04
     3               0.6953E-04
  -----------------------------

  Iteration:                  8
  Reduced space dimension:   24

   Solution       Residual norm
  -----------------------------
     1               0.1226E-04
     2               0.1487E-04
     3               0.1829E-04
  -----------------------------

  Iteration:                  9
  Reduced space dimension:   27

   Solution       Residual norm
  -----------------------------
     1               0.2610E-05
     2               0.3205E-05
     3               0.4008E-05
  -----------------------------

  Iteration:                 10
  Reduced space dimension:   30

   Solution       Residual norm
  -----------------------------
     1               0.5889E-06
     2               0.7644E-06
     3               0.1035E-05
  -----------------------------

  Iteration:                 11
  Reduced space dimension:   33

   Solution       Residual norm
  -----------------------------
     1               0.1596E-06
     2               0.2192E-06
     3               0.3141E-06
  -----------------------------

  Iteration:                 12
  Reduced space dimension:   36

   Solution       Residual norm
  -----------------------------
     1               0.5107E-07
     2               0.7300E-07
     3               0.1075E-06
  -----------------------------

  Iteration:                 13
  Reduced space dimension:   39

   Solution       Residual norm
  -----------------------------
     1               0.1174E-07
     2               0.1682E-07
     3               0.2491E-07
  -----------------------------

  Iteration:                 14
  Reduced space dimension:   42

   Solution       Residual norm
  -----------------------------
     1               0.2982E-08
     2               0.4221E-08
     3               0.6185E-08
  -----------------------------

  Iteration:                 15
  Reduced space dimension:   45

   Solution       Residual norm
  -----------------------------
     1               0.7324E-09
     2               0.1027E-08
     3               0.1487E-08
  -----------------------------

  Iteration:                 16
  Reduced space dimension:   48

   Solution       Residual norm
  -----------------------------
     1               0.2013E-09
     2               0.2944E-09
     3               0.4456E-09
  -----------------------------

  Iteration:                 17
  Reduced space dimension:   51

   Solution       Residual norm
  -----------------------------
     1               0.5479E-10
     2               0.8205E-10
     3               0.1267E-09
  -----------------------------

  Iteration:                 18
  Reduced space dimension:   54

   Solution       Residual norm
  -----------------------------
     1               0.1472E-10
     2               0.2272E-10
     3               0.3609E-10
  -----------------------------

  Iteration:                 19
  Reduced space dimension:   57

   Solution       Residual norm
  -----------------------------
     1               0.3575E-11
     2               0.5574E-11
     3               0.8946E-11
  -----------------------------
  Convergence criterion met in 19 iterations!
     The convention applied here defines the polarizabilities as the response 
     functions, without negative sign.
     << mu_x, mu_x >>(0.20E-01):    -10.667179880761
     << mu_z, mu_x >>(0.20E-01):     -0.000770790934
     << mu_x, mu_x >>(0.40E-01):    -10.712628014279
     << mu_z, mu_x >>(0.40E-01):     -0.000729595713
     << mu_x, mu_x >>(0.60E-01):    -10.789511136656
     << mu_z, mu_x >>(0.60E-01):     -0.000657453296

  Peak memory usage during the execution of eT: 16.277132 MB

  Total wall time in eT (sec):              8.62900
  Total cpu time in eT (sec):               6.83386

  Calculation end:2022-10-19 10:29:17 UTC -07:00

  - Implementation references:

     eT: https://doi.org/10.1063/5.0004713
     Cholesky decomposition of ERIs: https://doi.org/10.1063/1.5083802

  eT terminated successfully!
