


                     eT 1.8 - an electronic structure program

  ------------------------------------------------------------------------
   Author list in alphabetical order:
  ------------------------------------------------------------------------
   J. H. Andersen, A. Balbi, S. Coriani, S. D. Folkestad, T. Giovannini, 
   L. Goletto, T. S. Haugland, A. Hutcheson, I-M. Høyvik, E. F. Kjønstad, 
   H. Koch, R. Matveeva, T. Moitra, R. H. Myhre, A. C. Paul, S. Roet, 
   E. Ronca, M. Scavino, A. K. Schnack-Petersen, A. S. Skeidsvoll, Å. 
   H. Tveten
  ------------------------------------------------------------------------
   J. Chem. Phys. 152, 184103 (2020); https://doi.org/10.1063/5.0004713


   This is eT 1.8.0 Ibiza
  ------------------------------------------------------------
  Configuration date: 2022-06-30 08:43:06 UTC +02:00
  Git branch:         release-v1.8.0
  Git hash:           9204bbd8a5d9984444afd222ec28d0f1c1e17adf
  Fortran compiler:   GNU 9.4.0
  C compiler:         GNU 9.4.0
  C++ compiler:       GNU 9.4.0
  LAPACK type:        MKL
  BLAS type:          MKL
  64-bit integers:    ON
  OpenMP:             ON
  PCM:                OFF
  Forced batching:    OFF
  Runtime checks:     OFF
  ------------------------------------------------------------


  :: Input file
  ================

     Note: geometry section is excluded from this print

     system
        name: hof he
        charge: 0
     end system

     do
        ground state
     end do

     memory
        available: 8
     end memory

     solver scf
        algorithm:          scf-diis
        energy threshold:   1.0d-10
        gradient threshold: 1.0d-10
     end solver scf

     method
        hf
     end method

     hf mean value
        quadrupole
     end hf mean value


  Calculation start:2022-06-30 08:45:02 UTC +02:00

  Running on 2 OMP threads
  Memory available for calculation: 8.000000 GB


  :: RHF wavefunction
  ===================

     ==============================================================================
                                     Geometry (angstrom)
     ==============================================================================
        Atom           X                  Y                  Z         # in input
     ==============================================================================
        Basis: cc-pvdz
        1  H     0.866810000000     0.601440000000     5.000000000000        1
        2  F    -0.866810000000     0.601440000000     5.000000000000        2
        3  O     0.000000000000    -0.075790000000     5.000000000000        3
        4 He     0.000000000000     0.000000000000     7.500000000000        4
     ==============================================================================

     ==============================================================================
                                     Geometry (a.u.)
     ==============================================================================
        Atom           X                  Y                  Z         # in input
     ==============================================================================
        Basis: cc-pvdz
        1  H     1.638033502034     1.136556880358     9.448630622825        1
        2  F    -1.638033502034     1.136556880358     9.448630622825        2
        3  O     0.000000000000    -0.143222342981     9.448630622825        3
        4 He     0.000000000000     0.000000000000    14.172945934238        4
     ==============================================================================

  - Cholesky decomposition of AO overlap to get linearly independent AOs:

     Linear dependence threshold:             0.10E-05
     Number of atomic orbitals:               38
     Number of orthonormal atomic orbitals:   38

  - Molecular orbital details:

     Number of occupied orbitals:        10
     Number of virtual orbitals:         28
     Number of molecular orbitals:       38


  Generating initial SAD density
  ==============================


  Determining reference state
  ===========================

  - Setting initial AO density to sad

     Energy of initial guess:              -178.316362504469
     Number of electrons in guess:           20.000000000000

  - Screening and integral thresholds:

     Coulomb screening threshold:    0.1000E-15
     Exchange screening threshold:   0.1000E-13
     ERI cutoff:                     0.1000E-15
     One-electron integral  cutoff:  0.1000E-20
     Cumulative Fock threshold:      0.1000E+01

  - SCF solver settings:

     Maximum iterations:                   100
     Acceleration type:                   diis

  - Convergence thresholds

     Residual threshold:            0.1000E-09
     Energy threshold:              0.1000E-09

  - DIIS tool settings:

     DIIS dimension:   8

     Storage (solver scf_errors): memory
     Storage (solver scf_parameters): memory

  Iteration       Energy (a.u.)      Max(grad.)    Delta E (a.u.)
  ---------------------------------------------------------------
     1          -177.452442672057     0.7565E-01     0.1775E+03
     2          -177.479038695768     0.1129E-01     0.2660E-01
     3          -177.480033265333     0.4145E-02     0.9946E-03
     4          -177.480160935731     0.1388E-02     0.1277E-03
     5          -177.480174929178     0.4311E-03     0.1399E-04
     6          -177.480176282849     0.8270E-04     0.1354E-05
     7          -177.480176366015     0.2291E-04     0.8317E-07
     8          -177.480176376348     0.4810E-05     0.1033E-07
     9          -177.480176377178     0.1046E-05     0.8307E-09
    10          -177.480176377209     0.2394E-06     0.3092E-10
    11          -177.480176377210     0.5253E-07     0.8527E-12
    12          -177.480176377210     0.9777E-08     0.5684E-13
    13          -177.480176377210     0.2792E-08     0.2842E-13
    14          -177.480176377210     0.1441E-08     0.1137E-12
    15          -177.480176377210     0.6293E-09     0.8527E-13
    16          -177.480176377210     0.1436E-09     0.0000E+00
    17          -177.480176377210     0.4658E-10     0.1705E-12
  ---------------------------------------------------------------
  Convergence criterion met in 17 iterations!

  - Summary of RHF wavefunction energetics (a.u.):

     HOMO-LUMO gap:                  0.600136348427
     Nuclear repulsion energy:      48.518317619727
     Electronic energy:           -225.998493996937
     Total energy:                -177.480176377210


  Determining HF properties
  =========================

     Quadrupole moment in [Debye*Ang]:
     =================================

     Conversion factor from Debye*Ang to a.u.: 0.743475459

     Comp.         Electronic           Nuclear             Total
     ------------------------------------------------------------
     xx        -46.4620810557     36.0893385637    -10.3727424920
     xy         21.4951683529    -20.0325993339      1.4625690190
     xz        173.8491583052   -166.5386350581      7.3105232471
     yy        -28.6252117785     17.5953575716    -11.0298542069
     yz       -124.2554210647    129.8805766957      5.6251556310
     zz      -2713.3897005186   2701.8026505277    -11.5870499910
     ------------------------------------------------------------

     The traceless quadrupole is calculated as:
        Q_ij = 1/2 [3*q_ij - tr(q)*delta_ij]
     where q_ij are the non-traceless matrix elements.

     Traceless quadrupole in [Debye*Ang]

     Comp.         Electronic           Nuclear             Total
     ------------------------------------------------------------
     xx       1324.5453750929  -1323.6096654860      0.9357096069
     xy         32.2427525293    -30.0488990008      2.1938535285
     xz        260.7737374577   -249.8079525871     10.9657848707
     yy       1351.3006790086  -1351.3506369741     -0.0499579654
     yz       -186.3831315970    194.8208650435      8.4377334465
     zz      -2675.8460541016   2674.9603024600     -0.8857516415
     ------------------------------------------------------------

  Peak memory usage during the execution of eT: 313.000 KB

  Total wall time in eT (sec):              1.24306
  Total cpu time in eT (sec):               2.44051

  Calculation end:2022-06-30 08:45:04 UTC +02:00

  - Implementation references:

     eT: https://doi.org/10.1063/5.0004713

  eT terminated successfully!
