


                     eT 1.5 - an electronic structure program

  ------------------------------------------------------------------------
   Author list in alphabetical order:
  ------------------------------------------------------------------------
   J. H. Andersen, A. Balbi, S. Coriani, S. D. Folkestad, T. Giovannini, 
   L. Goletto, T. S. Haugland, A. Hutcheson, I-M. Høyvik, E. F. Kjønstad, 
   H. Koch, T. Moitra, R. H. Myhre, A. C. Paul, S. Roet, M. Scavino, 
   A. Skeidsvoll, Å. H. Tveten
  ------------------------------------------------------------------------
   J. Chem. Phys. 152, 184103 (2020); https://doi.org/10.1063/5.0004713


   This is eT 1.5.0 Furia (development)
  ------------------------------------------------------------
  Configuration date: 2021-10-06 10:20:02 UTC +02:00
  Git branch:         hf-cleanup-oao-stuff
  Git hash:           82fed81e1022a04236e45d2edec97a412b5fa7bd
  Fortran compiler:   GNU 10.3.0
  C compiler:         GNU 10.3.0
  C++ compiler:       GNU 10.3.0
  LAPACK type:        SYSTEM_NATIVE
  BLAS type:          SYSTEM_NATIVE
  64-bit integers:    OFF
  OpenMP:             ON
  PCM:                OFF
  Forced batching:    OFF
  Runtime checks:     OFF
  ------------------------------------------------------------

  Calculation started: 2021-10-06 10:31:00 UTC +02:00


  :: Input file
  ================

     Note: geometry section is excluded from this print

     system
        name: H2O He
        charge: 0
        cartesian gaussians
     end system

     do
        ground state
     end do

     memory
        available: 8
     end memory

     solver scf
        algorithm:          scf-diis
        energy threshold:   1.0d-10
        gradient threshold: 1.0d-10
     end solver scf

     method
        hf
     end method


  Running on 2 OMP threads
  Memory available for calculation: 8.000000 GB


  :: RHF wavefunction
  ======================

     ==============================================================================
                                     Geometry (angstrom)
     ==============================================================================
        Atom           X                  Y                  Z         # in input
     ==============================================================================
        Basis: 6-31g(3df,3pd)
        1  H     0.866810000000     0.601440000000     5.000000000000        1
        2  H    -0.866810000000     0.601440000000     5.000000000000        2
        3  O     0.000000000000    -0.075790000000     5.000000000000        3
        4 He     0.000000000000     0.000000000000     7.500000000000        4
     ==============================================================================

     ==============================================================================
                                     Geometry (a.u.)
     ==============================================================================
        Atom           X                  Y                  Z         # in input
     ==============================================================================
        Basis: 6-31g(3df,3pd)
        1  H     1.638033502034     1.136556880358     9.448630622825        1
        2  H    -1.638033502034     1.136556880358     9.448630622825        2
        3  O     0.000000000000    -0.143222342981     9.448630622825        3
        4 He     0.000000000000     0.000000000000    14.172945934238        4
     ==============================================================================

  - Cholesky decomposition of AO overlap to get linearly independent AOs:

     Linear dependence threshold:             0.10E-05
     Number of atomic orbitals:               88
     Number of orthonormal atomic orbitals:   88

  - Molecular orbital details:

     Number of occupied orbitals:         6
     Number of virtual orbitals:         82
     Number of molecular orbitals:       88


  :: Hartree-Fock engine
  =========================

  Drives the calculation of the Hartree-Fock state.

  This is a RHF ground state calculation.
  The following tasks will be performed:

     1) Generate initial SAD density
     2) Calculation of reference state (SCF-DIIS algorithm)


  1) Generate initial SAD density


  2) Calculation of reference state (SCF-DIIS algorithm)

  - SCF solver settings:

     Maximum iterations:                   100
     Acceleration type:                   diis

  - Convergence thresholds

     Residual threshold:            0.1000E-09
     Energy threshold:              0.1000E-09

  - Setting initial AO density to sad

     Energy of initial guess:               -78.483627481644
     Number of electrons in guess:           12.000000000000

  - Screening and integral thresholds:

     Coulomb screening threshold:    0.1000E-15
     Exchange screening threshold:   0.1000E-13
     ERI cutoff:                     0.1000E-15
     One-electron integral  cutoff:  0.1000E-20
     Cumulative Fock threshold:      0.1000E+01

  - DIIS tool settings:

     DIIS dimension:   8

     Storage (solver scf_errors): memory
     Storage (solver scf_parameters): memory

  Iteration       Energy (a.u.)      Max(grad.)    Delta E (a.u.)
  ---------------------------------------------------------------
     1           -78.806762628523     0.6314E-01     0.7881E+02
     2           -78.834193962390     0.5226E-01     0.2743E-01
     3           -78.851516176771     0.4026E-02     0.1732E-01
     4           -78.851771812421     0.1509E-02     0.2556E-03
     5           -78.851812599089     0.3433E-03     0.4079E-04
     6           -78.851815687673     0.5837E-04     0.3089E-05
     7           -78.851815775218     0.4257E-05     0.8754E-07
     8           -78.851815775904     0.8874E-06     0.6869E-09
     9           -78.851815775919     0.1190E-06     0.1467E-10
    10           -78.851815775919     0.2292E-07     0.2558E-12
    11           -78.851815775919     0.6081E-08     0.2842E-13
    12           -78.851815775919     0.2042E-08     0.1705E-12
    13           -78.851815775919     0.5112E-09     0.9948E-13
    14           -78.851815775919     0.6128E-10     0.1421E-13
  ---------------------------------------------------------------
  Convergence criterion met in 14 iterations!

  - Summary of RHF wavefunction energetics (a.u.):

     HOMO-LUMO gap:                  0.663536338937
     Nuclear repulsion energy:      12.167611407170
     Electronic energy:            -91.019427183089
     Total energy:                 -78.851815775919

  - Timings for the RHF ground state calculation

     Total wall time (sec):              6.48400
     Total cpu time (sec):              12.14560

  ------------------------------------------------------------

  Peak memory usage during the execution of eT: 1.624868 MB

  Total wall time in eT (sec):              6.51000
  Total cpu time in eT (sec):              12.17521

  Calculation ended: 2021-10-06 10:31:07 UTC +02:00

  - Implementation references:

     eT: https://doi.org/10.1063/5.0004713

  eT terminated successfully!
