


                     eT - an electronic structure program

  ------------------------------------------------------------------------
   Author list in alphabetical order:
  ------------------------------------------------------------------------
   J. H. Andersen, A. Balbi, S. Coriani, S. D. Folkestad, T. Giovannini, 
   L. Goletto, T. S. Haugland, A. Hutcheson, I-M. Høyvik, E. F. Kjønstad, 
   H. Koch, T. Moitra, R. H. Myhre, A. C. Paul, M. Scavino, A. Skeidsvoll, 
   Å. H. Tveten
  ------------------------------------------------------------------------


  :: Input file
  ================

     Note: geometry section is excluded from this print

     system
        name: H2O He
        charge: 0
     end system

     do
       excited state
     end do

     memory
        available: 8
     end memory

     solver cholesky
        threshold: 1.0d-12
     end solver cholesky

     solver scf
        restart
        energy threshold:   1.0d-11
        gradient threshold: 1.0d-11
     end solver scf

     method
        hf
        lowmem-cc2
     end method

     solver cc gs
        restart
        omega threshold:  1.0d-11
        energy threshold: 1.0d-11
     end solver cc gs

     solver cc es
        restart
        algorithm:          diis
        singlet states:     3
        residual threshold: 1.0d-11
        energy threshold:   1.0d-11
     end solver cc es


  Running on 2 OMP thread(s)
  Memory available for calculation: 8.000000 GB


  :: Molecular system specifications
  =====================================

     Name:             h2o he
     Charge:           0
     Multiplicity:     1
     Coordinate units: angstrom

     Pure basis functions:         29
     Cartesian basis functions:    30
     Primitive basis functions:    56

     Nuclear repulsion energy (a.u.):             12.116100574587
     Bohr/angstrom value (CODATA 2010):            0.529177210920

     ==============================================================================
                                     Geometry (angstrom)
     ==============================================================================
        Atom           X                  Y                  Z         # in input
     ==============================================================================
        Basis: cc-pvdz
        1 H      0.866810000000     0.601440000000     5.000000000000        1
        2 H     -0.866810000000     0.601440000000     5.000000000000        2
        3 O      0.000000000000    -0.075790000000     5.000000000000        3
        4 He     0.100000000000    -0.020000000000     7.530000000000        4
     ==============================================================================

     ==============================================================================
                                     Geometry (a.u.)
     ==============================================================================
        Atom           X                  Y                  Z         # in input
     ==============================================================================
        Basis: cc-pvdz
        1 H      1.638033502034     1.136556880358     9.448630622825        1
        2 H     -1.638033502034     1.136556880358     9.448630622825        2
        3 O      0.000000000000    -0.143222342981     9.448630622825        3
        4 He     0.188972612457    -0.037794522491    14.229637717975        4
     ==============================================================================

   - Cholesky decomposition of electronic repulsion integrals solver
  ---------------------------------------------------------------------

  Performs a Cholesky decomposition of the two-electron electronic repulsion 
  integrals in the atomic orbital basis,

  (ab|cd) = sum_J L_ab^J L_cd^J.

  Once the Cholesky basis has been determined, the vectors L^J are constructed 
  and stored to disk. These may either be used directly, or be transformed 
  to the MO basis for use in post-HF calculations. For more information, 
  see S. D. Folkestad, E. F. Kjønstad and H. Koch, JCP, 150(19), (2019)

  - Cholesky decomposition settings:

     Target threshold is:   0.10E-11
     Span factor:           0.10E-01
     Max qual:                  1000

  - Cholesky decomposition system details:

     Total number of AOs:                    29
     Total number of shell pairs:           120
     Total number of AO pairs:              435

     Significant shell pairs:               118
     Significant AO pairs:                  431

     Construct shell pairs:                 120
     Construct AO pairs:                    435

  Iter.  #Sign. ao pairs / shell pairs   Max diagonal    #Qualified    #Cholesky    Cholesky array size
  -------------------------------------------------------------------------------------------------------
     1               406 /     108       0.47383E+01         147             42             17052
     2               319 /      93       0.47165E-01         234            111             35409
     3               250 /      76       0.46944E-03         178            183             45750
     4               187 /      55       0.38270E-05         145            265             49555
     5                87 /      25       0.38106E-07          78            324             28188
     6                21 /       3       0.37202E-09          43            349              7329
     7                 0 /       0       0.36652E-11           7            354                 0
  -------------------------------------------------------------------------------------------------------

  - Summary of Cholesky decomposition of electronic repulsion integrals:

     Final number of Cholesky vectors: 354

 - Testing the Cholesky decomposition decomposition electronic repulsion integrals:

     Maximal difference between approximate and actual diagonal:              0.7161E-12
     Minimal element of difference between approximate and actual diagonal:  -0.1110E-14

  - Finished decomposing the ERIs.

     Total wall time (sec):              0.10500
     Total cpu time (sec):               0.16815


  :: RHF wavefunction
  ======================

  - Cholesky decomposition of AO overlap to get linearly independent orbitals:

  - Orbital details:

     Number of occupied orbitals:         6
     Number of virtual orbitals:         23
     Number of molecular orbitals:       29
     Number of atomic orbitals:          29


  :: Hartree-Fock engine
  =========================

  Drives the calculation of the Hartree-Fock state.

  This is a RHF ground state calculation.
  The following tasks will be performed:

     1) Calculation of reference state (SCF-DIIS algorithm)


  1) Calculation of reference state (SCF-DIIS algorithm)

   - Self-consistent field DIIS Hartree-Fock solver
  ----------------------------------------------------

  A DIIS-accelerated Roothan-Hall self-consistent field solver. A least-square 
  DIIS fit is performed on the previous Fock matrices and associated gradients. 
  Following the Roothan-Hall update of the density, the DIIS-fitted Fock 
  matrix is used to get the next orbital coefficients.

  - Hartree-Fock solver settings:

     DIIS dimension:                         8
     Cumulative Fock threshold:       0.10E+01

     Energy threshold:              0.1000E-10
     Gradient threshold:            0.1000E-10

     Coulomb screening threshold:   0.1000E-16
     Exchange screening threshold:  0.1000E-14
     Fock precision:                0.1000E-33
     Integral cutoff:               0.1000E-16

  - Requested restart. Reading orbitals from file

  Iteration       Energy (a.u.)      Max(grad.)    Delta E (a.u.)
  ---------------------------------------------------------------
     1           -78.843851693631     0.2907E-11     0.7884E+02
  ---------------------------------------------------------------
  Convergence criterion met in 1 iterations!

  Note: the gradient converged in the first iteration,  so the energy 
  convergence has not been tested!

  - Summary of RHF wavefunction energetics (a.u.):

     HOMO-LUMO gap:                  0.645629080248
     Nuclear repulsion energy:      12.116100574587
     Electronic energy:            -90.959952268218
     Total energy:                 -78.843851693631

  - Molecular orbital energies

  -----------------------------------------------------------------------------------
   1 -20.574269195145   9   0.704416610867  17   1.682695299877  25   3.175416260660
   2  -1.277667044968  10   0.746260122914  18   1.804186820052  26   3.209661156313
   3  -0.898849406810  11   1.155862024383  19   1.902641648742  27   3.328173215200
   4  -0.629870222690  12   1.170770887076  20   2.148883457168  28   3.721936473470
   5  -0.541641772852  13   1.267961746552  21   2.200395756969  29   3.985492632586
   6  -0.485872762832  14   1.449847537220  22   2.540321860021
   7   0.159756317416  15   1.463234913438  23   2.541517310547
   8   0.229311906283  16   1.474444394527  24   2.559338707350
  -----------------------------------------------------------------------------------

  - Timings for the RHF ground state calculation

     Total wall time (sec):              0.01200
     Total cpu time (sec):               0.02252


  :: LOW MEMORY CC2 wavefunction
  =================================

     Bath orbital(s):         False
     Core-valence separation: False

   - Number of orbitals:

     Occupied orbitals:    6
     Virtual orbitals:     23
     Molecular orbitals:   29
     Atomic orbitals:      29

   - Number of ground state amplitudes:

     Single excitation amplitudes:  138


  :: Excited state coupled cluster engine
  ==========================================

  Calculates the coupled cluster excitation vectors and excitation energies

  This is a LOW MEMORY CC2 excited state calculation.
  The following tasks will be performed:

     1) Preparation of MO basis and integrals
     2) Calculation of the ground state (diis algorithm)
     3) Calculation of the excited state (diis algorithm)


  1) Preparation of MO basis and integrals

  - Settings for integral handling:

     Cholesky vectors in memory: True
     ERI matrix in memory:       False


  2) Calculation of the ground state (diis algorithm)

   - DIIS coupled cluster ground state solver
  ----------------------------------------------

  A DIIS CC ground state amplitude equations solver. It uses an extrapolation 
  of previous quasi-Newton perturbation theory estimates of the next amplitudes. 
  See Helgaker et al., Molecular Electronic Structure Theory, Chapter 
  13.

  - DIIS CC ground state solver settings:

     Omega threshold:           0.10E-10
     Energy threshold:          0.10E-10

     DIIS dimension:                   8
     Max number of iterations:       100

     Storage: disk

  Requested restart. Reading in solution from file.

  Iteration    Energy (a.u.)        |omega|       Delta E (a.u.)
  ---------------------------------------------------------------
    1           -79.085769729575     0.6368E-11     0.7909E+02
  ---------------------------------------------------------------
  Convergence criterion met in 1 iterations!

  Note: the omega vector converged in the first iteration,  so the energy 
  convergence has not been tested!

  - Ground state summary:

     Final ground state energy (a.u.):   -79.085769729575

     Correlation energy (a.u.):           -0.241918035945

     Largest single amplitudes:
     -----------------------------------
        a       i         t(a,i)
     -----------------------------------
        1      5       -0.015071367767
       14      4        0.009516336778
        7      4       -0.008547796583
       15      5        0.006232215147
        5      6        0.005875107063
        6      2       -0.005220429230
       13      5       -0.005212699581
        2      4       -0.005071084622
       11      6       -0.003616248565
        4      5       -0.003233309228
     ------------------------------------

     T1 diagnostic (|T1|/sqrt(N_e)): 0.007125912546

  - Finished solving the LOW MEMORY CC2 ground state equations

     Total wall time (sec):              0.01100
     Total cpu time (sec):               0.01967


  3) Calculation of the excited state (diis algorithm)
     Calculating right vectors

   - DIIS coupled cluster excited state solver
  -----------------------------------------------

  A DIIS solver that solves for the lowest eigenvalues and  the right 
  eigenvectors of the Jacobian matrix, A. The eigenvalue  problem is solved 
  by DIIS extrapolation of residuals for each  eigenvector until the convergence 
  criteria are met.

  More on the DIIS algorithm can be found in P. Pulay, Chemical Physics 
  Letters, 73(2), 393-398 (1980).

  - Settings for coupled cluster excited state solver (DIIS):

     Calculation type:    valence
     Excitation vectors:  right

     Energy threshold:                0.10E-10
     Residual threshold:              0.10E-10

     Number of singlet states:               3
     Max number of iterations:             100

     DIIS dimension:                        20

  Requested restart - restarting 3 right eigenvectors from file.

  Iteration:                  1

   Root     Eigenvalue (Re)     Residual norm
  -----------------------------------------------
     1      0.245983441338       0.1813E-11
     2      0.312493140824       0.2333E-11
     3      0.354257072916       0.4674E-11
  -----------------------------------------------

  Note: residual of all states converged  in first iteration.
  Energy convergence has not been tested.

  Convergence criterion met in 1 iterations!

  - Resorting roots according to excitation energy.

  - Stored converged states to file.

  - Excitation vector amplitudes:

     Electronic state nr. 1

     Energy (Hartree):                  0.245983441338
     Fraction singles (|R1|/|R|):       1.000000000000

     Largest single amplitudes:
     -----------------------------------
        a       i         R(a,i)
     -----------------------------------
        1      6        0.992570977340
        4      6        0.108934949543
        6      6        0.036841280984
       13      6       -0.030571764350
        1      3       -0.011873170889
       22      6        0.008128864923
        1      5        0.008036840172
       19      5       -0.007869044457
        9      6        0.007462543552
       20      4        0.007116746218
     ------------------------------------

     Electronic state nr. 2

     Energy (Hartree):                  0.312493140824
     Fraction singles (|R1|/|R|):       1.000000000000

     Largest single amplitudes:
     -----------------------------------
        a       i         R(a,i)
     -----------------------------------
        2      6        0.983888959785
        3      6        0.161510332237
        7      6       -0.071460933883
       14      6        0.021752345804
        2      3       -0.011826768100
       12      6       -0.006327958190
        2      5        0.005484089348
        8      2        0.005408908490
        5      4        0.004596274767
       11      4        0.003334068739
     ------------------------------------

     Electronic state nr. 3

     Energy (Hartree):                  0.354257072916
     Fraction singles (|R1|/|R|):       1.000000000000

     Largest single amplitudes:
     -----------------------------------
        a       i         R(a,i)
     -----------------------------------
        1      5        0.981722161081
        2      4       -0.134704861788
        4      5        0.078127172213
        1      2        0.069420463820
        3      4       -0.052712335430
        5      6        0.040555034655
       13      5       -0.029288514830
        7      4        0.026531873269
        4      2        0.018792517154
       10      5        0.013280743593
     ------------------------------------

     - Electronic excitation energies:

                                      Excitation energy
                          ------------------------------------------
      State                (Hartree)             (eV)
     ---------------------------------------------------------------
        1                  0.245983441338        6.693550376783
        2                  0.312493140824        8.503371483562
        3                  0.354257072916        9.639825961443
     ---------------------------------------------------------------
     eV/Hartree (CODATA 2014): 27.21138602

  - Finished solving the LOW MEMORY CC2 excited state equations (right)

     Total wall time (sec):              0.04200
     Total cpu time (sec):               0.11281

  - Timings for the LOW MEMORY CC2 excited state calculation

     Total wall time (sec):              0.05900
     Total cpu time (sec):               0.14253

  eT terminated successfully!
