


                     eT 1.3 - an electronic structure program

  ------------------------------------------------------------------------
   Author list in alphabetical order:
  ------------------------------------------------------------------------
   J. H. Andersen, A. Balbi, S. Coriani, S. D. Folkestad, T. Giovannini, 
   L. Goletto, T. S. Haugland, A. Hutcheson, I-M. Høyvik, E. F. Kjønstad, 
   H. Koch, T. Moitra, R. H. Myhre, A. C. Paul, S. Roet, M. Scavino, 
   A. Skeidsvoll, Å. H. Tveten
  ------------------------------------------------------------------------
   J. Chem. Phys. 152, 184103 (2020); https://doi.org/10.1063/5.0004713


   This is eT 1.3.0 Disco
  ------------------------------------------------------------
  Configuration date: 2021-06-07 12:48:33 UTC +02:00
  Git branch:         update-test-refs-new
  Git hash:           07052c810cfb89ed77f5f7b0b9d39be404f0338e
  Fortran compiler:   GNU 10.3.0
  C compiler:         GNU 10.3.0
  C++ compiler:       GNU 10.3.0
  LAPACK type:        MKL
  BLAS type:          MKL
  64-bit integers:    ON
  OpenMP:             ON
  PCM:                ON
  Forced batching:    OFF
  Runtime checks:     OFF
  ------------------------------------------------------------

  Calculation started: 2021-06-07 12:49:35 UTC +02:00


  :: Input file
  ================

     Note: geometry section is excluded from this print

     system
         name: visualization_cube
         charge: 0
     end system

     do
        ground state
     end do

     method
         hf
     end method

     memory
        available: 8
     end memory

     solver scf
        algorithm:          scf-diis
        energy threshold:   1.0d-10
        gradient threshold: 1.0d-10
        diis dimension: 1
     end solver scf

     visualization
         file format: cube
         plot hf density
         grid min: {0, 0, -2}
         grid max: {2, 1, 0}
     end visualization


  Running on 2 OMP threads
  Memory available for calculation: 8.000000 GB


  :: RHF wavefunction
  ======================

     ==============================================================================
                                     Geometry (angstrom)
     ==============================================================================
        Atom           X                  Y                  Z         # in input
     ==============================================================================
        Basis: cc-pvdz
        1  H     0.000000000000     0.000000000000     0.000000000000        1
        2  H     0.740000000000     0.000000000000     0.000000000000        2
     ==============================================================================

     ==============================================================================
                                     Geometry (a.u.)
     ==============================================================================
        Atom           X                  Y                  Z         # in input
     ==============================================================================
        Basis: cc-pvdz
        1  H     0.000000000000     0.000000000000     0.000000000000        1
        2  H     1.398397332178     0.000000000000     0.000000000000        2
     ==============================================================================

  - Cholesky decomposition of AO overlap to get linearly independent AOs:

     Linear dependence threshold:             0.10E-05
     Number of atomic orbitals:               10
     Number of orthonormal atomic orbitals:   10

  - Molecular orbital details:

     Number of occupied orbitals:         1
     Number of virtual orbitals:          9
     Number of molecular orbitals:       10


  :: Hartree-Fock engine
  =========================

  Drives the calculation of the Hartree-Fock state.

  This is a RHF ground state calculation.
  The following tasks will be performed:

     1) Generate initial SAD density
     2) Calculation of reference state (SCF-DIIS algorithm)
     3) Plot orbitals and/or density


  1) Generate initial SAD density


  2) Calculation of reference state (SCF-DIIS algorithm)

  - SCF solver settings:

     Maximum iterations:                   100
     Acceleration type:                   diis

     Residual threshold:            0.1000E-09
     Energy threshold:              0.1000E-09

  - Setting initial AO density to sad

     Energy of initial guess:                -0.850213930499
     Number of electrons in guess:            2.000000000000

  - Screening and integral thresholds:

     Coulomb screening threshold:    0.1000E-15
     Exchange screening threshold:   0.1000E-13
     ERI cutoff:                     0.1000E-15
     One-electron integral  cutoff:  0.1000E-20
     Cumulative Fock threshold:      0.1000E+01

  - DIIS tool settings:

     DIIS dimension:   1

     Storage (solver scf_e): memory
     Storage (solver scf_x): memory

  Iteration       Energy (a.u.)      Max(grad.)    Delta E (a.u.)
  ---------------------------------------------------------------
     1            -1.127259178855     0.1459E-01     0.1127E+01
     2            -1.128656465828     0.2581E-02     0.1397E-02
     3            -1.128698608589     0.4742E-03     0.4214E-04
     4            -1.128700039664     0.8894E-04     0.1431E-05
     5            -1.128700091529     0.1692E-04     0.5187E-07
     6            -1.128700093479     0.3252E-05     0.1949E-08
     7            -1.128700093553     0.6300E-06     0.7471E-10
     8            -1.128700093556     0.1228E-06     0.2893E-11
     9            -1.128700093556     0.2403E-07     0.1139E-12
    10            -1.128700093556     0.4717E-08     0.3331E-14
    11            -1.128700093556     0.9281E-09     0.1998E-14
    12            -1.128700093556     0.1829E-09     0.2220E-14
    13            -1.128700093556     0.3609E-10     0.0000E+00
  ---------------------------------------------------------------
  Convergence criterion met in 13 iterations!

  - Summary of RHF wavefunction energetics (a.u.):

     HOMO-LUMO gap:                  0.789851041879
     Nuclear repulsion energy:       0.715104339081
     Electronic energy:             -1.843804432638
     Total energy:                  -1.128700093556


  3) Plot orbitals and/or density

  :: Visualization of orbitals and density

     Grid information              x             y             z
     ------------------------------------------------------------------
     First (A):                    0.00          0.00         -2.00
     Last (A):                     1.90          0.90         -0.10
     Number of grid points:        20            10             20
     ------------------------------------------------------------------

  - Placing the AOs evaluated on the grid in memory

  - Plotting density

  - Timings for the RHF ground state calculation

     Total wall time (sec):              0.06966
     Total cpu time (sec):               0.08168

  ------------------------------------------------------------

  Peak memory usage during the execution of eT: 680.488 KB

  Total wall time in eT (sec):              0.07756
  Total cpu time in eT (sec):               0.09052

  Calculation ended: 2021-06-07 12:49:35 UTC +02:00

  - Implementation references:

     eT: https://doi.org/10.1063/5.0004713

  eT terminated successfully!
