


                       eT - a coupled cluster program
       Original authors: Sarai D. Folkestad, Eirik F. Kjønstad, and Henrik Koch

  ----------------------------------------------------------------------------------
   Author:                 Contribution(s):
  ----------------------------------------------------------------------------------
   Josefine H. Andersen   first order properties
   Alice Balbi            CC propagation
   Sarai D. Folkestad     program design, HF, CCS, 
                          CC2, CCSD, Libint-interface, 
                          Cholesky decomposition, 
                          Davidson-tool, CVS, DIIS-tool, 
                          zeroth order properties, 
                          first order properties, 
                          IP, frozen core, MLCC2, 
                          MLHF, visualization
   Tommaso Giovannini     QM/MM, PCM, Libint-interface
   Linda Goletto          CC2, MLHF
   Tor S. Haugland        SAD
   Anders Hutcheson       frozen HF orbitals
   Ida-Marie Høyvik       MLHF, frozen HF orbitals
   Eirik F. Kjønstad      program design, HF, UHF, CCS, CC2, CCSD, DIIS-tool, 
                          Cholesky decomposition, Libint-interface, Davidson-tool, 
                          zeroth order properties, first order properties, 
                          SAD, BFGS-tool
   Rolf H. Myhre          CC3, Runtest-interface, launch script, file system
   Alexander C. Paul      CC2, CC3, first order properties
   Andreas Skeidsvoll     MP2, CC propagation, FFT solver, visualization
   Åsmund H. Tveten       HF
  ----------------------------------------------------------------------------------
   Other contributors: M. Scavino

  Running on 2 OMP thread(s)
  Memory available for calculation: 8.000000 GB


  :: Molecular system specifications
  =====================================

     Name:             2 water molecules close
     Charge:           0
     Multiplicity:     1
     Coordinate units: angstrom

     Pure basis functions:         82
     Cartesian basis functions:    86
     Primitive basis functions:   134

     Nuclear repulsion energy (a.u.):             37.386395233393
     Bohr/angstrom value (CODATA 2010):            0.529177210920

     Active atoms:

     ======================================
      Atom   Symbol       Basis     Method
     ======================================
        1      O       aug-cc-pvdz       hf
        2      H       aug-cc-pvdz       hf
        3      H       aug-cc-pvdz       hf
     ======================================
     Total number of active atoms: 3
     OBS: Atoms will be reordered, active atoms first

    =========================================================================
                               Geometry(Å)
    =========================================================================
     Atom          X                Y                Z                Basis
    =========================================================================
      O    -0.573030000000   2.189950000000  -0.052560000000     aug-cc-pvdz
      H     0.347690000000   2.485980000000   0.050490000000     aug-cc-pvdz
      H    -1.075800000000   3.019470000000   0.020240000000     aug-cc-pvdz
      O    -1.567030000000  -0.324500000000   0.450780000000     aug-cc-pvdz
      H    -1.211220000000   0.588750000000   0.375890000000     aug-cc-pvdz
      H    -1.604140000000  -0.590960000000  -0.479690000000     aug-cc-pvdz
    =========================================================================

    =========================================================================
                               Geometry(a.u.)
    =========================================================================
     Atom          X                Y                Z                Basis
    =========================================================================
      O    -1.082869761160   4.138405726491  -0.099324005107     aug-cc-pvdz
      H     0.657038876250   4.697821351146   0.095412272029     aug-cc-pvdz
      H    -2.032967364807   5.705971341340   0.038248056761     aug-cc-pvdz
      O    -2.961257528977  -0.613216127421   0.851850742431     aug-cc-pvdz
      H    -2.288874076596   1.112576255838   0.710329152963     aug-cc-pvdz
      H    -3.031385265460  -1.116752550573  -0.906482724693     aug-cc-pvdz
    =========================================================================


  :: MLHF wavefunction
  =======================

  - MLHF settings:

     Occupied orbitals:    Cholesky
     Virtual orbitals:     PAOs

     Cholesky decomposition threshold:  0.10E-01

  - Cholesky decomposition of AO overlap to get linearly independent orbitals:

  - Orbital details:

     Number of occupied orbitals:        10
     Number of virtual orbitals:         72
     Number of molecular orbitals:       82
     Number of atomic orbitals:          82


  :: Hartree-Fock engine
  =========================

  Drives the calculation of the Hartree-Fock state.

  This is a MLHF ground state calculation.
  The following tasks will be performed:

     1) Calculation of reference state (MO-SCF-DIIS algorithm)


  1) Calculation of reference state (MO-SCF-DIIS algorithm)

   - MO Self-consistent field DIIS Hartree-Fock solver
  -------------------------------------------------------

  A DIIS-accelerated Roothan-Hall self-consistent field solver. A least-square 
  DIIS fit is performed on the previous Fock matrices and associated gradients. 
  Following the Roothan-Hall update of the density, the DIIS-fitted Fock 
  matrix is used to get the next orbital coefficients.

  - Hartree-Fock solver settings:

     DIIS dimension:                         8

     Energy threshold:              0.1000E-10
     Gradient threshold:            0.1000E-10

     Coulomb screening threshold:   0.1000E-13
     Exchange screening threshold:  0.1000E-13
     ERI integral precision:        0.1000E-27

  - Requested restart. Reading orbitals from file

  Iteration       Energy (a.u.)      Max(grad.)    Delta E (a.u.)
  ---------------------------------------------------------------
     1          -152.035402578485     0.4385E-04     0.1520E+03
     2          -152.035402579728     0.2126E-04     0.1243E-08
     3          -152.035402579944     0.9694E-05     0.2152E-09
     4          -152.035402579997     0.8453E-06     0.5355E-10
     5          -152.035402579998     0.2148E-06     0.7674E-12
     6          -152.035402579998     0.1885E-07     0.0000E+00
     7          -152.035402579998     0.3916E-08     0.0000E+00
     8          -152.035402579998     0.7982E-09     0.5684E-13
     9          -152.035402579998     0.1718E-09     0.2842E-13
    10          -152.035402579998     0.9197E-10     0.0000E+00
    11          -152.035402579998     0.5378E-10     0.0000E+00
    12          -152.035402579998     0.7541E-11     0.8527E-13
  ---------------------------------------------------------------
  Convergence criterion met in 12 iterations!

  - Summary of MLHF wavefunction energetics (a.u.):

     HOMO-LUMO gap:                  0.574145549624
     Nuclear repulsion energy:      37.386395233393
     Electronic energy:           -189.421797813391
     Total energy:                -152.035402579998

  - Summary of MLHF active/inactive contributions to electronic energy (a.u.):

     Active energy:               -104.800806693821
     Active-inactive energy:        19.248093250168
     Inactive energy:             -103.869084369738

  - Molecular orbital energies

  -----------------------------------------------------------------------------------
   1 -20.614339572222  13   0.321861431398  25   1.064296703007  37   2.431241161325
   2  -1.385713662559  14   0.364934382336  26   1.121138299388  38   2.576417075223
   3  -0.743866214434  15   0.386942366753  27   1.140232053131  39   2.677755231166
   4  -0.633182604403  16   0.418699054329  28   1.259070185780  40   2.954136471797
   5  -0.547839529000  17   0.526730886003  29   1.267691832920  41   3.642452879942
   6   0.026306020625  18   0.607489106644  30   1.474455086931  42   3.664778319270
   7   0.051689835394  19   0.634582424780  31   1.517536632679  43   3.736379873705
   8   0.169468484190  20   0.635984364743  32   1.966397596129  44   3.973729051735
   9   0.188350711397  21   0.767352035575  33   1.988456702046  45   4.268703945677
  10   0.219684172371  22   0.818822142229  34   2.011400136788
  11   0.223698262327  23   0.860426150920  35   2.089419509529
  12   0.267482904327  24   0.929805678935  36   2.415501998823
  -----------------------------------------------------------------------------------

  - Printing molecular orbitals (15 from total 45)

    AO    Atom           1           2           3           4           5
  ----------------------------------------------------------------------------
     1    1  O(s)    1.001486   -0.006281    0.000001    0.000212    0.000325
     2    1  O(s)    0.002235    0.449343    0.000118    0.144004    0.005832
     3    1  O(s)   -0.007430    0.389441    0.000125    0.300763    0.012171
     4    1  O(p)    0.000511    0.025870   -0.470212   -0.188843    0.037660
     5    1  O(p)    0.001378    0.069693    0.175728   -0.508620    0.065322
     6    1  O(p)    0.000257    0.011218   -0.009942   -0.061974   -0.625010
     7    1  O(p)   -0.000410   -0.011459   -0.195035   -0.117860    0.031380
     8    1  O(p)   -0.001114   -0.030500    0.072752   -0.316790    0.058015
     9    1  O(p)   -0.000321    0.001100   -0.004152   -0.036121   -0.452180
    10    1  O(d)   -0.000015   -0.000899   -0.020832   -0.005834    0.001206
    11    1  O(d)    0.000006    0.001741    0.000928   -0.004035   -0.011665
    12    1  O(d)   -0.000095   -0.006483   -0.000118    0.009921   -0.003270
    13    1  O(d)    0.000006    0.000922   -0.004042   -0.001687   -0.004282
    14    1  O(d)    0.000018    0.000980   -0.018026    0.006876   -0.001016
    15    1  O(s)   -0.005407    0.071736   -0.000597    0.014071    0.012321
    16    1  O(p)   -0.000021    0.004888   -0.031046   -0.012077    0.006912
    17    1  O(p)   -0.000072    0.011540    0.011408   -0.033610    0.014941
    18    1  O(p)   -0.000240    0.004800   -0.000790   -0.012423   -0.064499
    19    1  O(d)    0.000023    0.007660    0.026637   -0.003725   -0.000510
    20    1  O(d)    0.000007   -0.007089   -0.000402   -0.003017   -0.009795
    21    1  O(d)    0.000319    0.016484    0.000000   -0.005614   -0.005116
    22    1  O(d)   -0.000010   -0.003574    0.002974   -0.000858   -0.003341
    23    1  O(d)   -0.000031   -0.008306    0.023102    0.004729    0.000753
    24    2  H(s)    0.000330    0.200682   -0.343826   -0.211080   -0.007517
    25    2  H(s)    0.003614   -0.026883   -0.070411   -0.024449   -0.011888
    26    2  H(p)    0.000389   -0.041809    0.036087    0.030153    0.003207
    27    2  H(p)    0.000154   -0.009212    0.023194   -0.010497    0.002995
    28    2  H(p)    0.000040   -0.003708    0.006230    0.001605   -0.025429
    29    2  H(s)    0.000314   -0.004757    0.012420    0.004568   -0.004027
    30    2  H(p)   -0.001462    0.004945    0.006469   -0.010256    0.003753
    31    2  H(p)   -0.000676    0.003275   -0.002348   -0.018566    0.002398
    32    2  H(p)   -0.000126    0.000725    0.000137    0.000792   -0.013343
    33    3  H(s)    0.000330    0.200688    0.343369   -0.211565   -0.007316
    34    3  H(s)    0.003600   -0.025664    0.071025   -0.024529   -0.012416
    35    3  H(p)   -0.000193    0.025622    0.012142   -0.029629    0.000483
    36    3  H(p)    0.000371   -0.034464   -0.041288    0.012031    0.003966
    37    3  H(p)    0.000027   -0.002315   -0.005169    0.000307   -0.025426
    38    3  H(s)    0.000313   -0.004114   -0.012172    0.005103   -0.004432
    39    3  H(p)    0.000662   -0.001698    0.006480   -0.004616   -0.000881
    40    3  H(p)   -0.001464    0.005485   -0.002646   -0.020628    0.004335
    41    3  H(p)   -0.000080    0.000563    0.000226    0.000843   -0.013367
    42    4  O(s)   -0.000045    0.000073   -0.000017   -0.001077    0.000180
    43    4  O(s)   -0.000175   -0.004303   -0.000218   -0.017993    0.006867
    44    4  O(s)    0.000768   -0.007428   -0.000133   -0.016239    0.011881
    45    4  O(p)   -0.000611   -0.011527    0.006748   -0.020622    0.007552
    46    4  O(p)   -0.001530   -0.029033   -0.003210   -0.051684    0.019297
    47    4  O(p)    0.000370    0.006371    0.000306    0.011736    0.006629
    48    4  O(p)   -0.000295   -0.006567   -0.000291   -0.011398    0.004885
    49    4  O(p)   -0.000697   -0.017785   -0.000369   -0.027720    0.012499
    50    4  O(p)    0.000415   -0.000194    0.000126    0.008498    0.004051
    51    4  O(d)    0.000003   -0.000974    0.000061    0.000344   -0.000057
    52    4  O(d)    0.000014    0.000634    0.000018    0.000638   -0.000264
    53    4  O(d)   -0.000012    0.000762    0.000006   -0.000527   -0.000154
    54    4  O(d)    0.000006    0.000242   -0.000022    0.000275   -0.000081
    55    4  O(d)   -0.000005    0.000993    0.000080   -0.000428    0.000094
    56    4  O(s)    0.000848    0.001157    0.000004   -0.021957    0.008913
    57    4  O(p)    0.000070   -0.000889   -0.000323   -0.005375    0.003002
    58    4  O(p)    0.000183   -0.003352    0.000046   -0.012684    0.007632
    59    4  O(p)    0.000049   -0.005994    0.000082    0.006563    0.001211
    60    4  O(d)   -0.000013    0.001759   -0.002555    0.001963   -0.001090
    61    4  O(d)    0.000116    0.000166   -0.000137   -0.000180   -0.001421
    62    4  O(d)   -0.000016   -0.000952    0.000011   -0.002251    0.001875
    63    4  O(d)    0.000048    0.000011    0.000185   -0.000030   -0.000638
    64    4  O(d)    0.000002   -0.001773   -0.002235   -0.002284    0.001221
    65    5  H(s)   -0.001178   -0.017406   -0.000061   -0.005984   -0.000507
    66    5  H(s)   -0.000192    0.008519   -0.000286    0.009325   -0.010356
    67    5  H(p)    0.000095   -0.000186    0.000034    0.004222   -0.001385
    68    5  H(p)    0.000244   -0.000147   -0.000131    0.010619   -0.003652
    69    5  H(p)   -0.000056    0.001348    0.000045   -0.000736   -0.001674
    70    5  H(s)   -0.000050    0.005689   -0.000296   -0.011521    0.011733
    71    5  H(p)    0.000354   -0.011445    0.009962    0.000908    0.005544
    72    5  H(p)    0.000855   -0.028499   -0.003363    0.001767    0.014380
    73    5  H(p)   -0.000347   -0.000098    0.000399    0.004607   -0.000800
    74    6  H(s)    0.000066    0.000365    0.000172    0.000242   -0.006505
    75    6  H(s)   -0.000012   -0.027344    0.000254    0.018778    0.010950
    76    6  H(p)   -0.000006   -0.000400    0.000255   -0.000830    0.000228
    77    6  H(p)   -0.000016   -0.001055   -0.000087   -0.002163    0.000405
    78    6  H(p)    0.000007   -0.000342    0.000054    0.000206   -0.000680
    79    6  H(s)    0.000002   -0.002089    0.000137    0.003379   -0.004672
    80    6  H(p)   -0.000012   -0.001784    0.000472    0.000877    0.001283
    81    6  H(p)   -0.000028   -0.006353   -0.000090    0.003207    0.004239
    82    6  H(p)    0.000003   -0.007313    0.000041    0.003384    0.004763
  ----------------------------------------------------------------------------

    AO    Atom           6           7           8           9          10
  ----------------------------------------------------------------------------
     1    1  O(s)    0.002599   -0.000098   -0.028788   -0.022162   -0.000923
     2    1  O(s)   -0.058826   -0.000952   -0.103339   -0.112241   -0.036436
     3    1  O(s)   -0.205309   -0.000994    0.270026    0.144253   -0.087612
     4    1  O(p)   -0.027847    0.067907   -0.050276   -0.039146   -0.173303
     5    1  O(p)   -0.072002   -0.026737   -0.139712   -0.097268    0.070859
     6    1  O(p)   -0.001932    0.001375   -0.109696    0.132307   -0.019781
     7    1  O(p)   -0.038212    0.139696   -0.003505    0.016886    0.163036
     8    1  O(p)   -0.100057   -0.054192   -0.007190    0.064084   -0.055483
     9    1  O(p)   -0.022128    0.003059   -0.111474    0.224609   -0.010377
    10    1  O(d)   -0.000466    0.000960   -0.002262    0.000681   -0.005104
    11    1  O(d)   -0.001396   -0.000046   -0.008638    0.009407    0.002632
    12    1  O(d)    0.000293    0.000013    0.003674    0.002209   -0.000593
    13    1  O(d)   -0.000532    0.000174   -0.003289    0.003396   -0.001767
    14    1  O(d)    0.000518    0.000864    0.003151   -0.001062    0.000235
    15    1  O(s)   -1.434631   -0.002157    3.858846    2.879271    0.300399
    16    1  O(p)   -0.041589    0.814703    0.475367    0.234841    2.636490
    17    1  O(p)   -0.091063   -0.299950    1.355029    0.615975   -1.350345
    18    1  O(p)   -0.117497    0.017085    0.934905   -1.053449    0.138500
    19    1  O(d)   -0.004648    0.012623   -0.002287   -0.019489    0.057992
    20    1  O(d)    0.005257   -0.000972    0.031679   -0.025750   -0.016517
    21    1  O(d)    0.008170    0.000068   -0.045386   -0.035947   -0.000225
    22    1  O(d)    0.001841    0.003460    0.013536   -0.007704    0.014833
    23    1  O(d)    0.005147    0.010839   -0.000406    0.022383    0.029559
    24    2  H(s)    0.015936   -0.001408    0.009454    0.014015   -0.024965
    25    2  H(s)    0.413530   -0.565918   -1.468904   -0.893457   -2.140951
    26    2  H(p)    0.008826   -0.000652    0.033510    0.025914    0.040222
    27    2  H(p)    0.003657   -0.002942    0.008921    0.008389    0.005340
    28    2  H(p)   -0.000835   -0.001258    0.009033   -0.004955    0.003061
    29    2  H(s)    0.852321   -2.939368   -0.693631   -0.580017   -2.734104
    30    2  H(p)   -0.077937    0.114581    0.394291    0.370781    0.749133
    31    2  H(p)   -0.046408    0.087396    0.122925    0.173722    0.323095
    32    2  H(p)    0.014243    0.026075   -0.107777    0.227748    0.081387
    33    3  H(s)    0.016370    0.001944    0.007291    0.013228    0.070078
    34    3  H(s)    0.404447    0.563159   -1.500048   -0.922179    2.395380
    35    3  H(p)   -0.004195    0.001193   -0.020129   -0.014197    0.021351
    36    3  H(p)    0.008437    0.003106    0.029143    0.023721   -0.037017
    37    3  H(p)   -0.001146    0.001251    0.008071   -0.005808    0.000627
    38    3  H(s)    0.788491    2.953166   -0.719665   -0.606975    2.534715
    39    3  H(p)    0.028455    0.029316   -0.215843   -0.173256    0.239336
    40    3  H(p)   -0.083491   -0.142769    0.355367    0.382572   -0.612301
    41    3  H(p)    0.016974   -0.022627   -0.120933    0.217815   -0.045272
    42    4  O(s)   -0.007848   -0.000054    0.017227    0.012175   -0.007749
    43    4  O(s)   -0.039300   -0.000679    0.063476    0.053472   -0.039334
    44    4  O(s)    0.014838   -0.001163    0.007082    0.084573   -0.083626
    45    4  O(p)   -0.004483    0.019100   -0.010945   -0.005910   -0.101590
    46    4  O(p)   -0.010756   -0.007209   -0.032809   -0.015582   -0.002678
    47    4  O(p)    0.005690    0.000544   -0.049900    0.052245    0.008945
    48    4  O(p)    0.000964    0.029711   -0.004702   -0.002526    0.007052
    49    4  O(p)    0.012385   -0.010689   -0.023063   -0.000041   -0.045402
    50    4  O(p)    0.023724    0.000914   -0.027079    0.046705   -0.024547
    51    4  O(d)    0.003800    0.000047   -0.001918    0.002503   -0.005341
    52    4  O(d)   -0.000562    0.000191    0.000448    0.000061    0.001330
    53    4  O(d)   -0.003539   -0.000059    0.003214   -0.002828    0.003198
    54    4  O(d)   -0.000131   -0.000470   -0.000051    0.000097    0.000614
    55    4  O(d)   -0.004006    0.000015    0.001959   -0.002654    0.003585
    56    4  O(s)   -0.025786   -0.000725   -0.000427   -0.007369    0.005595
    57    4  O(p)   -0.005616    0.005007    0.003959   -0.001104    0.005560
    58    4  O(p)   -0.006928   -0.002091    0.005126    0.001495   -0.013638
    59    4  O(p)    0.037509    0.000045   -0.015585    0.028522   -0.041996
    60    4  O(d)   -0.003922    0.009116    0.003840   -0.003632    0.048536
    61    4  O(d)    0.004178    0.000717   -0.013634   -0.001690    0.004703
    62    4  O(d)   -0.002311   -0.000247    0.000353    0.000900   -0.001328
    63    4  O(d)    0.002118   -0.001296   -0.005463   -0.000457   -0.002999
    64    4  O(d)    0.002179    0.007895   -0.000186    0.002503    0.028855
    65    5  H(s)   -0.011836   -0.000408    0.026687    0.013021   -0.025924
    66    5  H(s)   -0.042505    0.001235    0.017525   -0.035178    0.072155
    67    5  H(p)    0.010291    0.001320   -0.004804    0.004459   -0.005488
    68    5  H(p)    0.025109    0.000287   -0.012878    0.010253   -0.010743
    69    5  H(p)   -0.001552   -0.000118   -0.012457   -0.005674    0.009027
    70    5  H(s)   -0.065485    0.000630    0.077823   -0.011939    0.034503
    71    5  H(p)    0.056138   -0.033885   -0.023299    0.041822   -0.232062
    72    5  H(p)    0.132992    0.011350   -0.038962    0.099608   -0.126977
    73    5  H(p)    0.003294   -0.001243    0.005325    0.004349   -0.008849
    74    6  H(s)   -0.008748    0.000289    0.056980   -0.010428   -0.017368
    75    6  H(s)    0.131744   -0.000273    0.004699    0.106089   -0.185672
    76    6  H(p)   -0.000438    0.000423    0.000147   -0.000324   -0.004026
    77    6  H(p)   -0.001394   -0.000236    0.002233   -0.001114   -0.001335
    78    6  H(p)    0.000340    0.000010    0.008526    0.001406   -0.006189
    79    6  H(s)    0.025190   -0.000336   -0.034108    0.002470   -0.011936
    80    6  H(p)    0.006616   -0.001427    0.002939    0.007444   -0.019037
    81    6  H(p)    0.025033    0.000288    0.008071    0.025941   -0.039909
    82    6  H(p)    0.032394   -0.000081    0.002351    0.029737   -0.048976
  ----------------------------------------------------------------------------

    AO    Atom          11          12          13          14          15
  ----------------------------------------------------------------------------
     1    1  O(s)   -0.001298    0.000279   -0.006955   -0.000043    0.001921
     2    1  O(s)   -0.117271   -0.001353   -0.016248   -0.000156   -0.005900
     3    1  O(s)   -0.311959   -0.010309    0.055152   -0.000478   -0.062606
     4    1  O(p)    0.064267   -0.190201    0.044627    0.008353   -0.047413
     5    1  O(p)   -0.003924    0.072141    0.119644   -0.001926   -0.129594
     6    1  O(p)   -0.052794   -0.004861   -0.008538    0.000231   -0.066484
     7    1  O(p)   -0.030573   -0.249843    0.099232   -0.001461   -0.199684
     8    1  O(p)    0.039907    0.091672    0.267006    0.002042   -0.550239
     9    1  O(p)   -0.055854   -0.006466   -0.016125    0.001060   -0.284539
    10    1  O(d)   -0.007359    0.013314    0.013587    0.005160    0.019937
    11    1  O(d)    0.005200   -0.000559    0.008061    0.013377    0.005913
    12    1  O(d)   -0.001751   -0.000015    0.014805   -0.001317   -0.002942
    13    1  O(d)    0.003207    0.002881    0.002230   -0.035197    0.001504
    14    1  O(d)    0.009364    0.012234   -0.015683    0.005554   -0.022613
    15    1  O(s)    0.784246   -0.042194    5.096831    0.027235   -4.072824
    16    1  O(p)   -1.216502   -1.068267    0.230876    0.056793   -0.672423
    17    1  O(p)   -0.798743    0.369826    0.669149   -0.010425   -1.801468
    18    1  O(p)    0.231497   -0.022307    0.113960    0.003804   -0.537093
    19    1  O(d)    0.021185   -0.038534   -0.030815   -0.017901   -0.080956
    20    1  O(d)   -0.030907    0.001852   -0.033091   -0.041444   -0.016892
    21    1  O(d)   -0.001409    0.000102   -0.057594    0.003935    0.022430
    22    1  O(d)   -0.019366   -0.010501   -0.010038    0.108258   -0.003757
    23    1  O(d)   -0.047671   -0.036449    0.037251   -0.019443    0.092289
    24    2  H(s)    0.086544    0.150163   -0.100307    0.006204    0.054289
    25    2  H(s)    1.156857    1.192963   -2.512110    0.050004    2.156889
    26    2  H(p)   -0.012575   -0.012303    0.019265    0.000165   -0.039587
    27    2  H(p)   -0.017748    0.004052    0.012491    0.000344    0.018976
    28    2  H(p)    0.003319   -0.000299    0.005869   -0.002371   -0.002505
    29    2  H(s)    0.493344   -0.102175   -0.318477    0.003120    0.303565
    30    2  H(p)    0.065993    0.466965   -0.216792   -0.000280   -0.155490
    31    2  H(p)   -0.077749    0.267529    0.371704    0.158172    0.783821
    32    2  H(p)    0.011909    0.077612    0.170989   -1.107436    0.370034
    33    3  H(s)    0.063472   -0.145780   -0.102949   -0.006638    0.052350
    34    3  H(s)   -0.138125   -1.123599   -2.539677   -0.075943    2.132635
    35    3  H(p)   -0.015648   -0.012014   -0.006439   -0.000361    0.042450
    36    3  H(p)   -0.001919    0.003924    0.022382   -0.000073   -0.011841
    37    3  H(p)    0.003578   -0.000251    0.005123    0.002334   -0.000613
    38    3  H(s)   -1.083791    0.107014   -0.340155   -0.007450    0.295684
    39    3  H(p)   -0.293085    0.164851    0.392236   -0.148205    0.605783
    40    3  H(p)    0.399098   -0.518836    0.132855   -0.111270    0.488471
    41    3  H(p)    0.038673   -0.062499    0.178098    1.103806    0.394566
    42    4  O(s)   -0.028701   -0.000832   -0.011843    0.000128   -0.027263
    43    4  O(s)   -0.141072   -0.004426   -0.074421   -0.000167   -0.103621
    44    4  O(s)   -0.270124   -0.008141   -0.189316   -0.002901   -0.009907
    45    4  O(p)   -0.026202    0.068272   -0.047408    0.006015   -0.006047
    46    4  O(p)   -0.134104   -0.030187   -0.119541   -0.003440   -0.009473
    47    4  O(p)    0.039169    0.003304    0.028280    0.000218    0.048586
    48    4  O(p)   -0.048439    0.057783   -0.037342    0.061509    0.005442
    49    4  O(p)   -0.130016   -0.025415   -0.110772   -0.022856    0.032275
    50    4  O(p)   -0.074174    0.000864   -0.050822    0.001050    0.058373
    51    4  O(d)   -0.013588    0.000119   -0.010460   -0.000302    0.005954
    52    4  O(d)    0.004376    0.000534    0.003431    0.000390   -0.001461
    53    4  O(d)    0.010151    0.000093    0.007858   -0.000053   -0.007177
    54    4  O(d)    0.001745   -0.001015    0.001364   -0.000837   -0.000227
    55    4  O(d)    0.014783    0.000657    0.010936   -0.000236   -0.006209
    56    4  O(s)    0.020396   -0.001139    0.003842   -0.001865   -0.054481
    57    4  O(p)   -0.008028    0.008463   -0.003461    0.011582   -0.004378
    58    4  O(p)   -0.035473   -0.004841   -0.024427   -0.005286    0.001660
    59    4  O(p)   -0.126689   -0.002200   -0.090181   -0.001213    0.074135
    60    4  O(d)    0.010096    0.007258    0.016777    0.031037   -0.006181
    61    4  O(d)    0.008203    0.001096   -0.003146    0.002150   -0.005527
    62    4  O(d)   -0.002966   -0.000497   -0.000869   -0.000725    0.003071
    63    4  O(d)    0.002735   -0.001703   -0.002510   -0.003532   -0.001976
    64    4  O(d)   -0.032565    0.005408   -0.017256    0.026506    0.003982
    65    5  H(s)   -0.082650   -0.001333   -0.042700   -0.001366   -0.014149
    66    5  H(s)    0.207189    0.005937    0.154996    0.005889   -0.082617
    67    5  H(p)   -0.018094    0.002394   -0.013527    0.002519    0.017001
    68    5  H(p)   -0.040199   -0.000937   -0.030527    0.001163    0.040645
    69    5  H(p)    0.031993    0.000712    0.013043   -0.000250   -0.016402
    70    5  H(s)    0.083889    0.001218    0.107740    0.003242   -0.044341
    71    5  H(p)   -0.176693   -0.028084   -0.158546   -0.118522    0.109104
    72    5  H(p)   -0.576747   -0.004260   -0.401426    0.034393    0.265688
    73    5  H(p)   -0.007093   -0.000909    0.000421   -0.004368    0.014407
    74    6  H(s)   -0.050961    0.000224   -0.021466    0.000251   -0.049147
    75    6  H(s)   -0.569324   -0.011741   -0.370834   -0.005996    0.303589
    76    6  H(p)   -0.001023    0.001978   -0.001726   -0.000378   -0.001176
    77    6  H(p)   -0.007600   -0.000963   -0.005579   -0.000186   -0.004451
    78    6  H(p)   -0.017556   -0.000108   -0.009724   -0.000219   -0.003825
    79    6  H(s)   -0.026154   -0.000411   -0.040708   -0.001557    0.012808
    80    6  H(p)   -0.034402   -0.001545   -0.021526   -0.005436    0.019814
    81    6  H(p)   -0.130910   -0.002677   -0.079360    0.000017    0.070470
    82    6  H(p)   -0.151631   -0.003305   -0.096766   -0.001573    0.083373
  ----------------------------------------------------------------------------

  - Timings for the MLHF ground state calculation

     Total wall time (sec):              6.44400
     Total cpu time (sec):              12.19578

  Mismatch in memory according to eT and specified on input:

     Memory available (eT):    7.999945 GB
     Memory available (input): 8.000000 GB

  Warning: Deallocations may be missing or specified with incorrect dimensionalities.

  :: There was 1 warning during the execution of eT. ::

  eT terminated successfully!
