


                     eT 1.9 - an electronic structure program

  ------------------------------------------------------------------------
   Author list in alphabetical order:
  ------------------------------------------------------------------------
   J. H. Andersen, A. Balbi, S. Coriani, S. D. Folkestad, T. Giovannini, 
   L. Goletto, T. S. Haugland, A. Hutcheson, I-M. Høyvik, E. F. Kjønstad, 
   H. Koch, R. Matveeva, T. Moitra, R. H. Myhre, A. C. Paul, S. Roet, 
   E. Ronca, M. Scavino, A. K. Schnack-Petersen, A. S. Skeidsvoll, Å. 
   H. Tveten
  ------------------------------------------------------------------------
   J. Chem. Phys. 152, 184103 (2020); https://doi.org/10.1063/5.0004713


   This is eT 1.9.0 Jazzy
  ------------------------------------------------------------
  Configuration date: 2022-10-19 10:25:53 UTC -07:00
  Git branch:         detached HEAD
  Git hash:           57c35dcc31df636729251e2448b7b0d0dd22e1f1
  Fortran compiler:   GNU 11.3.0
  C compiler:         GNU 11.3.0
  C++ compiler:       GNU 11.3.0
  LAPACK type:        SYSTEM_NATIVE
  BLAS type:          SYSTEM_NATIVE
  64-bit integers:    OFF
  OpenMP:             ON
  PCM:                OFF
  Forced batching:    OFF
  Runtime checks:     OFF
  ------------------------------------------------------------


  :: Input file
  ================

     Note: geometry section is excluded from this print

     system
        name: h2o he
        charge: 0
     end system

     do
        ground state
        excited state
     end do

     memory
        available: 8
     end memory

     solver cholesky
        threshold: 1.0d-12
     end solver cholesky

     solver scf
        algorithm:          scf-diis
        energy threshold:   1.0d-10
        gradient threshold: 1.0d-10
     end solver scf

     method
        hf
        ccs
     end method

     solver cc gs
        omega threshold:  1.0d-10
        energy threshold: 1.0d-10
     end solver cc gs

     solver cc es
        algorithm:          davidson
        triplet states:     2
        residual threshold: 1.0d-10
        energy threshold:   1.0d-10
        left eigenvectors
     end solver cc es


  Calculation start:2022-10-19 10:30:29 UTC -07:00

  Running on 2 OMP threads
  Memory available for calculation: 8.000000 GB


  :: RHF wavefunction
  ===================

     ==============================================================================
                                     Geometry (angstrom)
     ==============================================================================
        Atom           X                  Y                  Z         # in input
     ==============================================================================
        Basis: cc-pvdz
        1  H     0.866810000000     0.601440000000     5.000000000000        1
        2  H    -0.866810000000     0.601440000000     5.000000000000        2
        3  O     0.000000000000    -0.075790000000     5.000000000000        3
        4 He     0.100000000000    -0.020000000000     7.530000000000        4
     ==============================================================================

     ==============================================================================
                                     Geometry (a.u.)
     ==============================================================================
        Atom           X                  Y                  Z         # in input
     ==============================================================================
        Basis: cc-pvdz
        1  H     1.638033502034     1.136556880358     9.448630622825        1
        2  H    -1.638033502034     1.136556880358     9.448630622825        2
        3  O     0.000000000000    -0.143222342981     9.448630622825        3
        4 He     0.188972612457    -0.037794522491    14.229637717975        4
     ==============================================================================

  - Cholesky decomposition of AO overlap to get linearly independent AOs:

     Linear dependence threshold:             0.10E-05
     Number of atomic orbitals:               29
     Number of orthonormal atomic orbitals:   29

  - Molecular orbital details:

     Number of occupied orbitals:         6
     Number of virtual orbitals:         23
     Number of molecular orbitals:       29


  Generating initial SAD density
  ==============================


  Determining reference state
  ===========================

  - Setting initial AO density to sad

     Energy of initial guess:               -78.492022836361
     Number of electrons in guess:           12.000000000000

  - Screening and integral thresholds:

     Coulomb screening threshold:    0.1000E-15
     Exchange screening threshold:   0.1000E-13
     ERI cutoff:                     0.1000E-15
     One-electron integral  cutoff:  0.1000E-20
     Cumulative Fock threshold:      0.1000E+01

  - SCF solver settings:

     Maximum iterations:                   100
     Acceleration type:                   diis

  - Convergence thresholds

     Residual threshold:            0.1000E-09
     Energy threshold:              0.1000E-09

  - DIIS tool settings:

     DIIS dimension:   8

     Storage (solver scf_errors): memory
     Storage (solver scf_parameters): memory

  Iteration       Energy (a.u.)      Max(grad.)    Delta E (a.u.)
  ---------------------------------------------------------------
     1           -78.796606592568     0.9786E-01     0.7880E+02
     2           -78.828675852646     0.7077E-01     0.3207E-01
     3           -78.843487343819     0.6747E-02     0.1481E-01
     4           -78.843814479549     0.2753E-02     0.3271E-03
     5           -78.843850612079     0.3973E-03     0.3613E-04
     6           -78.843851670925     0.5220E-04     0.1059E-05
     7           -78.843851692779     0.6096E-05     0.2185E-07
     8           -78.843851693528     0.2137E-05     0.7488E-09
     9           -78.843851693630     0.3151E-06     0.1027E-09
    10           -78.843851693631     0.2637E-07     0.4690E-12
    11           -78.843851693631     0.5634E-08     0.1421E-13
    12           -78.843851693631     0.1415E-08     0.5684E-13
    13           -78.843851693631     0.6806E-09     0.1421E-13
    14           -78.843851693631     0.1491E-09     0.1421E-13
    15           -78.843851693631     0.2501E-10     0.5684E-13
  ---------------------------------------------------------------
  Convergence criterion met in 15 iterations!

  - Summary of RHF wavefunction energetics (a.u.):

     HOMO-LUMO gap:                  0.645629080219
     Nuclear repulsion energy:      12.116100574587
     Electronic energy:            -90.959952268218
     Total energy:                 -78.843851693631


  :: CCS wavefunction
  ===================

     Bath orbital(s):         False

   - Number of orbitals:

     Occupied orbitals:    6
     Virtual orbitals:     23
     Molecular orbitals:   29
     Atomic orbitals:      29

   - Number of ground state amplitudes:

     Single excitation amplitudes:  138


  Cholesky-decomposing electron repulsion integrals
  =================================================

  Cholesky decomposition of electronic repulsion integrals solver
  ---------------------------------------------------------------

  Performs a Cholesky decomposition of the two-electron electronic repulsion 
  integrals in the atomic orbital basis,

  (ab|cd) = sum_J L_ab^J L_cd^J.

  Once the Cholesky basis has been determined, the vectors L^J are constructed 
  and stored to disk. These may either be used directly, or be transformed 
  to the MO basis for use in post-HF calculations. For more information, 
  see S. D. Folkestad, E. F. Kjønstad and H. Koch, JCP, 150(19), (2019)

  - Cholesky decomposition settings:

     Target threshold is:   0.10E-11
     Span factor:           0.10E-01
     Max qual:                  1000

  - Cholesky decomposition ao details:

     Total number of AOs:                    29
     Total number of shell pairs:           120
     Total number of AO pairs:              435

     Significant shell pairs:               118
     Significant AO pairs:                  431

     Construct shell pairs:                 120
     Construct AO pairs:                    435

  Iter.  #Sign. ao pairs / shell pairs   Max diagonal    #Qualified    #Cholesky    Cholesky array size
  -------------------------------------------------------------------------------------------------------
     1               406 /     108       0.47383E+01         147             42             17052
     2               319 /      93       0.47165E-01         234            111             35409
     3               250 /      76       0.46944E-03         178            183             45750
     4               187 /      55       0.38270E-05         145            265             49555
     5                87 /      25       0.38106E-07          78            324             28188
     6                21 /       3       0.37202E-09          43            349              7329
     7                 0 /       0       0.36652E-11           7            354                 0
  -------------------------------------------------------------------------------------------------------

  - Summary of Cholesky decomposition of electronic repulsion integrals:

     Final number of Cholesky vectors: 354

 - Testing the Cholesky decomposition decomposition electronic repulsion integrals:

     Maximal difference between approximate and actual diagonal:              0.7161E-12
     Minimal element of difference between approximate and actual diagonal:  -0.1238E-14

  - Settings for integral handling:

     Cholesky vectors in memory: True
     ERI matrix in memory:       False

  - Finished decomposing the ERIs.

     Total wall time (sec):              0.54200
     Total cpu time (sec):               0.26065


  Determining CC cluster amplitudes
  =================================

   - DIIS coupled cluster ground state solver
  ----------------------------------------------

  A DIIS CC ground state amplitude equations solver. It uses an extrapolation 
  of previous quasi-Newton perturbation theory estimates of the next amplitudes. 
  See Helgaker et al., Molecular Electronic Structure Theory, Chapter 
  13.

  - CC ground state solver settings:

  - Convergence thresholds

     Residual threshold:            0.1000E-09
     Energy threshold:              0.1000E-09
     Max number of iterations:      100

  - DIIS tool settings:

     DIIS dimension:   8

     Storage (cc_gs_diis_errors): file
     Storage (cc_gs_diis_parameters): file

  Iteration    Energy (a.u.)        |omega|       Delta E (a.u.)
  ---------------------------------------------------------------
    1           -78.843851693631     0.3732E-10     0.7884E+02
  ---------------------------------------------------------------
  Convergence criterion met in 1 iterations!

  - Ground state summary:

     Final ground state energy (a.u.):   -78.843851693631

     Correlation energy (a.u.):            0.000000000000

     Largest single amplitudes:
     -----------------------------------
        a       i         t(a,i)
     -----------------------------------
        1      1        0.000000000000
        2      1        0.000000000000
        3      1        0.000000000000
        4      1        0.000000000000
        5      1        0.000000000000
        6      1        0.000000000000
        7      1        0.000000000000
        8      1        0.000000000000
        9      1        0.000000000000
       10      1        0.000000000000
     ------------------------------------

  - Finished solving the CCS ground state equations

     Total wall time (sec):              0.00500
     Total cpu time (sec):               0.00261


  Determining CC excited state amplitudes
  =======================================
     Storage (cc_es_davidson_trials): file
     Storage (cc_es_davidson_transforms): file

  Davidson eigenvalue equation solver
  -----------------------------------

  A Davidson solver that solves an eigenvalue equation: M x = omega x. 
  This equation is solved in a reduced space. A description of the algorithm 
  can be found in E. R. Davidson, J. Comput. Phys. 17, 87 (1975).

   - Davidson tool settings:

     Number of parameters:                  138
     Number of requested solutions:           2
     Max reduced space dimension:           100


  - Davidson solver settings

     Number of singlet states:               2
     Max number of iterations:             100

  Iteration:                  1
  Reduced space dimension:    2

  Root  Eigenvalue (Re)   Eigenvalue (Im)    |residual|   Delta E (Re)
  -------------------------------------------------------------------------
     1   0.277848508904    0.000000000000     0.1666E+00   0.2778E+00
     2   0.338774162853    0.000000000000     0.1542E+00   0.3388E+00
  -------------------------------------------------------------------------

  Iteration:                  2
  Reduced space dimension:    4

  Root  Eigenvalue (Re)   Eigenvalue (Im)    |residual|   Delta E (Re)
  -------------------------------------------------------------------------
     1   0.243963212762    0.000000000000     0.2222E-01   0.3389E-01
     2   0.302932802649    0.000000000000     0.5413E-01   0.3584E-01
  -------------------------------------------------------------------------

  Iteration:                  3
  Reduced space dimension:    6

  Root  Eigenvalue (Re)   Eigenvalue (Im)    |residual|   Delta E (Re)
  -------------------------------------------------------------------------
     1   0.243629659164    0.000000000000     0.3582E-02   0.3336E-03
     2   0.297503238676    0.000000000000     0.2985E-01   0.5430E-02
  -------------------------------------------------------------------------

  Iteration:                  4
  Reduced space dimension:    8

  Root  Eigenvalue (Re)   Eigenvalue (Im)    |residual|   Delta E (Re)
  -------------------------------------------------------------------------
     1   0.243624697718    0.000000000000     0.5088E-03   0.4961E-05
     2   0.296465382521    0.000000000000     0.9475E-02   0.1038E-02
  -------------------------------------------------------------------------

  Iteration:                  5
  Reduced space dimension:   10

  Root  Eigenvalue (Re)   Eigenvalue (Im)    |residual|   Delta E (Re)
  -------------------------------------------------------------------------
     1   0.243624603516    0.000000000000     0.1084E-03   0.9420E-07
     2   0.296424797972    0.000000000000     0.1982E-02   0.4058E-04
  -------------------------------------------------------------------------

  Iteration:                  6
  Reduced space dimension:   12

  Root  Eigenvalue (Re)   Eigenvalue (Im)    |residual|   Delta E (Re)
  -------------------------------------------------------------------------
     1   0.243624600378    0.000000000000     0.4623E-04   0.3138E-08
     2   0.296423925823    0.000000000000     0.4317E-03   0.8721E-06
  -------------------------------------------------------------------------

  Iteration:                  7
  Reduced space dimension:   14

  Root  Eigenvalue (Re)   Eigenvalue (Im)    |residual|   Delta E (Re)
  -------------------------------------------------------------------------
     1   0.243624597970    0.000000000000     0.4565E-04   0.2408E-08
     2   0.296423884385    0.000000000000     0.1018E-03   0.4144E-07
  -------------------------------------------------------------------------

  Iteration:                  8
  Reduced space dimension:   16

  Root  Eigenvalue (Re)   Eigenvalue (Im)    |residual|   Delta E (Re)
  -------------------------------------------------------------------------
     1   0.243624597445    0.000000000000     0.5385E-05   0.5251E-09
     2   0.296423881430    0.000000000000     0.2330E-04   0.2955E-08
  -------------------------------------------------------------------------

  Iteration:                  9
  Reduced space dimension:   18

  Root  Eigenvalue (Re)   Eigenvalue (Im)    |residual|   Delta E (Re)
  -------------------------------------------------------------------------
     1   0.243624597438    0.000000000000     0.7214E-06   0.6817E-11
     2   0.296423881084    0.000000000000     0.1429E-04   0.3461E-09
  -------------------------------------------------------------------------

  Iteration:                 10
  Reduced space dimension:   20

  Root  Eigenvalue (Re)   Eigenvalue (Im)    |residual|   Delta E (Re)
  -------------------------------------------------------------------------
     1   0.243624597438    0.000000000000     0.5236E-06   0.3832E-12
     2   0.296423880731    0.000000000000     0.1861E-04   0.3530E-09
  -------------------------------------------------------------------------

  Iteration:                 11
  Reduced space dimension:   22

  Root  Eigenvalue (Re)   Eigenvalue (Im)    |residual|   Delta E (Re)
  -------------------------------------------------------------------------
     1   0.243624597438    0.000000000000     0.1437E-06   0.1307E-12
     2   0.296423880607    0.000000000000     0.5074E-05   0.1243E-09
  -------------------------------------------------------------------------

  Iteration:                 12
  Reduced space dimension:   24

  Root  Eigenvalue (Re)   Eigenvalue (Im)    |residual|   Delta E (Re)
  -------------------------------------------------------------------------
     1   0.243624597438    0.000000000000     0.2353E-07   0.5690E-14
     2   0.296423880600    0.000000000000     0.1015E-05   0.6309E-11
  -------------------------------------------------------------------------

  Iteration:                 13
  Reduced space dimension:   26

  Root  Eigenvalue (Re)   Eigenvalue (Im)    |residual|   Delta E (Re)
  -------------------------------------------------------------------------
     1   0.243624597438    0.000000000000     0.3476E-08   0.6939E-15
     2   0.296423880600    0.000000000000     0.1449E-06   0.1742E-12
  -------------------------------------------------------------------------

  Iteration:                 14
  Reduced space dimension:   28

  Root  Eigenvalue (Re)   Eigenvalue (Im)    |residual|   Delta E (Re)
  -------------------------------------------------------------------------
     1   0.243624597438    0.000000000000     0.2459E-09   0.7216E-15
     2   0.296423880600    0.000000000000     0.1540E-07   0.1776E-14
  -------------------------------------------------------------------------

  Iteration:                 15
  Reduced space dimension:   30

  Root  Eigenvalue (Re)   Eigenvalue (Im)    |residual|   Delta E (Re)
  -------------------------------------------------------------------------
     1   0.243624597438    0.000000000000     0.2837E-10   0.1832E-14
     2   0.296423880600    0.000000000000     0.2222E-08   0.3164E-14
  -------------------------------------------------------------------------

  Iteration:                 16
  Reduced space dimension:   31

  Root  Eigenvalue (Re)   Eigenvalue (Im)    |residual|   Delta E (Re)
  -------------------------------------------------------------------------
     1   0.243624597438    0.000000000000     0.2441E-10   0.2526E-14
     2   0.296423880600    0.000000000000     0.2808E-09   0.8327E-15
  -------------------------------------------------------------------------

  Iteration:                 17
  Reduced space dimension:   32

  Root  Eigenvalue (Re)   Eigenvalue (Im)    |residual|   Delta E (Re)
  -------------------------------------------------------------------------
     1   0.243624597438    0.000000000000     0.2475E-10   0.1388E-15
     2   0.296423880600    0.000000000000     0.4713E-10   0.1887E-14
  -------------------------------------------------------------------------
  Convergence criterion met in 17 iterations!

  - Excitation vector amplitudes:

     Electronic state nr. 1

     Energy (Hartree):                  0.243624597438
     Fraction singles (|L1|/|L|):       1.000000000000

     Largest single amplitudes:
     -----------------------------------
        a       i         L(a,i)
     -----------------------------------
        1      6        0.974888979800
        4      6        0.196072195629
        6      6       -0.063472915449
       13      6       -0.056904854878
       15      6        0.042018887334
        5      2        0.027472207424
       10      6        0.023963435042
       19      2        0.014124816588
        1      3       -0.012511817654
        9      6       -0.011546908634
     ------------------------------------

     Electronic state nr. 2

     Energy (Hartree):                  0.296423880600
     Fraction singles (|L1|/|L|):       1.000000000000

     Largest single amplitudes:
     -----------------------------------
        a       i         L(a,i)
     -----------------------------------
        1      5        0.932514898004
        2      4        0.252455660120
        4      5        0.199410977070
        3      4        0.101296755572
        1      2        0.075865294851
        6      5       -0.065622549928
        4      2        0.041288400257
       13      5       -0.037500650665
        7      4       -0.037435006407
       15      5        0.027737617020
     ------------------------------------

  - CCS excitation energies:

                                      Excitation energy
                          ------------------------------------------
      State                (Hartree)             (eV)
     ---------------------------------------------------------------
        1                  0.243624597438        6.629362964847
        2                  0.296423880600        8.066104640555
     ---------------------------------------------------------------
     eV/Hartree (CODATA 2014): 27.21138602

  Peak memory usage during the execution of eT: 10.667888 MB

  Total wall time in eT (sec):              1.10200
  Total cpu time in eT (sec):               0.82223

  Calculation end:2022-10-19 10:30:30 UTC -07:00

  - Implementation references:

     eT: https://doi.org/10.1063/5.0004713
     Cholesky decomposition of ERIs: https://doi.org/10.1063/1.5083802

  eT terminated successfully!
