   0.0000000000000000       -78.843851693630711        0.0000000000000000     
   2.0000000000000000E-002  -67.412579801840408        1.5297480350593556E-012
   4.0000000000000001E-002  -36.997518691357811       -2.0893576309181927E-009
   5.9999999999999998E-002   1.0926207791765812       -2.4831866401661684E-008
   8.0000000000000002E-002   32.174704450412889       -7.4938003170876843E-008
  0.10000000000000001        44.097289080114003       -9.7332368609315267E-008
