


                     eT 1.7 - an electronic structure program

  ------------------------------------------------------------------------
   Author list in alphabetical order:
  ------------------------------------------------------------------------
   J. H. Andersen, A. Balbi, S. Coriani, S. D. Folkestad, T. Giovannini, 
   L. Goletto, T. S. Haugland, A. Hutcheson, I-M. Høyvik, E. F. Kjønstad, 
   H. Koch, R. Matveeva, T. Moitra, R. H. Myhre, A. C. Paul, S. Roet, 
   M. Scavino, A. K. Schnack-Petersen, A. S. Skeidsvoll, Å. H. Tveten
  ------------------------------------------------------------------------
   J. Chem. Phys. 152, 184103 (2020); https://doi.org/10.1063/5.0004713


   This is eT 1.7.0 Hydra (development)
  ------------------------------------------------------------
  Configuration date: 2022-02-03 14:50:47 UTC +01:00
  Git branch:         lanczos-fixes
  Git hash:           586fd3ce53f14ccb38ddc702571dda767c059c28
  Fortran compiler:   GNU 10.3.0
  C compiler:         GNU 10.3.0
  C++ compiler:       GNU 10.3.0
  LAPACK type:        SYSTEM_NATIVE
  BLAS type:          SYSTEM_NATIVE
  64-bit integers:    OFF
  OpenMP:             ON
  PCM:                OFF
  Forced batching:    OFF
  Runtime checks:     OFF
  ------------------------------------------------------------

  Calculation started: 2022-02-03 15:19:02 UTC +01:00


  :: Input file
  ================

     Note: geometry section is excluded from this print

     system
        name: H2O He
        charge: 0
     end system

     do
       restart
       excited state
     end do

     memory
        available: 8
     end memory

     solver cholesky
        threshold: 1.0d-12
     end solver cholesky

     solver scf
        algorithm:          scf-diis
        energy threshold:   1.0d-12
        gradient threshold: 1.0d-12
     end solver scf

     method
        hf
        ccsd
     end method

     solver cc gs
        omega threshold:  1.0d-12
        energy threshold: 1.0d-12
     end solver cc gs

     solver cc multipliers
        algorithm: diis
        threshold: 1.0d-12
     end solver cc multipliers

     solver cc es
        algorithm:          asymmetric lanczos
        chain length:       60
     end solver cc es


  Running on 2 OMP threads
  Memory available for calculation: 8.000000 GB


  :: RHF wavefunction
  ======================

     ==============================================================================
                                     Geometry (angstrom)
     ==============================================================================
        Atom           X                  Y                  Z         # in input
     ==============================================================================
        Basis: cc-pvdz
        1  H     0.866810000000     0.601440000000     5.000000000000        1
        2  H    -0.866810000000     0.601440000000     5.000000000000        2
        3  O     0.000000000000    -0.075790000000     5.000000000000        3
        4 He     0.100000000000    -0.020000000000     7.530000000000        4
     ==============================================================================

     ==============================================================================
                                     Geometry (a.u.)
     ==============================================================================
        Atom           X                  Y                  Z         # in input
     ==============================================================================
        Basis: cc-pvdz
        1  H     1.638033502034     1.136556880358     9.448630622825        1
        2  H    -1.638033502034     1.136556880358     9.448630622825        2
        3  O     0.000000000000    -0.143222342981     9.448630622825        3
        4 He     0.188972612457    -0.037794522491    14.229637717975        4
     ==============================================================================

  - Cholesky decomposition of AO overlap to get linearly independent AOs:

     Linear dependence threshold:             0.10E-05
     Number of atomic orbitals:               29
     Number of orthonormal atomic orbitals:   29

  - Molecular orbital details:

     Number of occupied orbitals:         6
     Number of virtual orbitals:         23
     Number of molecular orbitals:       29


  :: Hartree-Fock engine
  =========================

  Drives the calculation of the Hartree-Fock state.

  This is a RHF ground state calculation.
  The following tasks will be performed:

     1) Calculation of reference state (SCF-DIIS algorithm)


  1) Calculation of reference state (SCF-DIIS algorithm)

  - Requested restart. Reading orbitals from file

  - Screening and integral thresholds:

     Coulomb screening threshold:    0.1000E-17
     Exchange screening threshold:   0.1000E-15
     ERI cutoff:                     0.1000E-17
     One-electron integral  cutoff:  0.1000E-22
     Cumulative Fock threshold:      0.1000E+01

  - SCF solver settings:

     Maximum iterations:                   100
     Acceleration type:                   diis

  - Convergence thresholds

     Residual threshold:            0.1000E-11
     Energy threshold:              0.1000E-11

  - DIIS tool settings:

     DIIS dimension:   8

     Storage (solver scf_errors): memory
     Storage (solver scf_parameters): memory

  Iteration       Energy (a.u.)      Max(grad.)    Delta E (a.u.)
  ---------------------------------------------------------------
     1           -78.843851693631     0.2417E-12     0.7884E+02
  ---------------------------------------------------------------
  Convergence criterion met in 1 iterations!

  - Summary of RHF wavefunction energetics (a.u.):

     HOMO-LUMO gap:                  0.645629080251
     Nuclear repulsion energy:      12.116100574587
     Electronic energy:            -90.959952268218
     Total energy:                 -78.843851693631

  - Timings for the RHF ground state calculation

     Total wall time (sec):              0.01800
     Total cpu time (sec):               0.03444


  :: CCSD wavefunction
  =======================

     Bath orbital(s):         False

   - Number of orbitals:

     Occupied orbitals:    6
     Virtual orbitals:     23
     Molecular orbitals:   29
     Atomic orbitals:      29

   - Number of ground state amplitudes:

     Single excitation amplitudes:  138
     Double excitation amplitudes:  9591


  :: Excited state coupled cluster engine
  ==========================================

  Calculates the coupled cluster excitation vectors and excitation energies

  This is a CCSD excited state calculation.
  The following tasks will be performed:

     1) Cholesky decomposition of the electron repulsion integrals
     2) Preparation of MO basis and integrals
     3) Calculation of the ground state (diis algorithm)
     4) Calculation of the multipliers (diis algorithm)
     5) Calculation of the excited state (asymmetric lanczos algorithm)


  1) Cholesky decomposition of the electron repulsion integrals

   - Cholesky decomposition of electronic repulsion integrals solver
  ---------------------------------------------------------------------

  Performs a Cholesky decomposition of the two-electron electronic repulsion 
  integrals in the atomic orbital basis,

  (ab|cd) = sum_J L_ab^J L_cd^J.

  Once the Cholesky basis has been determined, the vectors L^J are constructed 
  and stored to disk. These may either be used directly, or be transformed 
  to the MO basis for use in post-HF calculations. For more information, 
  see S. D. Folkestad, E. F. Kjønstad and H. Koch, JCP, 150(19), (2019)

  - Cholesky decomposition settings:

     Target threshold is:   0.10E-11
     Span factor:           0.10E-01
     Max qual:                  1000

  - Cholesky decomposition ao details:

     Total number of AOs:                    29
     Total number of shell pairs:           120
     Total number of AO pairs:              435

     Significant shell pairs:               118
     Significant AO pairs:                  431

     Construct shell pairs:                 120
     Construct AO pairs:                    435

  Iter.  #Sign. ao pairs / shell pairs   Max diagonal    #Qualified    #Cholesky    Cholesky array size
  -------------------------------------------------------------------------------------------------------
     1               406 /     108       0.47383E+01         147             42             17052
     2               319 /      93       0.47165E-01         234            111             35409
     3               250 /      76       0.46944E-03         178            183             45750
     4               187 /      55       0.38270E-05         145            265             49555
     5                87 /      25       0.38106E-07          78            324             28188
     6                21 /       3       0.37202E-09          43            349              7329
     7                 0 /       0       0.36652E-11           7            354                 0
  -------------------------------------------------------------------------------------------------------

  - Summary of Cholesky decomposition of electronic repulsion integrals:

     Final number of Cholesky vectors: 354

 - Testing the Cholesky decomposition decomposition electronic repulsion integrals:

     Maximal difference between approximate and actual diagonal:              0.7161E-12
     Minimal element of difference between approximate and actual diagonal:  -0.1238E-14

  - Settings for integral handling:

     Cholesky vectors in memory: True
     ERI matrix in memory:       True

  - Finished decomposing the ERIs.

     Total wall time (sec):              0.24800
     Total cpu time (sec):               0.38926


  2) Preparation of MO basis and integrals


  3) Calculation of the ground state (diis algorithm)

   - DIIS coupled cluster ground state solver
  ----------------------------------------------

  A DIIS CC ground state amplitude equations solver. It uses an extrapolation 
  of previous quasi-Newton perturbation theory estimates of the next amplitudes. 
  See Helgaker et al., Molecular Electronic Structure Theory, Chapter 
  13.

  - CC ground state solver settings:

  - Convergence thresholds

     Residual threshold:            0.1000E-11
     Energy threshold:              0.1000E-11
     Max number of iterations:      100

  Requested restart. Reading in solution from file.

  - DIIS tool settings:

     DIIS dimension:   8

     Storage (cc_gs_diis_errors): file
     Storage (cc_gs_diis_parameters): file

  Iteration    Energy (a.u.)        |omega|       Delta E (a.u.)
  ---------------------------------------------------------------
    1           -79.100383481556     0.5367E-12     0.7910E+02
  ---------------------------------------------------------------
  Convergence criterion met in 1 iterations!

  - Ground state summary:

     Final ground state energy (a.u.):   -79.100383481556

     Correlation energy (a.u.):           -0.256531787925

     Largest single amplitudes:
     -----------------------------------
        a       i         t(a,i)
     -----------------------------------
        1      5        0.014740597523
       14      4       -0.009546856221
        7      4        0.008284826485
       15      5       -0.006124828874
        4      5        0.005606072698
        6      2        0.005476844297
        2      4        0.005318591696
       13      5        0.005269818337
        5      6        0.004933006908
       11      6       -0.003454309398
     ------------------------------------

     Largest double amplitudes:
     --------------------------------------------------
        a      i       b      j         t(ai,bj)
     --------------------------------------------------
        2      4       2      4       -0.047351708919
        5      6       5      6       -0.046240574404
        9      3       9      3       -0.041367012249
        3      4       3      4       -0.036659067517
        6      5       6      5       -0.034554012170
        1      5       1      5       -0.034177347750
       16      3      16      3       -0.032108235347
       17      3      17      3       -0.032052553603
       18      3      18      3       -0.031351828684
        2      4       3      4       -0.029701270698
     --------------------------------------------------

  - Finished solving the CCSD ground state equations

     Total wall time (sec):              0.01700
     Total cpu time (sec):               0.03423


  5) Calculation of the excited state (asymmetric lanczos algorithm)
     Calculating right vectors


  4) Calculation of the multipliers (diis algorithm)

   - DIIS coupled cluster multipliers solver
  ---------------------------------------------

  A DIIS CC multiplier equations solver. It combines a quasi-Newton perturbation 
  theory estimate of the next multipliers, using least square fitting 
  to find an an optimal combination of previous estimates such that the 
  update is minimized.

  See Helgaker et al., Molecular Electronic Structure Theory, Chapter 
  13, for the more details on this algorithm.

  - DIIS CC multipliers solver settings:

     Residual threshold:        0.10E-11
     Max number of iterations:       100

  - DIIS tool settings:

     DIIS dimension:   8

     Storage (cc_multipliers_diis_errors): file
     Storage (cc_multipliers_diis_parameters): file

  Requested restart. Reading multipliers from file.

  Iteration    Norm residual
  ----------------------------
    1          0.3462E-12
  ----------------------------
  Convergence criterion met in 1 iterations!

  - Finished solving the ccsd multipliers equations

     Total wall time (sec):              0.02500
     Total cpu time (sec):               0.02983

  - Davidson CC multipliers solver summary:

     Largest single amplitudes:
     -----------------------------------
        a       i         tbar(a,i)
     -----------------------------------
        1      5        0.022790118896
       14      4       -0.015907507092
        7      4        0.014297181950
        4      5        0.011712306720
       15      5       -0.010007216962
        6      2        0.009083547622
       13      5        0.008770531160
        2      4        0.006954460285
        5      6        0.006820250284
        3      4        0.006765159552
     ------------------------------------

     Largest double amplitudes:
     --------------------------------------------------
        a      i       b      j         tbar(ai,bj)
     --------------------------------------------------
        5      6       5      6       -0.092500754790
        2      4       2      4       -0.092085328212
        6      5       5      6        0.089666625590
        2      4       5      6       -0.083792278098
        9      3       9      3       -0.082167759498
        2      4       6      5        0.077164163662
        2      4       1      5       -0.076342716082
        7      4       5      6        0.071424572153
        3      4       3      4       -0.071282985174
        6      5       6      5       -0.068075967748
     --------------------------------------------------

  - Finished solving the CCSD multipliers equations

     Total wall time (sec):               0.02600
     Total cpu time (sec):                0.03091

   - Asymmetric Lanczos excited state solver
  ---------------------------------------------

  An asymmetric Lanczos solver builds a reduced space tridiagonal representation 
  of the CC Jacobian of dimension defined by the chain length. Diagonalization 
  of this representation gives the eigenvalues and eigenvectors.

  A complete description of the algorithm can be found in  S.Coriani et 
  al., J. Chem. Theory Comput. 2012, 8, 5, 1616-1628.

  - Settings for coupled cluster excited state solver (asymmetric lanczos):

     Chain length:     60
     Biorthonormalization procedure: asymmetric

     Restarting in the asymmetric Lanczos solver:
     Found restart with chain length 30

  - Summary of the asymmetric Lanczos solver for excited states

     Printing the 10 lowest excited states for each Cartesian component 
     of the electric dipole moment

     Component: X

     State.      energy [a.u]         energy [eV]         Osc. strength
     ----------------------------------------------------------------------
        1        0.309252456847       8.415187980908      0.000023058919
        2        0.417906799305      11.371823236263      0.075612791008
        3        0.467278345976      12.715291451151      0.445707698096
        4        0.843158957588      22.943523871137      0.081541264999
        5        1.001607712388      27.255134102387      0.264256653015
        6        1.346371696255      36.636639953189      0.338578339149
        7        1.500136237847      40.820786250647      0.546847044948
        8        1.755892783478      47.780276340965      0.241598096205
        9        2.112960916160      57.496595134810      0.085628481467
       10        2.676494074109      72.831113430825      0.143420860623
     ----------------------------------------------------------------------
     For full spectrum see file: eT.lanczos60_X

     Restarting in the asymmetric Lanczos solver:
     Found restart with chain length 30

     Component: Y

     State.      energy [a.u]         energy [eV]         Osc. strength
     ----------------------------------------------------------------------
        1        0.247463042668       6.733812379712      0.000002378684
        2        0.356085313036       9.689574909066      0.102552602107
        3        0.582543206845      15.851808074793      0.206886591787
        4        0.898422308632      24.447316249167      0.018924100836
        5        0.987336326413      26.866789909588      0.189354840997
        6        1.339548392205      36.450968392748      0.176066844333
        7        1.552689987526      42.250846619952      0.667074835008
        8        1.774141596059      48.276851824499      0.581803699768
        9        2.150394817025      58.515223461482      0.074054825954
       10        2.746149842648      74.726543437068      0.275413119176
     ----------------------------------------------------------------------
     For full spectrum see file: eT.lanczos60_Y

     Restarting in the asymmetric Lanczos solver:
     Found restart with chain length 30

     Component: Z

     State.      energy [a.u]         energy [eV]         Osc. strength
     ----------------------------------------------------------------------
        1        0.247194285132       6.726499114665      0.013245455118
        2        0.357389134764       9.725053705427      0.000009621565
        3        0.751708396743      20.455027358253      0.044534783500
        4        0.780586949654      21.240852809207      0.035975595627
        5        0.998049377901      27.158306889077      0.003231205733
        6        1.312389788513      35.711945143946      0.023910603169
        7        1.648346696404      44.853798250637      0.620365565678
        8        1.842864340855      50.146892961505      1.022822137057
        9        2.163686967550      58.876921300448      0.495311919815
       10        2.523098424632      68.657005199119      0.155863809281
     ----------------------------------------------------------------------
     For full spectrum see file: eT.lanczos60_Z

  - Finished solving the CCSD excited state equations.

     Total wall time (sec):              3.09900
     Total cpu time (sec):               3.60672

  - Timings for the CCSD excited state calculation

     Total wall time (sec):              3.40000
     Total cpu time (sec):               4.08404

  ------------------------------------------------------------

  Peak memory usage during the execution of eT: 14.691992 MB

  Total wall time in eT (sec):              3.45900
  Total cpu time in eT (sec):               4.15751

  Calculation ended: 2022-02-03 15:19:05 UTC +01:00

  - Implementation references:

     eT: https://doi.org/10.1063/5.0004713
     Cholesky decomposition of ERIs: https://doi.org/10.1063/1.5083802

  eT terminated successfully!
