


                     eT 1.8 - an electronic structure program

  ------------------------------------------------------------------------
   Author list in alphabetical order:
  ------------------------------------------------------------------------
   J. H. Andersen, A. Balbi, S. Coriani, S. D. Folkestad, T. Giovannini, 
   L. Goletto, T. S. Haugland, A. Hutcheson, I-M. Høyvik, E. F. Kjønstad, 
   H. Koch, R. Matveeva, T. Moitra, R. H. Myhre, A. C. Paul, S. Roet, 
   E. Ronca, M. Scavino, A. K. Schnack-Petersen, A. S. Skeidsvoll, Å. 
   H. Tveten
  ------------------------------------------------------------------------
   J. Chem. Phys. 152, 184103 (2020); https://doi.org/10.1063/5.0004713


   This is eT 1.8.0 Ibiza
  ------------------------------------------------------------
  Configuration date: 2022-06-30 08:43:06 UTC +02:00
  Git branch:         release-v1.8.0
  Git hash:           9204bbd8a5d9984444afd222ec28d0f1c1e17adf
  Fortran compiler:   GNU 9.4.0
  C compiler:         GNU 9.4.0
  C++ compiler:       GNU 9.4.0
  LAPACK type:        MKL
  BLAS type:          MKL
  64-bit integers:    ON
  OpenMP:             ON
  PCM:                OFF
  Forced batching:    OFF
  Runtime checks:     OFF
  ------------------------------------------------------------


  :: Input file
  ================

     Note: geometry section is excluded from this print

     system
        name: h2o he
        charge: 0
     end system

     do
        ground state
        excited state
     end do

     memory
        available: 8
     end memory

     solver cholesky
        threshold: 1.0d-12
     end solver cholesky

     solver scf
        algorithm:          scf-diis
        energy threshold:   1.0d-12
        gradient threshold: 1.0d-12
     end solver scf

     method
        hf
        mlcc2
     end method

     solver cc gs
        omega threshold:  1.0d-12
        energy threshold: 1.0d-12
     end solver cc gs

     solver cc es
        algorithm:          davidson
        singlet states:     4
        residual threshold: 1.0d-12
        energy threshold:   1.0d-12
        right eigenvectors
     end solver cc es

     active atoms
        selection type: list
        cc2: {3}
     end active atoms

     mlcc
        cc2 orbitals: cholesky
        cholesky threshold: 1.0d-1
     end mlcc


  Calculation start:2022-06-30 08:49:17 UTC +02:00

  Running on 2 OMP threads
  Memory available for calculation: 8.000000 GB


  :: RHF wavefunction
  ===================

     ==============================================================================
                                     Geometry (angstrom)
     ==============================================================================
        Atom           X                  Y                  Z         # in input
     ==============================================================================
        Basis: cc-pvdz
        1  O     0.000000000000    -0.075790000000     5.000000000000        3
        2  H     0.866810000000     0.601440000000     5.000000000000        1
        3  H    -0.866810000000     0.601440000000     5.000000000000        2
        4 He     0.100000000000    -0.020000000000     7.530000000000        4
     ==============================================================================

     ==============================================================================
                                     Geometry (a.u.)
     ==============================================================================
        Atom           X                  Y                  Z         # in input
     ==============================================================================
        Basis: cc-pvdz
        1  O     0.000000000000    -0.143222342981     9.448630622825        3
        2  H     1.638033502034     1.136556880358     9.448630622825        1
        3  H    -1.638033502034     1.136556880358     9.448630622825        2
        4 He     0.188972612457    -0.037794522491    14.229637717975        4
     ==============================================================================

  - Cholesky decomposition of AO overlap to get linearly independent AOs:

     Linear dependence threshold:             0.10E-05
     Number of atomic orbitals:               29
     Number of orthonormal atomic orbitals:   29

  - Molecular orbital details:

     Number of occupied orbitals:         6
     Number of virtual orbitals:         23
     Number of molecular orbitals:       29


  Generating initial SAD density
  ==============================


  Determining reference state
  ===========================

  - Setting initial AO density to sad

     Energy of initial guess:               -78.492022836315
     Number of electrons in guess:           12.000000000000

  - Screening and integral thresholds:

     Coulomb screening threshold:    0.1000E-17
     Exchange screening threshold:   0.1000E-15
     ERI cutoff:                     0.1000E-17
     One-electron integral  cutoff:  0.1000E-22
     Cumulative Fock threshold:      0.1000E+01

  - SCF solver settings:

     Maximum iterations:                   100
     Acceleration type:                   diis

  - Convergence thresholds

     Residual threshold:            0.1000E-11
     Energy threshold:              0.1000E-11

  - DIIS tool settings:

     DIIS dimension:   8

     Storage (solver scf_errors): memory
     Storage (solver scf_parameters): memory

  Iteration       Energy (a.u.)      Max(grad.)    Delta E (a.u.)
  ---------------------------------------------------------------
     1           -78.796606592587     0.9711E-01     0.7880E+02
     2           -78.828675852655     0.7077E-01     0.3207E-01
     3           -78.843487343819     0.6125E-02     0.1481E-01
     4           -78.843814479549     0.2753E-02     0.3271E-03
     5           -78.843850612079     0.3973E-03     0.3613E-04
     6           -78.843851670925     0.5220E-04     0.1059E-05
     7           -78.843851692779     0.6749E-05     0.2185E-07
     8           -78.843851693528     0.2204E-05     0.7487E-09
     9           -78.843851693630     0.3162E-06     0.1027E-09
    10           -78.843851693631     0.2573E-07     0.4547E-12
    11           -78.843851693631     0.5507E-08     0.2842E-13
    12           -78.843851693631     0.1348E-08     0.5684E-13
    13           -78.843851693631     0.6167E-09     0.5684E-13
    14           -78.843851693631     0.1382E-09     0.0000E+00
    15           -78.843851693631     0.2501E-10     0.1421E-13
    16           -78.843851693631     0.5166E-11     0.1421E-13
    17           -78.843851693631     0.1344E-11     0.5684E-13
    18           -78.843851693631     0.2366E-12     0.4263E-13
  ---------------------------------------------------------------
  Convergence criterion met in 18 iterations!

  - Summary of RHF wavefunction energetics (a.u.):

     HOMO-LUMO gap:                  0.645629080251
     Nuclear repulsion energy:      12.116100574587
     Electronic energy:            -90.959952268218
     Total energy:                 -78.843851693631


  :: MLCC2 wavefunction
  =====================

     Bath orbital(s):         False

   - Number of orbitals:

     Occupied orbitals:    6
     Virtual orbitals:     23
     Molecular orbitals:   29
     Atomic orbitals:      29


  Cholesky-decomposing electron repulsion integrals
  =================================================

  Cholesky decomposition of electronic repulsion integrals solver
  ---------------------------------------------------------------

  Performs a Cholesky decomposition of the two-electron electronic repulsion 
  integrals in the atomic orbital basis,

  (ab|cd) = sum_J L_ab^J L_cd^J.

  Once the Cholesky basis has been determined, the vectors L^J are constructed 
  and stored to disk. These may either be used directly, or be transformed 
  to the MO basis for use in post-HF calculations. For more information, 
  see S. D. Folkestad, E. F. Kjønstad and H. Koch, JCP, 150(19), (2019)

  - Cholesky decomposition settings:

     Target threshold is:   0.10E-11
     Span factor:           0.10E-01
     Max qual:                  1000

  - Cholesky decomposition ao details:

     Total number of AOs:                    29
     Total number of shell pairs:           120
     Total number of AO pairs:              435

     Significant shell pairs:               118
     Significant AO pairs:                  431

     Construct shell pairs:                 120
     Construct AO pairs:                    435

  Iter.  #Sign. ao pairs / shell pairs   Max diagonal    #Qualified    #Cholesky    Cholesky array size
  -------------------------------------------------------------------------------------------------------
     1               406 /     108       0.47383E+01         147             42             17052
     2               319 /      93       0.47165E-01         234            111             35409
     3               250 /      76       0.46944E-03         178            183             45750
     4               187 /      55       0.38270E-05         145            265             49555
     5                87 /      25       0.38106E-07          78            324             28188
     6                21 /       3       0.37202E-09          43            349              7329
     7                 0 /       0       0.36652E-11           7            354                 0
  -------------------------------------------------------------------------------------------------------

  - Summary of Cholesky decomposition of electronic repulsion integrals:

     Final number of Cholesky vectors: 354

 - Testing the Cholesky decomposition decomposition electronic repulsion integrals:

     Maximal difference between approximate and actual diagonal:              0.7161E-12
     Minimal element of difference between approximate and actual diagonal:  -0.1238E-14

  - Settings for integral handling:

     Cholesky vectors in memory: True
     ERI matrix in memory:       False

  - Finished decomposing the ERIs.

     Total wall time (sec):              0.18506
     Total cpu time (sec):               0.37471

     The smallest diagonal after decomposition is:  -0.1045E-15

     The smallest diagonal after decomposition is:  -0.6864E-13

  - MLCC2 orbital partitioning:

     Orbital type: cholesky

     Number occupied cc2 orbitals:    5
     Number virtual cc2 orbitals:    13

     Number occupied ccs orbitals:    1
     Number virtual ccs orbitals:    10


  Determining CC cluster amplitudes
  =================================

   - DIIS coupled cluster ground state solver
  ----------------------------------------------

  A DIIS CC ground state amplitude equations solver. It uses an extrapolation 
  of previous quasi-Newton perturbation theory estimates of the next amplitudes. 
  See Helgaker et al., Molecular Electronic Structure Theory, Chapter 
  13.

  - CC ground state solver settings:

  - Convergence thresholds

     Residual threshold:            0.1000E-11
     Energy threshold:              0.1000E-11
     Max number of iterations:      100

  - DIIS tool settings:

     DIIS dimension:   8

     Storage (cc_gs_diis_errors): file
     Storage (cc_gs_diis_parameters): file

  Iteration    Energy (a.u.)        |omega|       Delta E (a.u.)
  ---------------------------------------------------------------
    1           -78.991239569035     0.2815E-01     0.7899E+02
    2           -78.991934311171     0.1295E-01     0.6947E-03
    3           -78.992356001603     0.5943E-02     0.4217E-03
    4           -78.992614945282     0.1643E-02     0.2589E-03
    5           -78.992652952996     0.7528E-03     0.3801E-04
    6           -78.992655383665     0.4255E-03     0.2431E-05
    7           -78.992658054161     0.1110E-03     0.2670E-05
    8           -78.992658419625     0.4063E-04     0.3655E-06
    9           -78.992658348445     0.1137E-04     0.7118E-07
   10           -78.992658317935     0.2727E-05     0.3051E-07
   11           -78.992658320632     0.1418E-05     0.2697E-08
   12           -78.992658325639     0.9051E-06     0.5007E-08
   13           -78.992658327967     0.2578E-06     0.2328E-08
   14           -78.992658325824     0.9628E-07     0.2143E-08
   15           -78.992658323541     0.3812E-07     0.2283E-08
   16           -78.992658322422     0.1367E-07     0.1120E-08
   17           -78.992658322018     0.4768E-08     0.4037E-09
   18           -78.992658321920     0.1716E-08     0.9825E-10
   19           -78.992658321896     0.5490E-09     0.2345E-10
   20           -78.992658321885     0.1811E-09     0.1090E-10
   21           -78.992658321885     0.8976E-10     0.7105E-12
   22           -78.992658321885     0.5379E-10     0.8527E-13
   23           -78.992658321885     0.2207E-10     0.8527E-13
   24           -78.992658321885     0.7706E-11     0.1847E-12
   25           -78.992658321885     0.2784E-11     0.5684E-13
   26           -78.992658321885     0.1459E-11     0.1421E-13
   27           -78.992658321885     0.8197E-12     0.1421E-13
  ---------------------------------------------------------------
  Convergence criterion met in 27 iterations!

  - Ground state summary:

     Final ground state energy (a.u.):   -78.992658321885

     Correlation energy (a.u.):           -0.148806628254

     Largest single amplitudes:
     -----------------------------------
        a       i         t(a,i)
     -----------------------------------
       15      4       -0.016328878160
        5      3        0.014564153928
        6      4        0.012826074950
       17      3        0.012491270947
        3      3        0.009204805602
       14      3       -0.007937198480
        2      5        0.006832883845
       20      3       -0.003941989393
        1      2        0.003004112650
       15      2       -0.002970409243
     ------------------------------------

  - Finished solving the MLCC2 ground state equations

     Total wall time (sec):              0.07166
     Total cpu time (sec):               0.14152


  Determining CC excited state amplitudes
  =======================================

  Davidson eigenvalue equation solver
  -----------------------------------

  A Davidson solver that solves an eigenvalue equation: M x = omega x. 
  This equation is solved in a reduced space. A description of the algorithm 
  can be found in E. R. Davidson, J. Comput. Phys. 17, 87 (1975).

   - Davidson tool settings:

     Number of parameters:                 2283
     Number of requested solutions:           4
     Max reduced space dimension:           100

     Storage (cc_es_davidson_trials): file
     Storage (cc_es_davidson_transforms): file

  - Davidson solver settings

     Number of singlet states:               4
     Max number of iterations:             100

  Iteration:                  1
  Reduced space dimension:    4

  Root  Eigenvalue (Re)   Eigenvalue (Im)    |residual|   Delta E (Re)
  -------------------------------------------------------------------------
     1   0.757174123696    0.000000000000     0.3834E+00   0.7572E+00
     2   0.829230265260    0.000000000000     0.3993E+00   0.8292E+00
     3   0.906147519148    0.000000000000     0.9011E+00   0.9061E+00
     4   0.920941562165    0.000000000000     0.3902E+00   0.9209E+00
  -------------------------------------------------------------------------

  Iteration:                  2
  Reduced space dimension:    8

  Root  Eigenvalue (Re)   Eigenvalue (Im)    |residual|   Delta E (Re)
  -------------------------------------------------------------------------
     1   0.352168205783    0.000000000000     0.2578E+00   0.4050E+00
     2   0.620877014169    0.000000000000     0.3504E+00   0.2084E+00
     3   0.676428245071    0.000000000000     0.3469E+00   0.2297E+00
     4   0.787779902697    0.000000000000     0.2869E+00   0.1332E+00
  -------------------------------------------------------------------------

  Iteration:                  3
  Reduced space dimension:   12

  Root  Eigenvalue (Re)   Eigenvalue (Im)    |residual|   Delta E (Re)
  -------------------------------------------------------------------------
     1   0.316015553095    0.000000000000     0.8686E-01   0.3615E-01
     2   0.387015826410    0.000000000000     0.2531E+00   0.2339E+00
     3   0.480320140833    0.000000000000     0.2147E+00   0.1961E+00
     4   0.623356876907    0.000000000000     0.2360E+00   0.1644E+00
  -------------------------------------------------------------------------

  Iteration:                  4
  Reduced space dimension:   16

  Root  Eigenvalue (Re)   Eigenvalue (Im)    |residual|   Delta E (Re)
  -------------------------------------------------------------------------
     1   0.311683676279    0.000000000000     0.2063E-01   0.4332E-02
     2   0.365275233035    0.000000000000     0.3362E-01   0.2174E-01
     3   0.462148729299    0.000000000000     0.4186E-01   0.1817E-01
     4   0.595780844838    0.000000000000     0.8108E-01   0.2758E-01
  -------------------------------------------------------------------------

  Iteration:                  5
  Reduced space dimension:   20

  Root  Eigenvalue (Re)   Eigenvalue (Im)    |residual|   Delta E (Re)
  -------------------------------------------------------------------------
     1   0.311480318325    0.000000000000     0.5029E-02   0.2034E-03
     2   0.364829310285    0.000000000000     0.6525E-02   0.4459E-03
     3   0.461177722767    0.000000000000     0.1792E-01   0.9710E-03
     4   0.556826129610    0.000000000000     0.3671E+00   0.3895E-01
  -------------------------------------------------------------------------

  Iteration:                  6
  Reduced space dimension:   24

  Root  Eigenvalue (Re)   Eigenvalue (Im)    |residual|   Delta E (Re)
  -------------------------------------------------------------------------
     1   0.311437188937    0.000000000000     0.1349E-02   0.4313E-04
     2   0.364804402543    0.000000000000     0.2049E-02   0.2491E-04
     3   0.421348295857    0.000000000000     0.1695E+00   0.3983E-01
     4   0.460781613955    0.000000000000     0.1935E-01   0.9604E-01
  -------------------------------------------------------------------------

  Iteration:                  7
  Reduced space dimension:   28

  Root  Eigenvalue (Re)   Eigenvalue (Im)    |residual|   Delta E (Re)
  -------------------------------------------------------------------------
     1   0.311438068510    0.000000000000     0.3082E-03   0.8796E-06
     2   0.364806789952    0.000000000000     0.3166E-03   0.2387E-05
     3   0.407231258303    0.000000000000     0.5714E-01   0.1412E-01
     4   0.459814313053    0.000000000000     0.3805E-01   0.9673E-03
  -------------------------------------------------------------------------

  Iteration:                  8
  Reduced space dimension:   32

  Root  Eigenvalue (Re)   Eigenvalue (Im)    |residual|   Delta E (Re)
  -------------------------------------------------------------------------
     1   0.311439037348    0.000000000000     0.7464E-04   0.9688E-06
     2   0.364808558180    0.000000000000     0.1595E-03   0.1768E-05
     3   0.405936770076    0.000000000000     0.1466E-01   0.1294E-02
     4   0.457871747204    0.000000000000     0.2550E-01   0.1943E-02
  -------------------------------------------------------------------------

  Iteration:                  9
  Reduced space dimension:   36

  Root  Eigenvalue (Re)   Eigenvalue (Im)    |residual|   Delta E (Re)
  -------------------------------------------------------------------------
     1   0.311438807935    0.000000000000     0.2568E-04   0.2294E-06
     2   0.364807595816    0.000000000000     0.2420E-04   0.9624E-06
     3   0.405842907162    0.000000000000     0.5923E-02   0.9386E-04
     4   0.457398372232    0.000000000000     0.1085E-01   0.4734E-03
  -------------------------------------------------------------------------

  Iteration:                 10
  Reduced space dimension:   40

  Root  Eigenvalue (Re)   Eigenvalue (Im)    |residual|   Delta E (Re)
  -------------------------------------------------------------------------
     1   0.311438807858    0.000000000000     0.1023E-04   0.7738E-10
     2   0.364807616344    0.000000000000     0.4956E-05   0.2053E-07
     3   0.405826094751    0.000000000000     0.2320E-02   0.1681E-04
     4   0.457318265198    0.000000000000     0.4017E-02   0.8011E-04
  -------------------------------------------------------------------------

  Iteration:                 11
  Reduced space dimension:   44

  Root  Eigenvalue (Re)   Eigenvalue (Im)    |residual|   Delta E (Re)
  -------------------------------------------------------------------------
     1   0.311438821659    0.000000000000     0.1802E-05   0.1380E-07
     2   0.364807622030    0.000000000000     0.1560E-05   0.5687E-08
     3   0.405814830353    0.000000000000     0.5307E-03   0.1126E-04
     4   0.457313213511    0.000000000000     0.1404E-02   0.5052E-05
  -------------------------------------------------------------------------

  Iteration:                 12
  Reduced space dimension:   48

  Root  Eigenvalue (Re)   Eigenvalue (Im)    |residual|   Delta E (Re)
  -------------------------------------------------------------------------
     1   0.311438820213    0.000000000000     0.3480E-06   0.1446E-08
     2   0.364807619742    0.000000000000     0.4990E-06   0.2289E-08
     3   0.405815868248    0.000000000000     0.1263E-03   0.1038E-05
     4   0.457307439690    0.000000000000     0.4532E-03   0.5774E-05
  -------------------------------------------------------------------------

  Iteration:                 13
  Reduced space dimension:   52

  Root  Eigenvalue (Re)   Eigenvalue (Im)    |residual|   Delta E (Re)
  -------------------------------------------------------------------------
     1   0.311438820481    0.000000000000     0.8239E-07   0.2679E-09
     2   0.364807619828    0.000000000000     0.9339E-07   0.8665E-10
     3   0.405816096926    0.000000000000     0.4112E-04   0.2287E-06
     4   0.457308213344    0.000000000000     0.1021E-03   0.7737E-06
  -------------------------------------------------------------------------

  Iteration:                 14
  Reduced space dimension:   56

  Root  Eigenvalue (Re)   Eigenvalue (Im)    |residual|   Delta E (Re)
  -------------------------------------------------------------------------
     1   0.311438820468    0.000000000000     0.1734E-07   0.1251E-10
     2   0.364807620070    0.000000000000     0.1370E-07   0.2418E-09
     3   0.405815966925    0.000000000000     0.9787E-05   0.1300E-06
     4   0.457308315996    0.000000000000     0.1576E-04   0.1027E-06
  -------------------------------------------------------------------------

  Iteration:                 15
  Reduced space dimension:   60

  Root  Eigenvalue (Re)   Eigenvalue (Im)    |residual|   Delta E (Re)
  -------------------------------------------------------------------------
     1   0.311438820473    0.000000000000     0.2339E-08   0.4878E-11
     2   0.364807620014    0.000000000000     0.1520E-08   0.5649E-10
     3   0.405815977095    0.000000000000     0.1403E-05   0.1017E-07
     4   0.457308246732    0.000000000000     0.1858E-05   0.6926E-07
  -------------------------------------------------------------------------

  Iteration:                 16
  Reduced space dimension:   64

  Root  Eigenvalue (Re)   Eigenvalue (Im)    |residual|   Delta E (Re)
  -------------------------------------------------------------------------
     1   0.311438820474    0.000000000000     0.3957E-09   0.6174E-12
     2   0.364807620015    0.000000000000     0.2736E-09   0.1857E-11
     3   0.405815980561    0.000000000000     0.2471E-06   0.3466E-08
     4   0.457308245727    0.000000000000     0.3094E-06   0.1005E-08
  -------------------------------------------------------------------------

  Iteration:                 17
  Reduced space dimension:   68

  Root  Eigenvalue (Re)   Eigenvalue (Im)    |residual|   Delta E (Re)
  -------------------------------------------------------------------------
     1   0.311438820474    0.000000000000     0.5217E-10   0.1718E-12
     2   0.364807620016    0.000000000000     0.3423E-10   0.2016E-12
     3   0.405815979815    0.000000000000     0.3707E-07   0.7456E-09
     4   0.457308246845    0.000000000000     0.5879E-07   0.1117E-08
  -------------------------------------------------------------------------

  Iteration:                 18
  Reduced space dimension:   72

  Root  Eigenvalue (Re)   Eigenvalue (Im)    |residual|   Delta E (Re)
  -------------------------------------------------------------------------
     1   0.311438820474    0.000000000000     0.7416E-11   0.7605E-14
     2   0.364807620015    0.000000000000     0.5971E-11   0.1258E-12
     3   0.405815979826    0.000000000000     0.5466E-08   0.1060E-10
     4   0.457308246780    0.000000000000     0.6848E-08   0.6417E-10
  -------------------------------------------------------------------------

  Iteration:                 19
  Reduced space dimension:   76

  Root  Eigenvalue (Re)   Eigenvalue (Im)    |residual|   Delta E (Re)
  -------------------------------------------------------------------------
     1   0.311438820474    0.000000000000     0.9669E-12   0.2998E-14
     2   0.364807620016    0.000000000000     0.7369E-12   0.2670E-13
     3   0.405815979834    0.000000000000     0.7990E-09   0.8202E-11
     4   0.457308246770    0.000000000000     0.1084E-08   0.1075E-10
  -------------------------------------------------------------------------

  Iteration:                 20
  Reduced space dimension:   78

  Root  Eigenvalue (Re)   Eigenvalue (Im)    |residual|   Delta E (Re)
  -------------------------------------------------------------------------
     1   0.311438820474    0.000000000000     0.2379E-12   0.6106E-15
     2   0.364807620016    0.000000000000     0.1631E-12   0.4108E-14
     3   0.405815979832    0.000000000000     0.1289E-09   0.1636E-11
     4   0.457308246773    0.000000000000     0.1150E-09   0.3450E-11
  -------------------------------------------------------------------------

  Iteration:                 21
  Reduced space dimension:   80

  Root  Eigenvalue (Re)   Eigenvalue (Im)    |residual|   Delta E (Re)
  -------------------------------------------------------------------------
     1   0.311438820474    0.000000000000     0.2161E-12   0.3719E-14
     2   0.364807620016    0.000000000000     0.1120E-12   0.4219E-14
     3   0.405815979832    0.000000000000     0.1719E-10   0.8593E-13
     4   0.457308246773    0.000000000000     0.1787E-10   0.2126E-12
  -------------------------------------------------------------------------

  Iteration:                 22
  Reduced space dimension:   82

  Root  Eigenvalue (Re)   Eigenvalue (Im)    |residual|   Delta E (Re)
  -------------------------------------------------------------------------
     1   0.311438820474    0.000000000000     0.2143E-12   0.4552E-14
     2   0.364807620016    0.000000000000     0.1116E-12   0.8493E-14
     3   0.405815979832    0.000000000000     0.2004E-11   0.2548E-13
     4   0.457308246773    0.000000000000     0.2147E-11   0.4097E-13
  -------------------------------------------------------------------------

  Iteration:                 23
  Reduced space dimension:   84

  Root  Eigenvalue (Re)   Eigenvalue (Im)    |residual|   Delta E (Re)
  -------------------------------------------------------------------------
     1   0.311438820474    0.000000000000     0.2113E-12   0.8882E-15
     2   0.364807620016    0.000000000000     0.1111E-12   0.7216E-14
     3   0.405815979832    0.000000000000     0.3232E-12   0.1221E-14
     4   0.457308246773    0.000000000000     0.2602E-12   0.1277E-13
  -------------------------------------------------------------------------
  Convergence criterion met in 23 iterations!

  - Excitation vector amplitudes:

     Electronic state nr. 1

     Energy (Hartree):                  0.311438820474
     Fraction singles (|R1|/|R|):       0.998500898646

     MLCC diagnostics:

     |R1^internal|/|R| =       0.556319394931
     |R1^internal|/|R1| =      0.557154626186

     Largest single amplitudes:
     -----------------------------------
        a       i         R(a,i)
     -----------------------------------
       15      5        0.812868167351
        6      5       -0.516170330335
        4      5       -0.180237956223
       16      5        0.162234469704
       12      5        0.065368798023
        1      5       -0.054735307894
        7      5       -0.043283525687
        8      5       -0.024658717929
        2      5       -0.019694008118
       11      5        0.014132968046
     ------------------------------------

     Electronic state nr. 2

     Energy (Hartree):                  0.364807620016
     Fraction singles (|R1|/|R|):       0.997950547483

     MLCC diagnostics:

     |R1^internal|/|R| =       0.660097599964
     |R1^internal|/|R1| =      0.661453216925

     Largest single amplitudes:
     -----------------------------------
        a       i         R(a,i)
     -----------------------------------
       17      5       -0.547208412300
        3      5       -0.523393275766
       14      5        0.503802434509
        5      5       -0.400124089716
       20      5        0.081570718826
       13      5       -0.039917247008
       14      6       -0.008440416703
        3      6        0.006838474397
       17      6        0.006543512101
        2      5       -0.006371125442
     ------------------------------------

     Electronic state nr. 3

     Energy (Hartree):                  0.405815979832
     Fraction singles (|R1|/|R|):       0.998318120755

     MLCC diagnostics:

     |R1^internal|/|R| =       0.561879932187
     |R1^internal|/|R1| =      0.562826538461

     Largest single amplitudes:
     -----------------------------------
        a       i         R(a,i)
     -----------------------------------
       15      4       -0.798832610849
        6      4        0.499364807378
        4      4        0.197740154271
       16      4       -0.148449375703
       17      3       -0.117055922694
        3      3       -0.099743539335
        5      3       -0.091722996917
       14      3        0.077135260119
       12      4       -0.052835634105
        2      5        0.045798272361
     ------------------------------------

     Electronic state nr. 4

     Energy (Hartree):                  0.457308246773
     Fraction singles (|R1|/|R|):       0.998200691097

     MLCC diagnostics:

     |R1^internal|/|R| =       0.627728553611
     |R1^internal|/|R1| =      0.628860067128

     Largest single amplitudes:
     -----------------------------------
        a       i         R(a,i)
     -----------------------------------
       14      4        0.524937949090
       17      4       -0.496334167672
        3      4       -0.476062084509
        5      4       -0.355598561799
       15      3       -0.259240725971
        6      3        0.180075291595
       16      3       -0.083997747618
       20      4        0.075844096163
        4      3        0.065668145124
       13      4       -0.047168737712
     ------------------------------------

  - MLCC2 excitation energies:

                                      Excitation energy
                          ------------------------------------------
      State                (Hartree)             (eV)
     ---------------------------------------------------------------
        1                  0.311438820474        8.474681965526
        2                  0.364807620016        9.926920971280
        3                  0.405815979832       11.042815280305
        4                  0.457308246773       12.443991233065
     ---------------------------------------------------------------
     eV/Hartree (CODATA 2014): 27.21138602

  Peak memory usage during the execution of eT: 10.699752 MB

  Total wall time in eT (sec):              1.01239
  Total cpu time in eT (sec):               1.99177

  Calculation end:2022-06-30 08:49:18 UTC +02:00

  - Implementation references:

     eT: https://doi.org/10.1063/5.0004713
     MLCC2 and MLCCSD: https://doi.org/10.1021/acs.jctc.9b00701
     Cholesky decomposition of ERIs: https://doi.org/10.1063/1.5083802

  eT terminated successfully!
